--------------------------------------------------------------------------------
Release 12.4 Trace  (nt64)
Copyright (c) 1995-2010 Xilinx, Inc.  All rights reserved.

C:\Xilinx\12.4\ISE_DS\ISE\bin\nt64\unwrapped\trce.exe -intstyle ise -v 3 -s 4
-n 3 -fastpaths -xml RightShifterLog.twx RightShifterLog.ncd -o
RightShifterLog.twr RightShifterLog.pcf

Design file:              RightShifterLog.ncd
Physical constraint file: RightShifterLog.pcf
Device,package,speed:     xc3s400,pq208,-4 (PRODUCTION 1.39 2010-11-18)
Report level:             verbose report

Environment Variable      Effect 
--------------------      ------ 
NONE                      No environment variables were set
--------------------------------------------------------------------------------

INFO:Timing:2698 - No timing constraints found, doing default enumeration.
INFO:Timing:2752 - To get complete path coverage, use the unconstrained paths 
   option. All paths that are not constrained will be reported in the 
   unconstrained paths section(s) of the report.
INFO:Timing:3339 - The clock-to-out numbers in this timing report are based on 
   a 50 Ohm transmission line loading model.  For the details of this model, 
   and for more information on accounting for different loading conditions, 
   please see the device datasheet.
INFO:Timing:3390 - This architecture does not support a default System Jitter 
   value, please add SYSTEM_JITTER constraint to the UCF to modify the Clock 
   Uncertainty calculation.
INFO:Timing:3389 - This architecture does not support 'Discrete Jitter' and 
   'Phase Error' calculations, these terms will be zero in the Clock 
   Uncertainty calculation.  Please make appropriate modification to 
   SYSTEM_JITTER to account for the unsupported Discrete Jitter and Phase 
   Error.



Data Sheet report:
-----------------
All values displayed in nanoseconds (ns)

Pad to Pad
---------------+---------------+---------+
Source Pad     |Destination Pad|  Delay  |
---------------+---------------+---------+
in<0>          |out<0>         |   14.161|
in<1>          |out<0>         |   14.357|
in<1>          |out<1>         |   14.932|
in<2>          |out<0>         |   13.984|
in<2>          |out<1>         |   15.138|
in<2>          |out<2>         |   13.133|
in<3>          |out<0>         |   14.268|
in<3>          |out<1>         |   15.972|
in<3>          |out<2>         |   13.508|
in<3>          |out<3>         |   16.027|
in<4>          |out<0>         |   15.046|
in<4>          |out<1>         |   15.576|
in<4>          |out<2>         |   13.939|
in<4>          |out<3>         |   15.631|
in<4>          |out<4>         |   14.930|
in<5>          |out<0>         |   14.899|
in<5>          |out<1>         |   16.346|
in<5>          |out<2>         |   13.114|
in<5>          |out<3>         |   15.854|
in<5>          |out<4>         |   14.783|
in<5>          |out<5>         |   15.343|
in<6>          |out<0>         |   14.983|
in<6>          |out<1>         |   15.675|
in<6>          |out<2>         |   14.730|
in<6>          |out<3>         |   15.183|
in<6>          |out<4>         |   14.867|
in<6>          |out<5>         |   14.672|
in<6>          |out<6>         |   14.968|
in<7>          |out<0>         |   14.806|
in<7>          |out<1>         |   15.727|
in<7>          |out<2>         |   14.553|
in<7>          |out<3>         |   15.244|
in<7>          |out<4>         |   14.690|
in<7>          |out<5>         |   14.724|
in<7>          |out<6>         |   14.791|
in<7>          |out<7>         |   16.006|
in<8>          |out<0>         |   16.328|
in<8>          |out<1>         |   15.783|
in<8>          |out<2>         |   14.821|
in<8>          |out<3>         |   15.300|
in<8>          |out<4>         |   16.231|
in<8>          |out<5>         |   14.780|
in<8>          |out<6>         |   14.980|
in<8>          |out<7>         |   16.062|
in<8>          |out<8>         |   15.430|
in<9>          |out<0>         |   15.399|
in<9>          |out<1>         |   15.429|
in<9>          |out<2>         |   13.892|
in<9>          |out<3>         |   15.101|
in<9>          |out<4>         |   15.302|
in<9>          |out<5>         |   15.429|
in<9>          |out<6>         |   14.051|
in<9>          |out<7>         |   15.630|
in<9>          |out<8>         |   14.501|
in<9>          |out<9>         |   15.316|
in<10>         |out<0>         |   14.839|
in<10>         |out<1>         |   15.228|
in<10>         |out<2>         |   14.795|
in<10>         |out<3>         |   14.900|
in<10>         |out<4>         |   14.742|
in<10>         |out<5>         |   15.228|
in<10>         |out<6>         |   13.631|
in<10>         |out<7>         |   15.429|
in<10>         |out<8>         |   13.941|
in<10>         |out<9>         |   15.115|
in<10>         |out<10>        |   15.282|
in<11>         |out<0>         |   15.124|
in<11>         |out<1>         |   15.302|
in<11>         |out<2>         |   15.080|
in<11>         |out<3>         |   16.263|
in<11>         |out<4>         |   15.027|
in<11>         |out<5>         |   15.302|
in<11>         |out<6>         |   13.916|
in<11>         |out<7>         |   17.216|
in<11>         |out<8>         |   14.226|
in<11>         |out<9>         |   15.189|
in<11>         |out<10>        |   15.567|
in<11>         |out<11>        |   16.497|
in<12>         |out<0>         |   15.800|
in<12>         |out<1>         |   15.339|
in<12>         |out<2>         |   15.014|
in<12>         |out<3>         |   16.300|
in<12>         |out<4>         |   17.103|
in<12>         |out<5>         |   15.339|
in<12>         |out<6>         |   14.239|
in<12>         |out<7>         |   17.253|
in<12>         |out<8>         |   15.099|
in<12>         |out<9>         |   15.226|
in<12>         |out<10>        |   15.501|
in<12>         |out<11>        |   16.534|
in<12>         |out<12>        |   17.759|
in<13>         |out<0>         |   16.340|
in<13>         |out<1>         |   16.176|
in<13>         |out<2>         |   15.554|
in<13>         |out<3>         |   15.867|
in<13>         |out<4>         |   17.643|
in<13>         |out<5>         |   16.355|
in<13>         |out<6>         |   14.779|
in<13>         |out<7>         |   16.820|
in<13>         |out<8>         |   15.639|
in<13>         |out<9>         |   16.063|
in<13>         |out<10>        |   16.041|
in<13>         |out<11>        |   16.101|
in<13>         |out<12>        |   18.299|
in<13>         |out<13>        |   16.507|
in<14>         |out<0>         |   15.751|
in<14>         |out<1>         |   15.945|
in<14>         |out<2>         |   15.880|
in<14>         |out<3>         |   15.636|
in<14>         |out<4>         |   17.054|
in<14>         |out<5>         |   16.124|
in<14>         |out<6>         |   15.804|
in<14>         |out<7>         |   16.589|
in<14>         |out<8>         |   15.050|
in<14>         |out<9>         |   15.832|
in<14>         |out<10>        |   16.367|
in<14>         |out<11>        |   15.870|
in<14>         |out<12>        |   17.710|
in<14>         |out<13>        |   16.276|
in<14>         |out<14>        |   17.585|
in<15>         |out<0>         |   16.024|
in<15>         |out<1>         |   16.613|
in<15>         |out<2>         |   16.153|
in<15>         |out<3>         |   16.833|
in<15>         |out<4>         |   17.327|
in<15>         |out<5>         |   16.792|
in<15>         |out<6>         |   16.077|
in<15>         |out<7>         |   17.316|
in<15>         |out<8>         |   15.323|
in<15>         |out<9>         |   16.500|
in<15>         |out<10>        |   16.640|
in<15>         |out<11>        |   16.707|
in<15>         |out<12>        |   17.983|
in<15>         |out<13>        |   16.944|
in<15>         |out<14>        |   17.858|
in<15>         |out<15>        |   17.984|
in<16>         |out<0>         |   15.585|
in<16>         |out<1>         |   16.004|
in<16>         |out<2>         |   15.806|
in<16>         |out<3>         |   16.224|
in<16>         |out<4>         |   16.746|
in<16>         |out<5>         |   16.183|
in<16>         |out<6>         |   15.730|
in<16>         |out<7>         |   16.707|
in<16>         |out<8>         |   15.622|
in<16>         |out<9>         |   15.891|
in<16>         |out<10>        |   16.293|
in<16>         |out<11>        |   16.098|
in<16>         |out<12>        |   17.402|
in<16>         |out<13>        |   16.335|
in<16>         |out<14>        |   17.511|
in<16>         |out<15>        |   17.375|
in<16>         |out<16>        |   14.757|
in<17>         |out<0>         |   15.065|
in<17>         |out<1>         |   15.876|
in<17>         |out<2>         |   15.286|
in<17>         |out<3>         |   15.636|
in<17>         |out<4>         |   16.226|
in<17>         |out<5>         |   16.114|
in<17>         |out<6>         |   15.210|
in<17>         |out<7>         |   16.119|
in<17>         |out<8>         |   15.102|
in<17>         |out<9>         |   16.101|
in<17>         |out<10>        |   15.773|
in<17>         |out<11>        |   15.510|
in<17>         |out<12>        |   16.882|
in<17>         |out<13>        |   16.266|
in<17>         |out<14>        |   16.991|
in<17>         |out<15>        |   16.787|
in<17>         |out<16>        |   14.237|
in<17>         |out<17>        |   13.548|
in<18>         |out<0>         |   15.388|
in<18>         |out<1>         |   16.414|
in<18>         |out<2>         |   17.512|
in<18>         |out<3>         |   16.174|
in<18>         |out<4>         |   16.549|
in<18>         |out<5>         |   16.652|
in<18>         |out<6>         |   15.750|
in<18>         |out<7>         |   16.657|
in<18>         |out<8>         |   15.425|
in<18>         |out<9>         |   16.639|
in<18>         |out<10>        |   15.858|
in<18>         |out<11>        |   16.048|
in<18>         |out<12>        |   17.205|
in<18>         |out<13>        |   16.804|
in<18>         |out<14>        |   17.531|
in<18>         |out<15>        |   17.325|
in<18>         |out<16>        |   14.560|
in<18>         |out<17>        |   14.086|
in<18>         |out<18>        |   16.006|
in<19>         |out<0>         |   15.586|
in<19>         |out<1>         |   16.771|
in<19>         |out<2>         |   17.710|
in<19>         |out<3>         |   17.182|
in<19>         |out<4>         |   16.747|
in<19>         |out<5>         |   17.009|
in<19>         |out<6>         |   15.948|
in<19>         |out<7>         |   16.472|
in<19>         |out<8>         |   15.623|
in<19>         |out<9>         |   16.996|
in<19>         |out<10>        |   16.056|
in<19>         |out<11>        |   15.913|
in<19>         |out<12>        |   17.403|
in<19>         |out<13>        |   17.161|
in<19>         |out<14>        |   17.729|
in<19>         |out<15>        |   17.140|
in<19>         |out<16>        |   14.758|
in<19>         |out<17>        |   14.443|
in<19>         |out<18>        |   16.204|
in<19>         |out<19>        |   14.271|
in<20>         |out<0>         |   15.047|
in<20>         |out<1>         |   17.333|
in<20>         |out<2>         |   17.241|
in<20>         |out<3>         |   17.744|
in<20>         |out<4>         |   17.622|
in<20>         |out<5>         |   17.571|
in<20>         |out<6>         |   15.479|
in<20>         |out<7>         |   17.034|
in<20>         |out<8>         |   15.494|
in<20>         |out<9>         |   17.558|
in<20>         |out<10>        |   15.587|
in<20>         |out<11>        |   16.475|
in<20>         |out<12>        |   16.175|
in<20>         |out<13>        |   17.723|
in<20>         |out<14>        |   17.260|
in<20>         |out<15>        |   17.702|
in<20>         |out<16>        |   14.219|
in<20>         |out<17>        |   15.005|
in<20>         |out<18>        |   15.735|
in<20>         |out<19>        |   14.833|
in<20>         |out<20>        |   15.521|
in<21>         |out<0>         |   15.016|
in<21>         |out<1>         |   16.840|
in<21>         |out<2>         |   17.210|
in<21>         |out<3>         |   16.901|
in<21>         |out<4>         |   17.591|
in<21>         |out<5>         |   15.964|
in<21>         |out<6>         |   15.448|
in<21>         |out<7>         |   16.191|
in<21>         |out<8>         |   15.463|
in<21>         |out<9>         |   17.065|
in<21>         |out<10>        |   15.556|
in<21>         |out<11>        |   15.632|
in<21>         |out<12>        |   16.144|
in<21>         |out<13>        |   16.062|
in<21>         |out<14>        |   17.229|
in<21>         |out<15>        |   16.859|
in<21>         |out<16>        |   14.188|
in<21>         |out<17>        |   14.512|
in<21>         |out<18>        |   15.704|
in<21>         |out<19>        |   13.990|
in<21>         |out<20>        |   15.490|
in<21>         |out<21>        |   15.782|
in<22>         |out<0>         |   14.779|
in<22>         |out<1>         |   16.355|
in<22>         |out<2>         |   17.560|
in<22>         |out<3>         |   16.416|
in<22>         |out<4>         |   17.354|
in<22>         |out<5>         |   15.479|
in<22>         |out<6>         |   15.963|
in<22>         |out<7>         |   15.706|
in<22>         |out<8>         |   15.226|
in<22>         |out<9>         |   16.580|
in<22>         |out<10>        |   15.889|
in<22>         |out<11>        |   15.147|
in<22>         |out<12>        |   15.907|
in<22>         |out<13>        |   15.577|
in<22>         |out<14>        |   16.484|
in<22>         |out<15>        |   16.374|
in<22>         |out<16>        |   13.951|
in<22>         |out<17>        |   14.027|
in<22>         |out<18>        |   16.054|
in<22>         |out<19>        |   13.505|
in<22>         |out<20>        |   15.253|
in<22>         |out<21>        |   15.297|
in<22>         |out<22>        |   15.600|
in<23>         |out<0>         |   14.714|
in<23>         |out<1>         |   16.531|
in<23>         |out<2>         |   17.495|
in<23>         |out<3>         |   16.746|
in<23>         |out<4>         |   17.289|
in<23>         |out<5>         |   15.655|
in<23>         |out<6>         |   15.898|
in<23>         |out<7>         |   16.579|
in<23>         |out<8>         |   15.161|
in<23>         |out<9>         |   16.756|
in<23>         |out<10>        |   15.824|
in<23>         |out<11>        |   15.751|
in<23>         |out<12>        |   15.842|
in<23>         |out<13>        |   15.753|
in<23>         |out<14>        |   16.419|
in<23>         |out<15>        |   15.183|
in<23>         |out<16>        |   13.886|
in<23>         |out<17>        |   14.203|
in<23>         |out<18>        |   15.989|
in<23>         |out<19>        |   13.835|
in<23>         |out<20>        |   15.188|
in<23>         |out<21>        |   15.473|
in<23>         |out<22>        |   15.535|
in<23>         |out<23>        |   15.281|
in<24>         |out<0>         |   14.674|
in<24>         |out<1>         |   17.203|
in<24>         |out<2>         |   16.332|
in<24>         |out<3>         |   17.418|
in<24>         |out<4>         |   15.892|
in<24>         |out<5>         |   16.327|
in<24>         |out<6>         |   14.735|
in<24>         |out<7>         |   17.251|
in<24>         |out<8>         |   16.342|
in<24>         |out<9>         |   17.428|
in<24>         |out<10>        |   14.661|
in<24>         |out<11>        |   16.423|
in<24>         |out<12>        |   14.994|
in<24>         |out<13>        |   16.425|
in<24>         |out<14>        |   15.256|
in<24>         |out<15>        |   15.855|
in<24>         |out<16>        |   14.267|
in<24>         |out<17>        |   14.875|
in<24>         |out<18>        |   14.826|
in<24>         |out<19>        |   14.507|
in<24>         |out<20>        |   13.791|
in<24>         |out<21>        |   16.145|
in<24>         |out<22>        |   14.372|
in<24>         |out<23>        |   15.953|
in<24>         |out<24>        |   15.183|
in<25>         |out<0>         |   13.491|
in<25>         |out<1>         |   14.697|
in<25>         |out<2>         |   15.149|
in<25>         |out<3>         |   15.921|
in<25>         |out<4>         |   14.709|
in<25>         |out<5>         |   13.735|
in<25>         |out<6>         |   13.552|
in<25>         |out<7>         |   15.754|
in<25>         |out<8>         |   15.159|
in<25>         |out<9>         |   14.401|
in<25>         |out<10>        |   13.478|
in<25>         |out<11>        |   14.926|
in<25>         |out<12>        |   13.811|
in<25>         |out<13>        |   14.781|
in<25>         |out<14>        |   14.073|
in<25>         |out<15>        |   14.358|
in<25>         |out<16>        |   13.084|
in<25>         |out<17>        |   12.639|
in<25>         |out<18>        |   13.643|
in<25>         |out<19>        |   13.010|
in<25>         |out<20>        |   12.608|
in<25>         |out<21>        |   13.553|
in<25>         |out<22>        |   13.189|
in<25>         |out<23>        |   14.456|
in<25>         |out<24>        |   14.000|
in<25>         |out<25>        |   13.399|
in<26>         |out<0>         |   14.238|
in<26>         |out<1>         |   14.917|
in<26>         |out<2>         |   15.173|
in<26>         |out<3>         |   16.141|
in<26>         |out<4>         |   15.365|
in<26>         |out<5>         |   13.955|
in<26>         |out<6>         |   13.702|
in<26>         |out<7>         |   15.974|
in<26>         |out<8>         |   15.906|
in<26>         |out<9>         |   14.621|
in<26>         |out<10>        |   15.029|
in<26>         |out<11>        |   15.146|
in<26>         |out<12>        |   14.558|
in<26>         |out<13>        |   15.001|
in<26>         |out<14>        |   14.138|
in<26>         |out<15>        |   14.578|
in<26>         |out<16>        |   13.831|
in<26>         |out<17>        |   12.859|
in<26>         |out<18>        |   14.459|
in<26>         |out<19>        |   13.230|
in<26>         |out<20>        |   13.264|
in<26>         |out<21>        |   13.773|
in<26>         |out<22>        |   13.339|
in<26>         |out<23>        |   14.676|
in<26>         |out<24>        |   14.747|
in<26>         |out<25>        |   13.619|
in<26>         |out<26>        |   13.307|
in<27>         |out<0>         |   14.336|
in<27>         |out<1>         |   14.096|
in<27>         |out<2>         |   15.271|
in<27>         |out<3>         |   13.730|
in<27>         |out<4>         |   15.463|
in<27>         |out<5>         |   13.882|
in<27>         |out<6>         |   13.800|
in<27>         |out<7>         |   16.322|
in<27>         |out<8>         |   16.004|
in<27>         |out<9>         |   13.800|
in<27>         |out<10>        |   15.127|
in<27>         |out<11>        |   13.207|
in<27>         |out<12>        |   14.656|
in<27>         |out<13>        |   14.180|
in<27>         |out<14>        |   14.236|
in<27>         |out<15>        |   15.046|
in<27>         |out<16>        |   13.929|
in<27>         |out<17>        |   12.038|
in<27>         |out<18>        |   14.557|
in<27>         |out<19>        |   11.891|
in<27>         |out<20>        |   13.362|
in<27>         |out<21>        |   13.700|
in<27>         |out<22>        |   13.437|
in<27>         |out<23>        |   15.024|
in<27>         |out<24>        |   14.845|
in<27>         |out<25>        |   12.798|
in<27>         |out<26>        |   13.405|
in<27>         |out<27>        |   12.960|
in<28>         |out<0>         |   13.083|
in<28>         |out<1>         |   14.390|
in<28>         |out<2>         |   15.125|
in<28>         |out<3>         |   14.024|
in<28>         |out<4>         |   15.517|
in<28>         |out<5>         |   14.176|
in<28>         |out<6>         |   13.293|
in<28>         |out<7>         |   16.616|
in<28>         |out<8>         |   14.902|
in<28>         |out<9>         |   14.094|
in<28>         |out<10>        |   14.981|
in<28>         |out<11>        |   13.501|
in<28>         |out<12>        |   13.519|
in<28>         |out<13>        |   14.474|
in<28>         |out<14>        |   14.090|
in<28>         |out<15>        |   15.340|
in<28>         |out<16>        |   12.676|
in<28>         |out<17>        |   12.332|
in<28>         |out<18>        |   14.411|
in<28>         |out<19>        |   12.185|
in<28>         |out<20>        |   13.416|
in<28>         |out<21>        |   13.994|
in<28>         |out<22>        |   12.930|
in<28>         |out<23>        |   15.318|
in<28>         |out<24>        |   13.743|
in<28>         |out<25>        |   13.092|
in<28>         |out<26>        |   13.259|
in<28>         |out<27>        |   13.254|
in<28>         |out<28>        |   12.925|
in<29>         |out<0>         |   12.955|
in<29>         |out<1>         |   14.387|
in<29>         |out<2>         |   14.997|
in<29>         |out<3>         |   12.741|
in<29>         |out<4>         |   15.389|
in<29>         |out<5>         |   14.260|
in<29>         |out<6>         |   13.165|
in<29>         |out<7>         |   16.417|
in<29>         |out<8>         |   14.774|
in<29>         |out<9>         |   14.372|
in<29>         |out<10>        |   14.853|
in<29>         |out<11>        |   12.218|
in<29>         |out<12>        |   13.391|
in<29>         |out<13>        |   14.898|
in<29>         |out<14>        |   13.962|
in<29>         |out<15>        |   15.141|
in<29>         |out<16>        |   12.548|
in<29>         |out<17>        |   12.329|
in<29>         |out<18>        |   14.283|
in<29>         |out<19>        |   10.902|
in<29>         |out<20>        |   13.288|
in<29>         |out<21>        |   14.078|
in<29>         |out<22>        |   12.802|
in<29>         |out<23>        |   15.119|
in<29>         |out<24>        |   13.615|
in<29>         |out<25>        |   13.089|
in<29>         |out<26>        |   13.131|
in<29>         |out<27>        |   11.971|
in<29>         |out<28>        |   12.797|
in<29>         |out<29>        |   12.206|
in<30>         |out<0>         |   13.564|
in<30>         |out<1>         |   14.463|
in<30>         |out<2>         |   15.372|
in<30>         |out<3>         |   13.969|
in<30>         |out<4>         |   15.998|
in<30>         |out<5>         |   14.336|
in<30>         |out<6>         |   14.311|
in<30>         |out<7>         |   16.493|
in<30>         |out<8>         |   15.383|
in<30>         |out<9>         |   14.448|
in<30>         |out<10>        |   15.228|
in<30>         |out<11>        |   13.446|
in<30>         |out<12>        |   14.000|
in<30>         |out<13>        |   14.974|
in<30>         |out<14>        |   14.542|
in<30>         |out<15>        |   15.217|
in<30>         |out<16>        |   13.157|
in<30>         |out<17>        |   12.405|
in<30>         |out<18>        |   14.658|
in<30>         |out<19>        |   12.130|
in<30>         |out<20>        |   13.897|
in<30>         |out<21>        |   14.154|
in<30>         |out<22>        |   13.948|
in<30>         |out<23>        |   15.195|
in<30>         |out<24>        |   14.224|
in<30>         |out<25>        |   13.165|
in<30>         |out<26>        |   13.506|
in<30>         |out<27>        |   13.199|
in<30>         |out<28>        |   13.406|
in<30>         |out<29>        |   12.282|
in<30>         |out<30>        |   12.145|
in<31>         |out<0>         |   12.700|
in<31>         |out<1>         |   13.901|
in<31>         |out<2>         |   14.774|
in<31>         |out<3>         |   13.084|
in<31>         |out<4>         |   15.134|
in<31>         |out<5>         |   13.774|
in<31>         |out<6>         |   13.713|
in<31>         |out<7>         |   13.850|
in<31>         |out<8>         |   14.519|
in<31>         |out<9>         |   13.886|
in<31>         |out<10>        |   14.630|
in<31>         |out<11>        |   12.561|
in<31>         |out<12>        |   13.136|
in<31>         |out<13>        |   14.412|
in<31>         |out<14>        |   13.944|
in<31>         |out<15>        |   13.434|
in<31>         |out<16>        |   12.293|
in<31>         |out<17>        |   11.843|
in<31>         |out<18>        |   14.060|
in<31>         |out<19>        |   11.245|
in<31>         |out<20>        |   13.033|
in<31>         |out<21>        |   13.592|
in<31>         |out<22>        |   13.350|
in<31>         |out<23>        |   12.780|
in<31>         |out<24>        |   13.360|
in<31>         |out<25>        |   12.603|
in<31>         |out<26>        |   12.908|
in<31>         |out<27>        |   12.314|
in<31>         |out<28>        |   12.542|
in<31>         |out<29>        |   11.720|
in<31>         |out<30>        |   11.547|
in<31>         |out<31>        |   11.735|
sha<0>         |out<0>         |   18.235|
sha<0>         |out<1>         |   19.116|
sha<0>         |out<2>         |   19.589|
sha<0>         |out<3>         |   19.222|
sha<0>         |out<4>         |   19.383|
sha<0>         |out<5>         |   19.049|
sha<0>         |out<6>         |   18.019|
sha<0>         |out<7>         |   20.153|
sha<0>         |out<8>         |   19.242|
sha<0>         |out<9>         |   19.036|
sha<0>         |out<10>        |   18.498|
sha<0>         |out<11>        |   18.571|
sha<0>         |out<12>        |   19.796|
sha<0>         |out<13>        |   19.201|
sha<0>         |out<14>        |   19.232|
sha<0>         |out<15>        |   19.380|
sha<0>         |out<16>        |   17.167|
sha<0>         |out<17>        |   16.483|
sha<0>         |out<18>        |   18.083|
sha<0>         |out<19>        |   16.311|
sha<0>         |out<20>        |   17.282|
sha<0>         |out<21>        |   17.814|
sha<0>         |out<22>        |   17.629|
sha<0>         |out<23>        |   18.855|
sha<0>         |out<24>        |   18.083|
sha<0>         |out<25>        |   16.825|
sha<0>         |out<26>        |   16.776|
sha<0>         |out<27>        |   16.644|
sha<0>         |out<28>        |   16.442|
sha<0>         |out<29>        |   15.942|
sha<0>         |out<30>        |   15.382|
sha<0>         |out<31>        |   15.241|
sha<1>         |out<0>         |   15.630|
sha<1>         |out<1>         |   16.794|
sha<1>         |out<2>         |   16.628|
sha<1>         |out<3>         |   16.198|
sha<1>         |out<4>         |   16.656|
sha<1>         |out<5>         |   15.251|
sha<1>         |out<6>         |   15.333|
sha<1>         |out<7>         |   16.036|
sha<1>         |out<8>         |   16.041|
sha<1>         |out<9>         |   16.213|
sha<1>         |out<10>        |   16.250|
sha<1>         |out<11>        |   15.186|
sha<1>         |out<12>        |   17.237|
sha<1>         |out<13>        |   15.889|
sha<1>         |out<14>        |   15.996|
sha<1>         |out<15>        |   16.156|
sha<1>         |out<16>        |   13.916|
sha<1>         |out<17>        |   13.660|
sha<1>         |out<18>        |   15.680|
sha<1>         |out<19>        |   13.287|
sha<1>         |out<20>        |   14.555|
sha<1>         |out<21>        |   15.069|
sha<1>         |out<22>        |   14.970|
sha<1>         |out<23>        |   14.738|
sha<1>         |out<24>        |   14.882|
sha<1>         |out<25>        |   14.080|
sha<1>         |out<26>        |   14.528|
sha<1>         |out<27>        |   13.783|
sha<1>         |out<28>        |   14.064|
sha<1>         |out<29>        |   13.197|
sha<1>         |out<30>        |   13.167|
sha<1>         |out<31>        |   13.311|
sha<2>         |out<0>         |   13.675|
sha<2>         |out<1>         |   14.962|
sha<2>         |out<2>         |   15.297|
sha<2>         |out<3>         |   15.568|
sha<2>         |out<4>         |   14.970|
sha<2>         |out<5>         |   15.267|
sha<2>         |out<6>         |   13.631|
sha<2>         |out<7>         |   14.583|
sha<2>         |out<8>         |   14.959|
sha<2>         |out<9>         |   15.187|
sha<2>         |out<10>        |   14.268|
sha<2>         |out<11>        |   14.146|
sha<2>         |out<12>        |   15.626|
sha<2>         |out<13>        |   15.419|
sha<2>         |out<14>        |   15.412|
sha<2>         |out<15>        |   15.251|
sha<2>         |out<16>        |   13.072|
sha<2>         |out<17>        |   12.634|
sha<2>         |out<18>        |   13.698|
sha<2>         |out<19>        |   12.830|
sha<2>         |out<20>        |   12.647|
sha<2>         |out<21>        |   14.071|
sha<2>         |out<22>        |   13.230|
sha<2>         |out<23>        |   13.508|
sha<2>         |out<24>        |   13.800|
sha<2>         |out<25>        |   13.331|
sha<2>         |out<26>        |   12.546|
sha<2>         |out<27>        |   13.899|
sha<2>         |out<28>        |   12.679|
sha<2>         |out<29>        |   12.645|
sha<2>         |out<30>        |   11.893|
sha<2>         |out<31>        |   12.463|
sha<3>         |out<0>         |   13.904|
sha<3>         |out<1>         |   13.699|
sha<3>         |out<2>         |   12.988|
sha<3>         |out<3>         |   15.258|
sha<3>         |out<4>         |   15.457|
sha<3>         |out<5>         |   14.935|
sha<3>         |out<6>         |   13.827|
sha<3>         |out<7>         |   14.141|
sha<3>         |out<8>         |   14.734|
sha<3>         |out<9>         |   13.353|
sha<3>         |out<10>        |   12.886|
sha<3>         |out<11>        |   13.668|
sha<3>         |out<12>        |   13.533|
sha<3>         |out<13>        |   13.393|
sha<3>         |out<14>        |   14.045|
sha<3>         |out<15>        |   13.370|
sha<3>         |out<16>        |   11.930|
sha<3>         |out<17>        |   12.422|
sha<3>         |out<18>        |   12.553|
sha<3>         |out<19>        |   12.177|
sha<3>         |out<20>        |   13.356|
sha<3>         |out<21>        |   14.753|
sha<3>         |out<22>        |   12.856|
sha<3>         |out<23>        |   12.182|
sha<3>         |out<24>        |   13.575|
sha<3>         |out<25>        |   13.528|
sha<3>         |out<26>        |   12.387|
sha<3>         |out<27>        |   12.823|
sha<3>         |out<28>        |   12.772|
sha<3>         |out<29>        |   12.779|
sha<3>         |out<30>        |   11.805|
sha<3>         |out<31>        |   11.996|
sha<4>         |out<0>         |   11.243|
sha<4>         |out<1>         |   12.423|
sha<4>         |out<2>         |   12.748|
sha<4>         |out<3>         |   14.317|
sha<4>         |out<4>         |   14.028|
sha<4>         |out<5>         |   13.425|
sha<4>         |out<6>         |   11.607|
sha<4>         |out<7>         |   12.956|
sha<4>         |out<8>         |   13.256|
sha<4>         |out<9>         |   11.694|
sha<4>         |out<10>        |   12.589|
sha<4>         |out<11>        |   10.576|
sha<4>         |out<12>        |   12.777|
sha<4>         |out<13>        |   12.105|
sha<4>         |out<14>        |   13.080|
sha<4>         |out<15>        |   13.043|
sha<4>         |out<16>        |   11.522|
sha<4>         |out<17>        |   10.577|
sha<4>         |out<18>        |   11.790|
sha<4>         |out<19>        |   12.620|
sha<4>         |out<20>        |    9.353|
sha<4>         |out<21>        |    9.295|
sha<4>         |out<22>        |    9.094|
sha<4>         |out<23>        |   11.746|
sha<4>         |out<24>        |   11.407|
sha<4>         |out<25>        |   12.237|
sha<4>         |out<26>        |   11.005|
sha<4>         |out<27>        |   10.251|
sha<4>         |out<28>        |    9.802|
sha<4>         |out<29>        |    9.838|
sha<4>         |out<30>        |   11.763|
sha<4>         |out<31>        |   12.664|
---------------+---------------+---------+


Analysis completed Sun Oct 06 15:27:45 2013 
--------------------------------------------------------------------------------

Trace Settings:
-------------------------
Trace Settings 

Peak Memory Usage: 143 MB



