--------------------------------------------------------------------------------
Release 12.4 Trace  (nt64)
Copyright (c) 1995-2010 Xilinx, Inc.  All rights reserved.

C:\Xilinx\12.4\ISE_DS\ISE\bin\nt64\unwrapped\trce.exe -intstyle ise -v 3 -s 4
-n 3 -fastpaths -xml RightShifterArith.twx RightShifterArith.ncd -o
RightShifterArith.twr RightShifterArith.pcf

Design file:              RightShifterArith.ncd
Physical constraint file: RightShifterArith.pcf
Device,package,speed:     xc3s400,pq208,-4 (PRODUCTION 1.39 2010-11-18)
Report level:             verbose report

Environment Variable      Effect 
--------------------      ------ 
NONE                      No environment variables were set
--------------------------------------------------------------------------------

INFO:Timing:2698 - No timing constraints found, doing default enumeration.
INFO:Timing:2752 - To get complete path coverage, use the unconstrained paths 
   option. All paths that are not constrained will be reported in the 
   unconstrained paths section(s) of the report.
INFO:Timing:3339 - The clock-to-out numbers in this timing report are based on 
   a 50 Ohm transmission line loading model.  For the details of this model, 
   and for more information on accounting for different loading conditions, 
   please see the device datasheet.
INFO:Timing:3390 - This architecture does not support a default System Jitter 
   value, please add SYSTEM_JITTER constraint to the UCF to modify the Clock 
   Uncertainty calculation.
INFO:Timing:3389 - This architecture does not support 'Discrete Jitter' and 
   'Phase Error' calculations, these terms will be zero in the Clock 
   Uncertainty calculation.  Please make appropriate modification to 
   SYSTEM_JITTER to account for the unsupported Discrete Jitter and Phase 
   Error.



Data Sheet report:
-----------------
All values displayed in nanoseconds (ns)

Pad to Pad
---------------+---------------+---------+
Source Pad     |Destination Pad|  Delay  |
---------------+---------------+---------+
in<0>          |out<0>         |   14.101|
in<1>          |out<0>         |   14.283|
in<1>          |out<1>         |   13.079|
in<2>          |out<0>         |   14.573|
in<2>          |out<1>         |   14.762|
in<2>          |out<2>         |   14.637|
in<3>          |out<0>         |   14.697|
in<3>          |out<1>         |   14.325|
in<3>          |out<2>         |   14.670|
in<3>          |out<3>         |   14.120|
in<4>          |out<0>         |   13.875|
in<4>          |out<1>         |   14.186|
in<4>          |out<2>         |   14.390|
in<4>          |out<3>         |   13.981|
in<4>          |out<4>         |   14.052|
in<5>          |out<0>         |   14.042|
in<5>          |out<1>         |   14.850|
in<5>          |out<2>         |   14.683|
in<5>          |out<3>         |   13.673|
in<5>          |out<4>         |   14.219|
in<5>          |out<5>         |   14.736|
in<6>          |out<0>         |   15.658|
in<6>          |out<1>         |   15.168|
in<6>          |out<2>         |   15.567|
in<6>          |out<3>         |   13.991|
in<6>          |out<4>         |   15.835|
in<6>          |out<5>         |   15.054|
in<6>          |out<6>         |   14.847|
in<7>          |out<0>         |   15.900|
in<7>          |out<1>         |   14.256|
in<7>          |out<2>         |   15.809|
in<7>          |out<3>         |   14.273|
in<7>          |out<4>         |   16.077|
in<7>          |out<5>         |   14.142|
in<7>          |out<6>         |   15.089|
in<7>          |out<7>         |   14.180|
in<8>          |out<0>         |   15.220|
in<8>          |out<1>         |   13.574|
in<8>          |out<2>         |   15.313|
in<8>          |out<3>         |   13.591|
in<8>          |out<4>         |   15.078|
in<8>          |out<5>         |   13.460|
in<8>          |out<6>         |   14.593|
in<8>          |out<7>         |   13.498|
in<8>          |out<8>         |   15.187|
in<9>          |out<0>         |   14.612|
in<9>          |out<1>         |   13.951|
in<9>          |out<2>         |   14.705|
in<9>          |out<3>         |   13.972|
in<9>          |out<4>         |   14.470|
in<9>          |out<5>         |   14.573|
in<9>          |out<6>         |   13.985|
in<9>          |out<7>         |   14.180|
in<9>          |out<8>         |   14.579|
in<9>          |out<9>         |   13.894|
in<10>         |out<0>         |   14.471|
in<10>         |out<1>         |   13.545|
in<10>         |out<2>         |   15.289|
in<10>         |out<3>         |   13.566|
in<10>         |out<4>         |   14.329|
in<10>         |out<5>         |   14.167|
in<10>         |out<6>         |   14.287|
in<10>         |out<7>         |   13.774|
in<10>         |out<8>         |   14.438|
in<10>         |out<9>         |   13.488|
in<10>         |out<10>        |   16.299|
in<11>         |out<0>         |   14.713|
in<11>         |out<1>         |   14.453|
in<11>         |out<2>         |   15.531|
in<11>         |out<3>         |   15.853|
in<11>         |out<4>         |   14.571|
in<11>         |out<5>         |   15.075|
in<11>         |out<6>         |   14.529|
in<11>         |out<7>         |   14.644|
in<11>         |out<8>         |   14.680|
in<11>         |out<9>         |   14.396|
in<11>         |out<10>        |   16.541|
in<11>         |out<11>        |   16.011|
in<12>         |out<0>         |   15.394|
in<12>         |out<1>         |   14.170|
in<12>         |out<2>         |   16.638|
in<12>         |out<3>         |   15.570|
in<12>         |out<4>         |   16.083|
in<12>         |out<5>         |   14.792|
in<12>         |out<6>         |   15.636|
in<12>         |out<7>         |   14.361|
in<12>         |out<8>         |   15.287|
in<12>         |out<9>         |   14.113|
in<12>         |out<10>        |   17.648|
in<12>         |out<11>        |   15.728|
in<12>         |out<12>        |   16.792|
in<13>         |out<0>         |   15.510|
in<13>         |out<1>         |   15.159|
in<13>         |out<2>         |   16.754|
in<13>         |out<3>         |   15.427|
in<13>         |out<4>         |   16.199|
in<13>         |out<5>         |   15.838|
in<13>         |out<6>         |   15.752|
in<13>         |out<7>         |   15.127|
in<13>         |out<8>         |   15.403|
in<13>         |out<9>         |   15.522|
in<13>         |out<10>        |   17.764|
in<13>         |out<11>        |   15.585|
in<13>         |out<12>        |   16.908|
in<13>         |out<13>        |   17.258|
in<14>         |out<0>         |   16.194|
in<14>         |out<1>         |   15.342|
in<14>         |out<2>         |   16.956|
in<14>         |out<3>         |   15.610|
in<14>         |out<4>         |   16.883|
in<14>         |out<5>         |   16.021|
in<14>         |out<6>         |   16.236|
in<14>         |out<7>         |   15.310|
in<14>         |out<8>         |   16.087|
in<14>         |out<9>         |   15.705|
in<14>         |out<10>        |   17.046|
in<14>         |out<11>        |   15.768|
in<14>         |out<12>        |   17.592|
in<14>         |out<13>        |   17.441|
in<14>         |out<14>        |   16.742|
in<15>         |out<0>         |   15.911|
in<15>         |out<1>         |   13.955|
in<15>         |out<2>         |   16.673|
in<15>         |out<3>         |   15.264|
in<15>         |out<4>         |   16.600|
in<15>         |out<5>         |   14.634|
in<15>         |out<6>         |   15.953|
in<15>         |out<7>         |   15.322|
in<15>         |out<8>         |   15.804|
in<15>         |out<9>         |   14.318|
in<15>         |out<10>        |   16.763|
in<15>         |out<11>        |   15.422|
in<15>         |out<12>        |   17.309|
in<15>         |out<13>        |   16.054|
in<15>         |out<14>        |   16.459|
in<15>         |out<15>        |   16.997|
in<16>         |out<0>         |   16.814|
in<16>         |out<1>         |   14.836|
in<16>         |out<2>         |   16.500|
in<16>         |out<3>         |   16.145|
in<16>         |out<4>         |   16.367|
in<16>         |out<5>         |   15.515|
in<16>         |out<6>         |   15.780|
in<16>         |out<7>         |   16.203|
in<16>         |out<8>         |   15.913|
in<16>         |out<9>         |   15.199|
in<16>         |out<10>        |   16.590|
in<16>         |out<11>        |   16.303|
in<16>         |out<12>        |   17.076|
in<16>         |out<13>        |   16.935|
in<16>         |out<14>        |   16.286|
in<16>         |out<15>        |   17.878|
in<16>         |out<16>        |   17.292|
in<17>         |out<0>         |   16.504|
in<17>         |out<1>         |   16.630|
in<17>         |out<2>         |   16.190|
in<17>         |out<3>         |   15.729|
in<17>         |out<4>         |   16.057|
in<17>         |out<5>         |   15.738|
in<17>         |out<6>         |   15.470|
in<17>         |out<7>         |   15.787|
in<17>         |out<8>         |   15.603|
in<17>         |out<9>         |   16.123|
in<17>         |out<10>        |   16.280|
in<17>         |out<11>        |   15.887|
in<17>         |out<12>        |   16.766|
in<17>         |out<13>        |   16.878|
in<17>         |out<14>        |   15.976|
in<17>         |out<15>        |   17.462|
in<17>         |out<16>        |   16.982|
in<17>         |out<17>        |   16.999|
in<18>         |out<0>         |   16.030|
in<18>         |out<1>         |   16.662|
in<18>         |out<2>         |   17.543|
in<18>         |out<3>         |   15.761|
in<18>         |out<4>         |   15.583|
in<18>         |out<5>         |   15.770|
in<18>         |out<6>         |   16.427|
in<18>         |out<7>         |   15.819|
in<18>         |out<8>         |   15.129|
in<18>         |out<9>         |   16.155|
in<18>         |out<10>        |   16.465|
in<18>         |out<11>        |   15.919|
in<18>         |out<12>        |   16.292|
in<18>         |out<13>        |   16.910|
in<18>         |out<14>        |   16.939|
in<18>         |out<15>        |   17.494|
in<18>         |out<16>        |   16.508|
in<18>         |out<17>        |   17.031|
in<18>         |out<18>        |   16.715|
in<19>         |out<0>         |   15.612|
in<19>         |out<1>         |   15.694|
in<19>         |out<2>         |   17.125|
in<19>         |out<3>         |   15.941|
in<19>         |out<4>         |   15.165|
in<19>         |out<5>         |   14.802|
in<19>         |out<6>         |   16.009|
in<19>         |out<7>         |   15.071|
in<19>         |out<8>         |   14.711|
in<19>         |out<9>         |   15.187|
in<19>         |out<10>        |   16.047|
in<19>         |out<11>        |   16.359|
in<19>         |out<12>        |   15.874|
in<19>         |out<13>        |   15.942|
in<19>         |out<14>        |   16.521|
in<19>         |out<15>        |   17.681|
in<19>         |out<16>        |   16.090|
in<19>         |out<17>        |   16.063|
in<19>         |out<18>        |   16.297|
in<19>         |out<19>        |   18.143|
in<20>         |out<0>         |   16.133|
in<20>         |out<1>         |   15.759|
in<20>         |out<2>         |   17.317|
in<20>         |out<3>         |   16.006|
in<20>         |out<4>         |   16.661|
in<20>         |out<5>         |   14.867|
in<20>         |out<6>         |   16.201|
in<20>         |out<7>         |   15.136|
in<20>         |out<8>         |   15.275|
in<20>         |out<9>         |   15.252|
in<20>         |out<10>        |   16.239|
in<20>         |out<11>        |   16.424|
in<20>         |out<12>        |   16.262|
in<20>         |out<13>        |   16.007|
in<20>         |out<14>        |   16.713|
in<20>         |out<15>        |   17.746|
in<20>         |out<16>        |   16.611|
in<20>         |out<17>        |   16.128|
in<20>         |out<18>        |   16.489|
in<20>         |out<19>        |   18.208|
in<20>         |out<20>        |   16.642|
in<21>         |out<0>         |   16.058|
in<21>         |out<1>         |   15.697|
in<21>         |out<2>         |   17.242|
in<21>         |out<3>         |   16.721|
in<21>         |out<4>         |   16.586|
in<21>         |out<5>         |   16.294|
in<21>         |out<6>         |   16.126|
in<21>         |out<7>         |   15.851|
in<21>         |out<8>         |   15.200|
in<21>         |out<9>         |   15.987|
in<21>         |out<10>        |   16.164|
in<21>         |out<11>        |   17.139|
in<21>         |out<12>        |   16.187|
in<21>         |out<13>        |   16.866|
in<21>         |out<14>        |   16.638|
in<21>         |out<15>        |   18.461|
in<21>         |out<16>        |   16.536|
in<21>         |out<17>        |   16.066|
in<21>         |out<18>        |   16.414|
in<21>         |out<19>        |   18.923|
in<21>         |out<20>        |   16.567|
in<21>         |out<21>        |   17.761|
in<22>         |out<0>         |   16.587|
in<22>         |out<1>         |   15.806|
in<22>         |out<2>         |   18.161|
in<22>         |out<3>         |   16.830|
in<22>         |out<4>         |   17.115|
in<22>         |out<5>         |   16.403|
in<22>         |out<6>         |   17.034|
in<22>         |out<7>         |   15.960|
in<22>         |out<8>         |   15.729|
in<22>         |out<9>         |   16.096|
in<22>         |out<10>        |   17.083|
in<22>         |out<11>        |   17.248|
in<22>         |out<12>        |   16.716|
in<22>         |out<13>        |   16.975|
in<22>         |out<14>        |   15.923|
in<22>         |out<15>        |   18.570|
in<22>         |out<16>        |   17.065|
in<22>         |out<17>        |   16.175|
in<22>         |out<18>        |   17.333|
in<22>         |out<19>        |   19.032|
in<22>         |out<20>        |   17.096|
in<22>         |out<21>        |   17.870|
in<22>         |out<22>        |   16.815|
in<23>         |out<0>         |   15.994|
in<23>         |out<1>         |   15.119|
in<23>         |out<2>         |   17.568|
in<23>         |out<3>         |   15.495|
in<23>         |out<4>         |   16.522|
in<23>         |out<5>         |   15.716|
in<23>         |out<6>         |   16.441|
in<23>         |out<7>         |   15.681|
in<23>         |out<8>         |   15.136|
in<23>         |out<9>         |   15.409|
in<23>         |out<10>        |   16.490|
in<23>         |out<11>        |   15.913|
in<23>         |out<12>        |   16.123|
in<23>         |out<13>        |   16.288|
in<23>         |out<14>        |   15.330|
in<23>         |out<15>        |   17.501|
in<23>         |out<16>        |   16.472|
in<23>         |out<17>        |   15.488|
in<23>         |out<18>        |   16.740|
in<23>         |out<19>        |   17.697|
in<23>         |out<20>        |   16.503|
in<23>         |out<21>        |   17.183|
in<23>         |out<22>        |   16.222|
in<23>         |out<23>        |   16.782|
in<24>         |out<0>         |   16.181|
in<24>         |out<1>         |   15.123|
in<24>         |out<2>         |   17.478|
in<24>         |out<3>         |   15.499|
in<24>         |out<4>         |   15.929|
in<24>         |out<5>         |   15.720|
in<24>         |out<6>         |   16.351|
in<24>         |out<7>         |   15.685|
in<24>         |out<8>         |   15.888|
in<24>         |out<9>         |   15.413|
in<24>         |out<10>        |   16.400|
in<24>         |out<11>        |   15.917|
in<24>         |out<12>        |   15.530|
in<24>         |out<13>        |   16.292|
in<24>         |out<14>        |   15.240|
in<24>         |out<15>        |   17.505|
in<24>         |out<16>        |   16.659|
in<24>         |out<17>        |   15.492|
in<24>         |out<18>        |   16.650|
in<24>         |out<19>        |   17.701|
in<24>         |out<20>        |   15.910|
in<24>         |out<21>        |   17.187|
in<24>         |out<22>        |   16.132|
in<24>         |out<23>        |   16.786|
in<24>         |out<24>        |   15.803|
in<25>         |out<0>         |   16.399|
in<25>         |out<1>         |   15.679|
in<25>         |out<2>         |   17.696|
in<25>         |out<3>         |   16.087|
in<25>         |out<4>         |   16.147|
in<25>         |out<5>         |   16.507|
in<25>         |out<6>         |   16.569|
in<25>         |out<7>         |   16.273|
in<25>         |out<8>         |   16.106|
in<25>         |out<9>         |   15.473|
in<25>         |out<10>        |   16.618|
in<25>         |out<11>        |   16.505|
in<25>         |out<12>        |   15.748|
in<25>         |out<13>        |   17.079|
in<25>         |out<14>        |   15.458|
in<25>         |out<15>        |   18.093|
in<25>         |out<16>        |   16.877|
in<25>         |out<17>        |   16.048|
in<25>         |out<18>        |   16.868|
in<25>         |out<19>        |   18.289|
in<25>         |out<20>        |   16.128|
in<25>         |out<21>        |   17.974|
in<25>         |out<22>        |   16.350|
in<25>         |out<23>        |   17.374|
in<25>         |out<24>        |   16.021|
in<25>         |out<25>        |   15.684|
in<26>         |out<0>         |   15.202|
in<26>         |out<1>         |   14.675|
in<26>         |out<2>         |   15.873|
in<26>         |out<3>         |   15.083|
in<26>         |out<4>         |   14.950|
in<26>         |out<5>         |   15.503|
in<26>         |out<6>         |   15.690|
in<26>         |out<7>         |   15.269|
in<26>         |out<8>         |   14.909|
in<26>         |out<9>         |   14.469|
in<26>         |out<10>        |   15.164|
in<26>         |out<11>        |   15.501|
in<26>         |out<12>        |   14.551|
in<26>         |out<13>        |   16.075|
in<26>         |out<14>        |   14.579|
in<26>         |out<15>        |   17.089|
in<26>         |out<16>        |   15.680|
in<26>         |out<17>        |   15.044|
in<26>         |out<18>        |   15.045|
in<26>         |out<19>        |   17.285|
in<26>         |out<20>        |   14.931|
in<26>         |out<21>        |   16.970|
in<26>         |out<22>        |   15.471|
in<26>         |out<23>        |   16.370|
in<26>         |out<24>        |   14.824|
in<26>         |out<25>        |   14.680|
in<26>         |out<26>        |   14.673|
in<27>         |out<0>         |   15.637|
in<27>         |out<1>         |   14.705|
in<27>         |out<2>         |   16.308|
in<27>         |out<3>         |   17.552|
in<27>         |out<4>         |   15.385|
in<27>         |out<5>         |   15.533|
in<27>         |out<6>         |   16.125|
in<27>         |out<7>         |   15.144|
in<27>         |out<8>         |   15.344|
in<27>         |out<9>         |   14.499|
in<27>         |out<10>        |   15.599|
in<27>         |out<11>        |   13.932|
in<27>         |out<12>        |   14.986|
in<27>         |out<13>        |   16.105|
in<27>         |out<14>        |   15.014|
in<27>         |out<15>        |   16.964|
in<27>         |out<16>        |   16.115|
in<27>         |out<17>        |   15.074|
in<27>         |out<18>        |   15.480|
in<27>         |out<19>        |   17.522|
in<27>         |out<20>        |   15.366|
in<27>         |out<21>        |   17.000|
in<27>         |out<22>        |   15.906|
in<27>         |out<23>        |   16.245|
in<27>         |out<24>        |   15.259|
in<27>         |out<25>        |   14.710|
in<27>         |out<26>        |   15.108|
in<27>         |out<27>        |   16.587|
in<28>         |out<0>         |   16.855|
in<28>         |out<1>         |   14.241|
in<28>         |out<2>         |   16.633|
in<28>         |out<3>         |   17.088|
in<28>         |out<4>         |   15.690|
in<28>         |out<5>         |   15.069|
in<28>         |out<6>         |   15.447|
in<28>         |out<7>         |   14.680|
in<28>         |out<8>         |   15.875|
in<28>         |out<9>         |   14.035|
in<28>         |out<10>        |   15.924|
in<28>         |out<11>        |   13.468|
in<28>         |out<12>        |   15.713|
in<28>         |out<13>        |   15.641|
in<28>         |out<14>        |   14.336|
in<28>         |out<15>        |   16.500|
in<28>         |out<16>        |   17.333|
in<28>         |out<17>        |   14.610|
in<28>         |out<18>        |   15.805|
in<28>         |out<19>        |   17.058|
in<28>         |out<20>        |   15.671|
in<28>         |out<21>        |   16.536|
in<28>         |out<22>        |   15.228|
in<28>         |out<23>        |   15.781|
in<28>         |out<24>        |   15.790|
in<28>         |out<25>        |   14.246|
in<28>         |out<26>        |   15.433|
in<28>         |out<27>        |   16.123|
in<28>         |out<28>        |   14.542|
in<29>         |out<0>         |   16.612|
in<29>         |out<1>         |   13.998|
in<29>         |out<2>         |   16.390|
in<29>         |out<3>         |   17.118|
in<29>         |out<4>         |   15.447|
in<29>         |out<5>         |   13.584|
in<29>         |out<6>         |   15.204|
in<29>         |out<7>         |   14.710|
in<29>         |out<8>         |   15.632|
in<29>         |out<9>         |   13.825|
in<29>         |out<10>        |   15.681|
in<29>         |out<11>        |   13.498|
in<29>         |out<12>        |   15.470|
in<29>         |out<13>        |   13.312|
in<29>         |out<14>        |   14.093|
in<29>         |out<15>        |   16.530|
in<29>         |out<16>        |   17.090|
in<29>         |out<17>        |   14.367|
in<29>         |out<18>        |   15.562|
in<29>         |out<19>        |   17.088|
in<29>         |out<20>        |   15.428|
in<29>         |out<21>        |   15.051|
in<29>         |out<22>        |   14.985|
in<29>         |out<23>        |   15.811|
in<29>         |out<24>        |   15.547|
in<29>         |out<25>        |   14.036|
in<29>         |out<26>        |   15.190|
in<29>         |out<27>        |   16.153|
in<29>         |out<28>        |   14.299|
in<29>         |out<29>        |   13.276|
in<30>         |out<0>         |   16.892|
in<30>         |out<1>         |   14.834|
in<30>         |out<2>         |   15.155|
in<30>         |out<3>         |   17.954|
in<30>         |out<4>         |   15.727|
in<30>         |out<5>         |   14.420|
in<30>         |out<6>         |   14.754|
in<30>         |out<7>         |   15.546|
in<30>         |out<8>         |   15.912|
in<30>         |out<9>         |   14.661|
in<30>         |out<10>        |   14.446|
in<30>         |out<11>        |   14.334|
in<30>         |out<12>        |   15.750|
in<30>         |out<13>        |   14.148|
in<30>         |out<14>        |   13.600|
in<30>         |out<15>        |   17.366|
in<30>         |out<16>        |   17.370|
in<30>         |out<17>        |   15.203|
in<30>         |out<18>        |   14.327|
in<30>         |out<19>        |   17.924|
in<30>         |out<20>        |   15.708|
in<30>         |out<21>        |   15.887|
in<30>         |out<22>        |   14.535|
in<30>         |out<23>        |   16.647|
in<30>         |out<24>        |   15.827|
in<30>         |out<25>        |   14.872|
in<30>         |out<26>        |   13.955|
in<30>         |out<27>        |   16.989|
in<30>         |out<28>        |   14.579|
in<30>         |out<29>        |   14.112|
in<30>         |out<30>        |   14.146|
in<31>         |out<0>         |   16.692|
in<31>         |out<1>         |   15.725|
in<31>         |out<2>         |   17.334|
in<31>         |out<3>         |   15.261|
in<31>         |out<4>         |   15.094|
in<31>         |out<5>         |   14.577|
in<31>         |out<6>         |   15.701|
in<31>         |out<7>         |   13.778|
in<31>         |out<8>         |   15.712|
in<31>         |out<9>         |   15.552|
in<31>         |out<10>        |   16.625|
in<31>         |out<11>        |   13.284|
in<31>         |out<12>        |   15.117|
in<31>         |out<13>        |   13.797|
in<31>         |out<14>        |   14.547|
in<31>         |out<15>        |   13.312|
in<31>         |out<16>        |   17.170|
in<31>         |out<17>        |   16.094|
in<31>         |out<18>        |   16.506|
in<31>         |out<19>        |   15.231|
in<31>         |out<20>        |   15.075|
in<31>         |out<21>        |   16.044|
in<31>         |out<22>        |   15.482|
in<31>         |out<23>        |   13.048|
in<31>         |out<24>        |   15.627|
in<31>         |out<25>        |   15.763|
in<31>         |out<26>        |   16.134|
in<31>         |out<27>        |   14.296|
in<31>         |out<28>        |   13.946|
in<31>         |out<29>        |   13.846|
in<31>         |out<30>        |   15.093|
in<31>         |out<31>        |   13.069|
sha<0>         |out<0>         |   18.343|
sha<0>         |out<1>         |   18.044|
sha<0>         |out<2>         |   19.568|
sha<0>         |out<3>         |   18.285|
sha<0>         |out<4>         |   18.520|
sha<0>         |out<5>         |   17.761|
sha<0>         |out<6>         |   18.441|
sha<0>         |out<7>         |   17.674|
sha<0>         |out<8>         |   17.978|
sha<0>         |out<9>         |   17.537|
sha<0>         |out<10>        |   19.249|
sha<0>         |out<11>        |   18.572|
sha<0>         |out<12>        |   18.681|
sha<0>         |out<13>        |   19.076|
sha<0>         |out<14>        |   17.831|
sha<0>         |out<15>        |   19.894|
sha<0>         |out<16>        |   18.749|
sha<0>         |out<17>        |   18.413|
sha<0>         |out<18>        |   18.740|
sha<0>         |out<19>        |   20.356|
sha<0>         |out<20>        |   18.078|
sha<0>         |out<21>        |   19.194|
sha<0>         |out<22>        |   18.222|
sha<0>         |out<23>        |   18.755|
sha<0>         |out<24>        |   17.893|
sha<0>         |out<25>        |   15.727|
sha<0>         |out<26>        |   16.818|
sha<0>         |out<27>        |   17.320|
sha<0>         |out<28>        |   15.927|
sha<0>         |out<29>        |   14.443|
sha<0>         |out<30>        |   14.763|
sha<1>         |out<0>         |   18.341|
sha<1>         |out<1>         |   17.040|
sha<1>         |out<2>         |   18.023|
sha<1>         |out<3>         |   16.848|
sha<1>         |out<4>         |   18.100|
sha<1>         |out<5>         |   16.702|
sha<1>         |out<6>         |   16.890|
sha<1>         |out<7>         |   16.692|
sha<1>         |out<8>         |   17.065|
sha<1>         |out<9>         |   16.023|
sha<1>         |out<10>        |   16.895|
sha<1>         |out<11>        |   16.903|
sha<1>         |out<12>        |   16.868|
sha<1>         |out<13>        |   17.470|
sha<1>         |out<14>        |   17.341|
sha<1>         |out<15>        |   18.367|
sha<1>         |out<16>        |   17.384|
sha<1>         |out<17>        |   16.763|
sha<1>         |out<18>        |   17.117|
sha<1>         |out<19>        |   17.987|
sha<1>         |out<20>        |   17.248|
sha<1>         |out<21>        |   16.651|
sha<1>         |out<22>        |   15.759|
sha<1>         |out<23>        |   16.067|
sha<1>         |out<24>        |   15.841|
sha<1>         |out<25>        |   15.067|
sha<1>         |out<26>        |   15.047|
sha<1>         |out<27>        |   15.883|
sha<1>         |out<28>        |   14.595|
sha<1>         |out<29>        |   14.107|
sha<1>         |out<30>        |   15.267|
sha<2>         |out<0>         |   15.354|
sha<2>         |out<1>         |   15.077|
sha<2>         |out<2>         |   16.530|
sha<2>         |out<3>         |   16.056|
sha<2>         |out<4>         |   15.516|
sha<2>         |out<5>         |   14.793|
sha<2>         |out<6>         |   17.106|
sha<2>         |out<7>         |   16.279|
sha<2>         |out<8>         |   14.834|
sha<2>         |out<9>         |   14.770|
sha<2>         |out<10>        |   15.821|
sha<2>         |out<11>        |   15.055|
sha<2>         |out<12>        |   15.539|
sha<2>         |out<13>        |   15.381|
sha<2>         |out<14>        |   15.995|
sha<2>         |out<15>        |   16.819|
sha<2>         |out<16>        |   15.832|
sha<2>         |out<17>        |   14.830|
sha<2>         |out<18>        |   15.702|
sha<2>         |out<19>        |   16.839|
sha<2>         |out<20>        |   15.497|
sha<2>         |out<21>        |   16.260|
sha<2>         |out<22>        |   16.887|
sha<2>         |out<23>        |   16.100|
sha<2>         |out<24>        |   14.749|
sha<2>         |out<25>        |   14.981|
sha<2>         |out<26>        |   15.330|
sha<2>         |out<27>        |   15.091|
sha<2>         |out<28>        |   14.368|
sha<2>         |out<29>        |   14.975|
sha<2>         |out<30>        |   16.135|
sha<3>         |out<0>         |   14.900|
sha<3>         |out<1>         |   14.028|
sha<3>         |out<2>         |   13.939|
sha<3>         |out<3>         |   12.107|
sha<3>         |out<4>         |   13.094|
sha<3>         |out<5>         |   13.315|
sha<3>         |out<6>         |   13.528|
sha<3>         |out<7>         |   13.837|
sha<3>         |out<8>         |   13.535|
sha<3>         |out<9>         |   13.505|
sha<3>         |out<10>        |   12.685|
sha<3>         |out<11>        |   12.038|
sha<3>         |out<12>        |   12.783|
sha<3>         |out<13>        |   12.059|
sha<3>         |out<14>        |   12.088|
sha<3>         |out<15>        |   15.001|
sha<3>         |out<16>        |   15.378|
sha<3>         |out<17>        |   14.397|
sha<3>         |out<18>        |   13.111|
sha<3>         |out<19>        |   12.872|
sha<3>         |out<20>        |   13.075|
sha<3>         |out<21>        |   14.782|
sha<3>         |out<22>        |   12.516|
sha<3>         |out<23>        |   12.022|
sha<3>         |out<24>        |   11.266|
sha<3>         |out<25>        |   11.440|
sha<3>         |out<26>        |   11.504|
sha<3>         |out<27>        |   11.560|
sha<3>         |out<28>        |   12.211|
sha<3>         |out<29>        |   11.670|
sha<3>         |out<30>        |   12.003|
sha<4>         |out<0>         |   13.859|
sha<4>         |out<1>         |   12.695|
sha<4>         |out<2>         |   12.203|
sha<4>         |out<3>         |   11.823|
sha<4>         |out<4>         |   12.390|
sha<4>         |out<5>         |   13.538|
sha<4>         |out<6>         |   11.308|
sha<4>         |out<7>         |   12.808|
sha<4>         |out<8>         |   13.068|
sha<4>         |out<9>         |   12.522|
sha<4>         |out<10>        |   12.563|
sha<4>         |out<11>        |   11.841|
sha<4>         |out<12>        |   12.255|
sha<4>         |out<13>        |   11.694|
sha<4>         |out<14>        |   12.027|
sha<4>         |out<15>        |   10.098|
sha<4>         |out<16>        |   11.118|
sha<4>         |out<17>        |   11.666|
sha<4>         |out<18>        |   11.153|
sha<4>         |out<19>        |   11.539|
sha<4>         |out<20>        |   10.651|
sha<4>         |out<21>        |   12.265|
sha<4>         |out<22>        |   12.310|
sha<4>         |out<23>        |   10.909|
sha<4>         |out<24>        |   10.370|
sha<4>         |out<25>        |   10.423|
sha<4>         |out<26>        |   10.650|
sha<4>         |out<27>        |   10.538|
sha<4>         |out<28>        |   13.394|
sha<4>         |out<29>        |   11.637|
sha<4>         |out<30>        |   10.814|
---------------+---------------+---------+


Analysis completed Sun Oct 06 15:29:29 2013 
--------------------------------------------------------------------------------

Trace Settings:
-------------------------
Trace Settings 

Peak Memory Usage: 144 MB



