MO MUX32 NULL MUX32.v vlg47/_m_u_x32.bin 1382346594
MO RightShifterArith NULL RightShifterArith.v vlg57/_right_shifter_arith.bin 1382346594
MO shAmount NULL shAmount.v vlg2B/sh_amount.bin 1382346594
MO Shifter NULL Shifter.v vlg59/_shifter.bin 1382346594
MO LeftShifter NULL LeftShifter.v vlg28/_left_shifter.bin 1382346594
MO RightShifterLog NULL RightShifterLog.v vlg65/_right_shifter_log.bin 1382346594
