--------------------------------------------------------------------------------
Release 12.4 Trace  (nt64)
Copyright (c) 1995-2010 Xilinx, Inc.  All rights reserved.

C:\Xilinx\12.4\ISE_DS\ISE\bin\nt64\unwrapped\trce.exe -intstyle ise -v 3 -s 3
-n 3 -fastpaths -xml adder.twx adder.ncd -o adder.twr adder.pcf

Design file:              adder.ncd
Physical constraint file: adder.pcf
Device,package,speed:     xc6vlx75t,ff484,C,-3 (PRODUCTION 1.11 2010-11-18)
Report level:             verbose report

Environment Variable      Effect 
--------------------      ------ 
NONE                      No environment variables were set
--------------------------------------------------------------------------------

INFO:Timing:2698 - No timing constraints found, doing default enumeration.
INFO:Timing:2752 - To get complete path coverage, use the unconstrained paths 
   option. All paths that are not constrained will be reported in the 
   unconstrained paths section(s) of the report.
INFO:Timing:3339 - The clock-to-out numbers in this timing report are based on 
   a 50 Ohm transmission line loading model.  For the details of this model, 
   and for more information on accounting for different loading conditions, 
   please see the device datasheet.



Data Sheet report:
-----------------
All values displayed in nanoseconds (ns)

Pad to Pad
---------------+---------------+---------+
Source Pad     |Destination Pad|  Delay  |
---------------+---------------+---------+
a<0>           |c<0>           |    5.755|
a<0>           |c<1>           |    5.787|
a<0>           |c<2>           |    6.000|
a<0>           |c<3>           |    5.988|
a<0>           |c<4>           |    6.041|
a<0>           |c<5>           |    6.255|
a<0>           |c<6>           |    6.074|
a<0>           |c<7>           |    6.332|
a<0>           |c<8>           |    6.224|
a<0>           |c<9>           |    6.286|
a<0>           |c<10>          |    6.422|
a<0>           |c<11>          |    6.297|
a<0>           |c<12>          |    6.553|
a<0>           |c<13>          |    6.537|
a<0>           |c<14>          |    6.492|
a<0>           |c<15>          |    6.595|
a<0>           |c<16>          |    6.682|
a<0>           |c<17>          |    6.722|
a<0>           |c<18>          |    6.742|
a<0>           |c<19>          |    6.779|
a<0>           |c<20>          |    6.996|
a<0>           |c<21>          |    7.000|
a<0>           |c<22>          |    7.152|
a<0>           |c<23>          |    6.895|
a<0>           |c<24>          |    6.968|
a<0>           |c<25>          |    6.897|
a<0>           |c<26>          |    7.064|
a<0>           |c<27>          |    6.897|
a<0>           |c<28>          |    7.142|
a<0>           |c<29>          |    7.286|
a<0>           |c<30>          |    7.295|
a<0>           |c<31>          |    7.597|
a<0>           |carryFlag      |    6.848|
a<0>           |overflowFlag   |    7.427|
a<0>           |signFlag       |    7.420|
a<0>           |zFlag          |    8.025|
a<1>           |c<1>           |    5.720|
a<1>           |c<2>           |    6.012|
a<1>           |c<3>           |    5.988|
a<1>           |c<4>           |    6.045|
a<1>           |c<5>           |    6.259|
a<1>           |c<6>           |    6.078|
a<1>           |c<7>           |    6.336|
a<1>           |c<8>           |    6.228|
a<1>           |c<9>           |    6.290|
a<1>           |c<10>          |    6.426|
a<1>           |c<11>          |    6.301|
a<1>           |c<12>          |    6.557|
a<1>           |c<13>          |    6.541|
a<1>           |c<14>          |    6.496|
a<1>           |c<15>          |    6.599|
a<1>           |c<16>          |    6.686|
a<1>           |c<17>          |    6.726|
a<1>           |c<18>          |    6.746|
a<1>           |c<19>          |    6.783|
a<1>           |c<20>          |    7.000|
a<1>           |c<21>          |    7.004|
a<1>           |c<22>          |    7.156|
a<1>           |c<23>          |    6.899|
a<1>           |c<24>          |    6.972|
a<1>           |c<25>          |    6.901|
a<1>           |c<26>          |    7.068|
a<1>           |c<27>          |    6.901|
a<1>           |c<28>          |    7.146|
a<1>           |c<29>          |    7.290|
a<1>           |c<30>          |    7.299|
a<1>           |c<31>          |    7.601|
a<1>           |carryFlag      |    6.852|
a<1>           |overflowFlag   |    7.431|
a<1>           |signFlag       |    7.424|
a<1>           |zFlag          |    8.029|
a<2>           |c<2>           |    5.707|
a<2>           |c<3>           |    5.692|
a<2>           |c<4>           |    5.830|
a<2>           |c<5>           |    6.044|
a<2>           |c<6>           |    5.863|
a<2>           |c<7>           |    6.121|
a<2>           |c<8>           |    6.013|
a<2>           |c<9>           |    6.075|
a<2>           |c<10>          |    6.211|
a<2>           |c<11>          |    6.086|
a<2>           |c<12>          |    6.342|
a<2>           |c<13>          |    6.326|
a<2>           |c<14>          |    6.281|
a<2>           |c<15>          |    6.384|
a<2>           |c<16>          |    6.471|
a<2>           |c<17>          |    6.511|
a<2>           |c<18>          |    6.531|
a<2>           |c<19>          |    6.568|
a<2>           |c<20>          |    6.785|
a<2>           |c<21>          |    6.789|
a<2>           |c<22>          |    6.941|
a<2>           |c<23>          |    6.684|
a<2>           |c<24>          |    6.757|
a<2>           |c<25>          |    6.686|
a<2>           |c<26>          |    6.853|
a<2>           |c<27>          |    6.686|
a<2>           |c<28>          |    6.931|
a<2>           |c<29>          |    7.075|
a<2>           |c<30>          |    7.084|
a<2>           |c<31>          |    7.386|
a<2>           |carryFlag      |    6.637|
a<2>           |overflowFlag   |    7.216|
a<2>           |signFlag       |    7.209|
a<2>           |zFlag          |    7.814|
a<3>           |c<3>           |    6.138|
a<3>           |c<4>           |    6.320|
a<3>           |c<5>           |    6.534|
a<3>           |c<6>           |    6.353|
a<3>           |c<7>           |    6.611|
a<3>           |c<8>           |    6.503|
a<3>           |c<9>           |    6.565|
a<3>           |c<10>          |    6.701|
a<3>           |c<11>          |    6.576|
a<3>           |c<12>          |    6.832|
a<3>           |c<13>          |    6.816|
a<3>           |c<14>          |    6.771|
a<3>           |c<15>          |    6.874|
a<3>           |c<16>          |    6.961|
a<3>           |c<17>          |    7.001|
a<3>           |c<18>          |    7.021|
a<3>           |c<19>          |    7.058|
a<3>           |c<20>          |    7.275|
a<3>           |c<21>          |    7.279|
a<3>           |c<22>          |    7.431|
a<3>           |c<23>          |    7.174|
a<3>           |c<24>          |    7.247|
a<3>           |c<25>          |    7.176|
a<3>           |c<26>          |    7.343|
a<3>           |c<27>          |    7.176|
a<3>           |c<28>          |    7.421|
a<3>           |c<29>          |    7.565|
a<3>           |c<30>          |    7.574|
a<3>           |c<31>          |    7.876|
a<3>           |carryFlag      |    7.127|
a<3>           |overflowFlag   |    7.706|
a<3>           |signFlag       |    7.699|
a<3>           |zFlag          |    8.304|
a<4>           |c<4>           |    6.155|
a<4>           |c<5>           |    6.406|
a<4>           |c<6>           |    6.320|
a<4>           |c<7>           |    6.585|
a<4>           |c<8>           |    6.504|
a<4>           |c<9>           |    6.566|
a<4>           |c<10>          |    6.702|
a<4>           |c<11>          |    6.577|
a<4>           |c<12>          |    6.833|
a<4>           |c<13>          |    6.817|
a<4>           |c<14>          |    6.772|
a<4>           |c<15>          |    6.875|
a<4>           |c<16>          |    6.962|
a<4>           |c<17>          |    7.002|
a<4>           |c<18>          |    7.022|
a<4>           |c<19>          |    7.059|
a<4>           |c<20>          |    7.276|
a<4>           |c<21>          |    7.280|
a<4>           |c<22>          |    7.432|
a<4>           |c<23>          |    7.175|
a<4>           |c<24>          |    7.248|
a<4>           |c<25>          |    7.177|
a<4>           |c<26>          |    7.344|
a<4>           |c<27>          |    7.177|
a<4>           |c<28>          |    7.422|
a<4>           |c<29>          |    7.566|
a<4>           |c<30>          |    7.575|
a<4>           |c<31>          |    7.877|
a<4>           |carryFlag      |    7.128|
a<4>           |overflowFlag   |    7.707|
a<4>           |signFlag       |    7.700|
a<4>           |zFlag          |    8.305|
a<5>           |c<5>           |    6.224|
a<5>           |c<6>           |    6.217|
a<5>           |c<7>           |    6.470|
a<5>           |c<8>           |    6.393|
a<5>           |c<9>           |    6.455|
a<5>           |c<10>          |    6.591|
a<5>           |c<11>          |    6.466|
a<5>           |c<12>          |    6.722|
a<5>           |c<13>          |    6.706|
a<5>           |c<14>          |    6.661|
a<5>           |c<15>          |    6.764|
a<5>           |c<16>          |    6.851|
a<5>           |c<17>          |    6.891|
a<5>           |c<18>          |    6.911|
a<5>           |c<19>          |    6.948|
a<5>           |c<20>          |    7.165|
a<5>           |c<21>          |    7.169|
a<5>           |c<22>          |    7.321|
a<5>           |c<23>          |    7.064|
a<5>           |c<24>          |    7.137|
a<5>           |c<25>          |    7.066|
a<5>           |c<26>          |    7.233|
a<5>           |c<27>          |    7.066|
a<5>           |c<28>          |    7.311|
a<5>           |c<29>          |    7.455|
a<5>           |c<30>          |    7.464|
a<5>           |c<31>          |    7.766|
a<5>           |carryFlag      |    7.017|
a<5>           |overflowFlag   |    7.596|
a<5>           |signFlag       |    7.589|
a<5>           |zFlag          |    8.194|
a<6>           |c<6>           |    6.087|
a<6>           |c<7>           |    6.349|
a<6>           |c<8>           |    6.353|
a<6>           |c<9>           |    6.415|
a<6>           |c<10>          |    6.551|
a<6>           |c<11>          |    6.426|
a<6>           |c<12>          |    6.682|
a<6>           |c<13>          |    6.666|
a<6>           |c<14>          |    6.621|
a<6>           |c<15>          |    6.724|
a<6>           |c<16>          |    6.811|
a<6>           |c<17>          |    6.851|
a<6>           |c<18>          |    6.871|
a<6>           |c<19>          |    6.908|
a<6>           |c<20>          |    7.125|
a<6>           |c<21>          |    7.129|
a<6>           |c<22>          |    7.281|
a<6>           |c<23>          |    7.024|
a<6>           |c<24>          |    7.097|
a<6>           |c<25>          |    7.026|
a<6>           |c<26>          |    7.193|
a<6>           |c<27>          |    7.026|
a<6>           |c<28>          |    7.271|
a<6>           |c<29>          |    7.415|
a<6>           |c<30>          |    7.424|
a<6>           |c<31>          |    7.726|
a<6>           |carryFlag      |    6.977|
a<6>           |overflowFlag   |    7.556|
a<6>           |signFlag       |    7.549|
a<6>           |zFlag          |    8.154|
a<7>           |c<7>           |    6.235|
a<7>           |c<8>           |    6.283|
a<7>           |c<9>           |    6.345|
a<7>           |c<10>          |    6.481|
a<7>           |c<11>          |    6.356|
a<7>           |c<12>          |    6.612|
a<7>           |c<13>          |    6.596|
a<7>           |c<14>          |    6.551|
a<7>           |c<15>          |    6.654|
a<7>           |c<16>          |    6.741|
a<7>           |c<17>          |    6.781|
a<7>           |c<18>          |    6.801|
a<7>           |c<19>          |    6.838|
a<7>           |c<20>          |    7.055|
a<7>           |c<21>          |    7.059|
a<7>           |c<22>          |    7.211|
a<7>           |c<23>          |    6.954|
a<7>           |c<24>          |    7.027|
a<7>           |c<25>          |    6.956|
a<7>           |c<26>          |    7.123|
a<7>           |c<27>          |    6.956|
a<7>           |c<28>          |    7.201|
a<7>           |c<29>          |    7.345|
a<7>           |c<30>          |    7.354|
a<7>           |c<31>          |    7.656|
a<7>           |carryFlag      |    6.907|
a<7>           |overflowFlag   |    7.486|
a<7>           |signFlag       |    7.479|
a<7>           |zFlag          |    8.084|
a<8>           |c<8>           |    6.222|
a<8>           |c<9>           |    6.321|
a<8>           |c<10>          |    6.552|
a<8>           |c<11>          |    6.434|
a<8>           |c<12>          |    6.717|
a<8>           |c<13>          |    6.701|
a<8>           |c<14>          |    6.656|
a<8>           |c<15>          |    6.759|
a<8>           |c<16>          |    6.846|
a<8>           |c<17>          |    6.886|
a<8>           |c<18>          |    6.906|
a<8>           |c<19>          |    6.943|
a<8>           |c<20>          |    7.160|
a<8>           |c<21>          |    7.164|
a<8>           |c<22>          |    7.316|
a<8>           |c<23>          |    7.059|
a<8>           |c<24>          |    7.132|
a<8>           |c<25>          |    7.061|
a<8>           |c<26>          |    7.228|
a<8>           |c<27>          |    7.061|
a<8>           |c<28>          |    7.306|
a<8>           |c<29>          |    7.450|
a<8>           |c<30>          |    7.459|
a<8>           |c<31>          |    7.761|
a<8>           |carryFlag      |    7.012|
a<8>           |overflowFlag   |    7.591|
a<8>           |signFlag       |    7.584|
a<8>           |zFlag          |    8.049|
a<9>           |c<9>           |    6.203|
a<9>           |c<10>          |    6.513|
a<9>           |c<11>          |    6.383|
a<9>           |c<12>          |    6.670|
a<9>           |c<13>          |    6.654|
a<9>           |c<14>          |    6.609|
a<9>           |c<15>          |    6.712|
a<9>           |c<16>          |    6.799|
a<9>           |c<17>          |    6.839|
a<9>           |c<18>          |    6.859|
a<9>           |c<19>          |    6.896|
a<9>           |c<20>          |    7.113|
a<9>           |c<21>          |    7.117|
a<9>           |c<22>          |    7.269|
a<9>           |c<23>          |    7.012|
a<9>           |c<24>          |    7.085|
a<9>           |c<25>          |    7.014|
a<9>           |c<26>          |    7.181|
a<9>           |c<27>          |    7.014|
a<9>           |c<28>          |    7.259|
a<9>           |c<29>          |    7.403|
a<9>           |c<30>          |    7.412|
a<9>           |c<31>          |    7.714|
a<9>           |carryFlag      |    6.965|
a<9>           |overflowFlag   |    7.544|
a<9>           |signFlag       |    7.537|
a<9>           |zFlag          |    8.002|
a<10>          |c<10>          |    6.065|
a<10>          |c<11>          |    5.944|
a<10>          |c<12>          |    6.312|
a<10>          |c<13>          |    6.296|
a<10>          |c<14>          |    6.251|
a<10>          |c<15>          |    6.354|
a<10>          |c<16>          |    6.441|
a<10>          |c<17>          |    6.481|
a<10>          |c<18>          |    6.501|
a<10>          |c<19>          |    6.538|
a<10>          |c<20>          |    6.755|
a<10>          |c<21>          |    6.759|
a<10>          |c<22>          |    6.911|
a<10>          |c<23>          |    6.654|
a<10>          |c<24>          |    6.727|
a<10>          |c<25>          |    6.656|
a<10>          |c<26>          |    6.823|
a<10>          |c<27>          |    6.656|
a<10>          |c<28>          |    6.901|
a<10>          |c<29>          |    7.045|
a<10>          |c<30>          |    7.054|
a<10>          |c<31>          |    7.356|
a<10>          |carryFlag      |    6.607|
a<10>          |overflowFlag   |    7.186|
a<10>          |signFlag       |    7.179|
a<10>          |zFlag          |    7.644|
a<11>          |c<11>          |    5.665|
a<11>          |c<12>          |    6.077|
a<11>          |c<13>          |    6.061|
a<11>          |c<14>          |    6.016|
a<11>          |c<15>          |    6.119|
a<11>          |c<16>          |    6.206|
a<11>          |c<17>          |    6.246|
a<11>          |c<18>          |    6.266|
a<11>          |c<19>          |    6.303|
a<11>          |c<20>          |    6.520|
a<11>          |c<21>          |    6.524|
a<11>          |c<22>          |    6.676|
a<11>          |c<23>          |    6.419|
a<11>          |c<24>          |    6.492|
a<11>          |c<25>          |    6.421|
a<11>          |c<26>          |    6.588|
a<11>          |c<27>          |    6.421|
a<11>          |c<28>          |    6.666|
a<11>          |c<29>          |    6.810|
a<11>          |c<30>          |    6.819|
a<11>          |c<31>          |    7.121|
a<11>          |carryFlag      |    6.372|
a<11>          |overflowFlag   |    6.951|
a<11>          |signFlag       |    6.944|
a<11>          |zFlag          |    7.409|
a<12>          |c<12>          |    6.130|
a<12>          |c<13>          |    6.151|
a<12>          |c<14>          |    6.201|
a<12>          |c<15>          |    6.311|
a<12>          |c<16>          |    6.425|
a<12>          |c<17>          |    6.465|
a<12>          |c<18>          |    6.485|
a<12>          |c<19>          |    6.522|
a<12>          |c<20>          |    6.739|
a<12>          |c<21>          |    6.743|
a<12>          |c<22>          |    6.895|
a<12>          |c<23>          |    6.638|
a<12>          |c<24>          |    6.711|
a<12>          |c<25>          |    6.640|
a<12>          |c<26>          |    6.807|
a<12>          |c<27>          |    6.640|
a<12>          |c<28>          |    6.885|
a<12>          |c<29>          |    7.029|
a<12>          |c<30>          |    7.038|
a<12>          |c<31>          |    7.340|
a<12>          |carryFlag      |    6.591|
a<12>          |overflowFlag   |    7.170|
a<12>          |signFlag       |    7.163|
a<12>          |zFlag          |    7.628|
a<13>          |c<13>          |    6.040|
a<13>          |c<14>          |    6.169|
a<13>          |c<15>          |    6.267|
a<13>          |c<16>          |    6.385|
a<13>          |c<17>          |    6.425|
a<13>          |c<18>          |    6.445|
a<13>          |c<19>          |    6.482|
a<13>          |c<20>          |    6.699|
a<13>          |c<21>          |    6.703|
a<13>          |c<22>          |    6.855|
a<13>          |c<23>          |    6.598|
a<13>          |c<24>          |    6.671|
a<13>          |c<25>          |    6.600|
a<13>          |c<26>          |    6.767|
a<13>          |c<27>          |    6.600|
a<13>          |c<28>          |    6.845|
a<13>          |c<29>          |    6.989|
a<13>          |c<30>          |    6.998|
a<13>          |c<31>          |    7.300|
a<13>          |carryFlag      |    6.551|
a<13>          |overflowFlag   |    7.130|
a<13>          |signFlag       |    7.123|
a<13>          |zFlag          |    7.588|
a<14>          |c<14>          |    6.003|
a<14>          |c<15>          |    6.110|
a<14>          |c<16>          |    6.309|
a<14>          |c<17>          |    6.349|
a<14>          |c<18>          |    6.369|
a<14>          |c<19>          |    6.406|
a<14>          |c<20>          |    6.623|
a<14>          |c<21>          |    6.627|
a<14>          |c<22>          |    6.779|
a<14>          |c<23>          |    6.522|
a<14>          |c<24>          |    6.595|
a<14>          |c<25>          |    6.524|
a<14>          |c<26>          |    6.691|
a<14>          |c<27>          |    6.524|
a<14>          |c<28>          |    6.769|
a<14>          |c<29>          |    6.913|
a<14>          |c<30>          |    6.922|
a<14>          |c<31>          |    7.224|
a<14>          |carryFlag      |    6.475|
a<14>          |overflowFlag   |    7.054|
a<14>          |signFlag       |    7.047|
a<14>          |zFlag          |    7.512|
a<15>          |c<15>          |    6.095|
a<15>          |c<16>          |    6.338|
a<15>          |c<17>          |    6.378|
a<15>          |c<18>          |    6.398|
a<15>          |c<19>          |    6.435|
a<15>          |c<20>          |    6.652|
a<15>          |c<21>          |    6.656|
a<15>          |c<22>          |    6.808|
a<15>          |c<23>          |    6.551|
a<15>          |c<24>          |    6.624|
a<15>          |c<25>          |    6.553|
a<15>          |c<26>          |    6.720|
a<15>          |c<27>          |    6.553|
a<15>          |c<28>          |    6.798|
a<15>          |c<29>          |    6.942|
a<15>          |c<30>          |    6.951|
a<15>          |c<31>          |    7.253|
a<15>          |carryFlag      |    6.504|
a<15>          |overflowFlag   |    7.083|
a<15>          |signFlag       |    7.076|
a<15>          |zFlag          |    7.541|
a<16>          |c<16>          |    6.046|
a<16>          |c<17>          |    6.123|
a<16>          |c<18>          |    6.238|
a<16>          |c<19>          |    6.282|
a<16>          |c<20>          |    6.526|
a<16>          |c<21>          |    6.530|
a<16>          |c<22>          |    6.682|
a<16>          |c<23>          |    6.425|
a<16>          |c<24>          |    6.498|
a<16>          |c<25>          |    6.427|
a<16>          |c<26>          |    6.594|
a<16>          |c<27>          |    6.427|
a<16>          |c<28>          |    6.672|
a<16>          |c<29>          |    6.816|
a<16>          |c<30>          |    6.825|
a<16>          |c<31>          |    7.127|
a<16>          |carryFlag      |    6.378|
a<16>          |overflowFlag   |    6.957|
a<16>          |signFlag       |    6.950|
a<16>          |zFlag          |    7.415|
a<17>          |c<17>          |    6.083|
a<17>          |c<18>          |    6.277|
a<17>          |c<19>          |    6.309|
a<17>          |c<20>          |    6.557|
a<17>          |c<21>          |    6.561|
a<17>          |c<22>          |    6.713|
a<17>          |c<23>          |    6.456|
a<17>          |c<24>          |    6.529|
a<17>          |c<25>          |    6.458|
a<17>          |c<26>          |    6.625|
a<17>          |c<27>          |    6.458|
a<17>          |c<28>          |    6.703|
a<17>          |c<29>          |    6.847|
a<17>          |c<30>          |    6.856|
a<17>          |c<31>          |    7.158|
a<17>          |carryFlag      |    6.409|
a<17>          |overflowFlag   |    6.988|
a<17>          |signFlag       |    6.981|
a<17>          |zFlag          |    7.446|
a<18>          |c<18>          |    5.980|
a<18>          |c<19>          |    6.021|
a<18>          |c<20>          |    6.350|
a<18>          |c<21>          |    6.354|
a<18>          |c<22>          |    6.506|
a<18>          |c<23>          |    6.249|
a<18>          |c<24>          |    6.322|
a<18>          |c<25>          |    6.251|
a<18>          |c<26>          |    6.418|
a<18>          |c<27>          |    6.251|
a<18>          |c<28>          |    6.496|
a<18>          |c<29>          |    6.640|
a<18>          |c<30>          |    6.649|
a<18>          |c<31>          |    6.951|
a<18>          |carryFlag      |    6.202|
a<18>          |overflowFlag   |    6.781|
a<18>          |signFlag       |    6.774|
a<18>          |zFlag          |    7.239|
a<19>          |c<19>          |    5.920|
a<19>          |c<20>          |    6.293|
a<19>          |c<21>          |    6.297|
a<19>          |c<22>          |    6.449|
a<19>          |c<23>          |    6.192|
a<19>          |c<24>          |    6.265|
a<19>          |c<25>          |    6.194|
a<19>          |c<26>          |    6.361|
a<19>          |c<27>          |    6.194|
a<19>          |c<28>          |    6.439|
a<19>          |c<29>          |    6.583|
a<19>          |c<30>          |    6.592|
a<19>          |c<31>          |    6.894|
a<19>          |carryFlag      |    6.145|
a<19>          |overflowFlag   |    6.724|
a<19>          |signFlag       |    6.717|
a<19>          |zFlag          |    7.182|
a<20>          |c<20>          |    6.143|
a<20>          |c<21>          |    6.184|
a<20>          |c<22>          |    6.431|
a<20>          |c<23>          |    6.181|
a<20>          |c<24>          |    6.281|
a<20>          |c<25>          |    6.210|
a<20>          |c<26>          |    6.377|
a<20>          |c<27>          |    6.210|
a<20>          |c<28>          |    6.455|
a<20>          |c<29>          |    6.599|
a<20>          |c<30>          |    6.608|
a<20>          |c<31>          |    6.910|
a<20>          |carryFlag      |    6.161|
a<20>          |overflowFlag   |    6.740|
a<20>          |signFlag       |    6.733|
a<20>          |zFlag          |    7.198|
a<21>          |c<21>          |    5.758|
a<21>          |c<22>          |    6.084|
a<21>          |c<23>          |    5.822|
a<21>          |c<24>          |    5.926|
a<21>          |c<25>          |    5.855|
a<21>          |c<26>          |    6.022|
a<21>          |c<27>          |    5.855|
a<21>          |c<28>          |    6.100|
a<21>          |c<29>          |    6.244|
a<21>          |c<30>          |    6.253|
a<21>          |c<31>          |    6.555|
a<21>          |carryFlag      |    5.806|
a<21>          |overflowFlag   |    6.385|
a<21>          |signFlag       |    6.378|
a<21>          |zFlag          |    6.843|
a<22>          |c<22>          |    6.005|
a<22>          |c<23>          |    5.752|
a<22>          |c<24>          |    5.937|
a<22>          |c<25>          |    5.866|
a<22>          |c<26>          |    6.033|
a<22>          |c<27>          |    5.866|
a<22>          |c<28>          |    6.111|
a<22>          |c<29>          |    6.255|
a<22>          |c<30>          |    6.264|
a<22>          |c<31>          |    6.566|
a<22>          |carryFlag      |    5.817|
a<22>          |overflowFlag   |    6.396|
a<22>          |signFlag       |    6.389|
a<22>          |zFlag          |    6.854|
a<23>          |c<23>          |    5.714|
a<23>          |c<24>          |    5.943|
a<23>          |c<25>          |    5.872|
a<23>          |c<26>          |    6.039|
a<23>          |c<27>          |    5.872|
a<23>          |c<28>          |    6.117|
a<23>          |c<29>          |    6.261|
a<23>          |c<30>          |    6.270|
a<23>          |c<31>          |    6.572|
a<23>          |carryFlag      |    5.823|
a<23>          |overflowFlag   |    6.402|
a<23>          |signFlag       |    6.395|
a<23>          |zFlag          |    6.860|
a<24>          |c<24>          |    5.960|
a<24>          |c<25>          |    5.926|
a<24>          |c<26>          |    6.188|
a<24>          |c<27>          |    6.028|
a<24>          |c<28>          |    6.300|
a<24>          |c<29>          |    6.444|
a<24>          |c<30>          |    6.453|
a<24>          |c<31>          |    6.755|
a<24>          |carryFlag      |    6.006|
a<24>          |overflowFlag   |    6.585|
a<24>          |signFlag       |    6.578|
a<24>          |zFlag          |    7.043|
a<25>          |c<25>          |    5.728|
a<25>          |c<26>          |    6.069|
a<25>          |c<27>          |    5.897|
a<25>          |c<28>          |    6.173|
a<25>          |c<29>          |    6.317|
a<25>          |c<30>          |    6.326|
a<25>          |c<31>          |    6.628|
a<25>          |carryFlag      |    5.879|
a<25>          |overflowFlag   |    6.458|
a<25>          |signFlag       |    6.451|
a<25>          |zFlag          |    6.916|
a<26>          |c<26>          |    6.048|
a<26>          |c<27>          |    5.885|
a<26>          |c<28>          |    6.242|
a<26>          |c<29>          |    6.386|
a<26>          |c<30>          |    6.395|
a<26>          |c<31>          |    6.697|
a<26>          |carryFlag      |    5.948|
a<26>          |overflowFlag   |    6.527|
a<26>          |signFlag       |    6.520|
a<26>          |zFlag          |    6.985|
a<27>          |c<27>          |    6.296|
a<27>          |c<28>          |    6.697|
a<27>          |c<29>          |    6.841|
a<27>          |c<30>          |    6.850|
a<27>          |c<31>          |    7.152|
a<27>          |carryFlag      |    6.403|
a<27>          |overflowFlag   |    6.982|
a<27>          |signFlag       |    6.975|
a<27>          |zFlag          |    7.440|
a<28>          |c<28>          |    5.986|
a<28>          |c<29>          |    6.167|
a<28>          |c<30>          |    6.271|
a<28>          |c<31>          |    6.579|
a<28>          |carryFlag      |    5.858|
a<28>          |overflowFlag   |    6.409|
a<28>          |signFlag       |    6.402|
a<28>          |zFlag          |    6.861|
a<29>          |c<29>          |    6.377|
a<29>          |c<30>          |    6.560|
a<29>          |c<31>          |    6.856|
a<29>          |carryFlag      |    6.139|
a<29>          |overflowFlag   |    6.686|
a<29>          |signFlag       |    6.679|
a<29>          |zFlag          |    7.150|
a<30>          |c<30>          |    6.445|
a<30>          |c<31>          |    6.750|
a<30>          |carryFlag      |    6.114|
a<30>          |overflowFlag   |    6.580|
a<30>          |signFlag       |    6.573|
a<30>          |zFlag          |    7.035|
a<31>          |c<31>          |    6.752|
a<31>          |carryFlag      |    6.160|
a<31>          |overflowFlag   |    6.582|
a<31>          |signFlag       |    6.575|
a<31>          |zFlag          |    6.675|
addSub         |c<0>           |    6.227|
addSub         |c<1>           |    6.259|
addSub         |c<2>           |    6.473|
addSub         |c<3>           |    6.460|
addSub         |c<4>           |    6.513|
addSub         |c<5>           |    6.727|
addSub         |c<6>           |    6.547|
addSub         |c<7>           |    6.804|
addSub         |c<8>           |    6.723|
addSub         |c<9>           |    6.785|
addSub         |c<10>          |    6.931|
addSub         |c<11>          |    6.801|
addSub         |c<12>          |    7.088|
addSub         |c<13>          |    7.072|
addSub         |c<14>          |    7.040|
addSub         |c<15>          |    7.138|
addSub         |c<16>          |    7.256|
addSub         |c<17>          |    7.296|
addSub         |c<18>          |    7.316|
addSub         |c<19>          |    7.353|
addSub         |c<20>          |    7.570|
addSub         |c<21>          |    7.574|
addSub         |c<22>          |    7.726|
addSub         |c<23>          |    7.469|
addSub         |c<24>          |    7.542|
addSub         |c<25>          |    7.471|
addSub         |c<26>          |    7.638|
addSub         |c<27>          |    7.471|
addSub         |c<28>          |    7.727|
addSub         |c<29>          |    7.871|
addSub         |c<30>          |    7.880|
addSub         |c<31>          |    8.182|
addSub         |carryFlag      |    7.433|
addSub         |overflowFlag   |    8.012|
addSub         |signFlag       |    8.005|
addSub         |zFlag          |    8.524|
b<0>           |c<0>           |    6.201|
b<0>           |c<1>           |    6.233|
b<0>           |c<2>           |    6.446|
b<0>           |c<3>           |    6.434|
b<0>           |c<4>           |    6.487|
b<0>           |c<5>           |    6.701|
b<0>           |c<6>           |    6.520|
b<0>           |c<7>           |    6.778|
b<0>           |c<8>           |    6.670|
b<0>           |c<9>           |    6.732|
b<0>           |c<10>          |    6.868|
b<0>           |c<11>          |    6.743|
b<0>           |c<12>          |    6.999|
b<0>           |c<13>          |    6.983|
b<0>           |c<14>          |    6.938|
b<0>           |c<15>          |    7.041|
b<0>           |c<16>          |    7.128|
b<0>           |c<17>          |    7.168|
b<0>           |c<18>          |    7.188|
b<0>           |c<19>          |    7.225|
b<0>           |c<20>          |    7.442|
b<0>           |c<21>          |    7.446|
b<0>           |c<22>          |    7.598|
b<0>           |c<23>          |    7.341|
b<0>           |c<24>          |    7.414|
b<0>           |c<25>          |    7.343|
b<0>           |c<26>          |    7.510|
b<0>           |c<27>          |    7.343|
b<0>           |c<28>          |    7.588|
b<0>           |c<29>          |    7.732|
b<0>           |c<30>          |    7.741|
b<0>           |c<31>          |    8.043|
b<0>           |carryFlag      |    7.294|
b<0>           |overflowFlag   |    7.873|
b<0>           |signFlag       |    7.866|
b<0>           |zFlag          |    8.471|
b<1>           |c<1>           |    5.986|
b<1>           |c<2>           |    6.278|
b<1>           |c<3>           |    6.254|
b<1>           |c<4>           |    6.311|
b<1>           |c<5>           |    6.525|
b<1>           |c<6>           |    6.344|
b<1>           |c<7>           |    6.602|
b<1>           |c<8>           |    6.494|
b<1>           |c<9>           |    6.556|
b<1>           |c<10>          |    6.692|
b<1>           |c<11>          |    6.567|
b<1>           |c<12>          |    6.823|
b<1>           |c<13>          |    6.807|
b<1>           |c<14>          |    6.762|
b<1>           |c<15>          |    6.865|
b<1>           |c<16>          |    6.952|
b<1>           |c<17>          |    6.992|
b<1>           |c<18>          |    7.012|
b<1>           |c<19>          |    7.049|
b<1>           |c<20>          |    7.266|
b<1>           |c<21>          |    7.270|
b<1>           |c<22>          |    7.422|
b<1>           |c<23>          |    7.165|
b<1>           |c<24>          |    7.238|
b<1>           |c<25>          |    7.167|
b<1>           |c<26>          |    7.334|
b<1>           |c<27>          |    7.167|
b<1>           |c<28>          |    7.412|
b<1>           |c<29>          |    7.556|
b<1>           |c<30>          |    7.565|
b<1>           |c<31>          |    7.867|
b<1>           |carryFlag      |    7.118|
b<1>           |overflowFlag   |    7.697|
b<1>           |signFlag       |    7.690|
b<1>           |zFlag          |    8.295|
b<2>           |c<2>           |    6.369|
b<2>           |c<3>           |    6.354|
b<2>           |c<4>           |    6.492|
b<2>           |c<5>           |    6.706|
b<2>           |c<6>           |    6.525|
b<2>           |c<7>           |    6.783|
b<2>           |c<8>           |    6.675|
b<2>           |c<9>           |    6.737|
b<2>           |c<10>          |    6.873|
b<2>           |c<11>          |    6.748|
b<2>           |c<12>          |    7.004|
b<2>           |c<13>          |    6.988|
b<2>           |c<14>          |    6.943|
b<2>           |c<15>          |    7.046|
b<2>           |c<16>          |    7.133|
b<2>           |c<17>          |    7.173|
b<2>           |c<18>          |    7.193|
b<2>           |c<19>          |    7.230|
b<2>           |c<20>          |    7.447|
b<2>           |c<21>          |    7.451|
b<2>           |c<22>          |    7.603|
b<2>           |c<23>          |    7.346|
b<2>           |c<24>          |    7.419|
b<2>           |c<25>          |    7.348|
b<2>           |c<26>          |    7.515|
b<2>           |c<27>          |    7.348|
b<2>           |c<28>          |    7.593|
b<2>           |c<29>          |    7.737|
b<2>           |c<30>          |    7.746|
b<2>           |c<31>          |    8.048|
b<2>           |carryFlag      |    7.299|
b<2>           |overflowFlag   |    7.878|
b<2>           |signFlag       |    7.871|
b<2>           |zFlag          |    8.476|
b<3>           |c<3>           |    6.159|
b<3>           |c<4>           |    6.341|
b<3>           |c<5>           |    6.555|
b<3>           |c<6>           |    6.374|
b<3>           |c<7>           |    6.632|
b<3>           |c<8>           |    6.524|
b<3>           |c<9>           |    6.586|
b<3>           |c<10>          |    6.722|
b<3>           |c<11>          |    6.597|
b<3>           |c<12>          |    6.853|
b<3>           |c<13>          |    6.837|
b<3>           |c<14>          |    6.792|
b<3>           |c<15>          |    6.895|
b<3>           |c<16>          |    6.982|
b<3>           |c<17>          |    7.022|
b<3>           |c<18>          |    7.042|
b<3>           |c<19>          |    7.079|
b<3>           |c<20>          |    7.296|
b<3>           |c<21>          |    7.300|
b<3>           |c<22>          |    7.452|
b<3>           |c<23>          |    7.195|
b<3>           |c<24>          |    7.268|
b<3>           |c<25>          |    7.197|
b<3>           |c<26>          |    7.364|
b<3>           |c<27>          |    7.197|
b<3>           |c<28>          |    7.442|
b<3>           |c<29>          |    7.586|
b<3>           |c<30>          |    7.595|
b<3>           |c<31>          |    7.897|
b<3>           |carryFlag      |    7.148|
b<3>           |overflowFlag   |    7.727|
b<3>           |signFlag       |    7.720|
b<3>           |zFlag          |    8.325|
b<4>           |c<4>           |    5.864|
b<4>           |c<5>           |    6.115|
b<4>           |c<6>           |    6.029|
b<4>           |c<7>           |    6.294|
b<4>           |c<8>           |    6.213|
b<4>           |c<9>           |    6.275|
b<4>           |c<10>          |    6.411|
b<4>           |c<11>          |    6.286|
b<4>           |c<12>          |    6.542|
b<4>           |c<13>          |    6.526|
b<4>           |c<14>          |    6.481|
b<4>           |c<15>          |    6.584|
b<4>           |c<16>          |    6.671|
b<4>           |c<17>          |    6.711|
b<4>           |c<18>          |    6.731|
b<4>           |c<19>          |    6.768|
b<4>           |c<20>          |    6.985|
b<4>           |c<21>          |    6.989|
b<4>           |c<22>          |    7.141|
b<4>           |c<23>          |    6.884|
b<4>           |c<24>          |    6.957|
b<4>           |c<25>          |    6.886|
b<4>           |c<26>          |    7.053|
b<4>           |c<27>          |    6.886|
b<4>           |c<28>          |    7.131|
b<4>           |c<29>          |    7.275|
b<4>           |c<30>          |    7.284|
b<4>           |c<31>          |    7.586|
b<4>           |carryFlag      |    6.837|
b<4>           |overflowFlag   |    7.416|
b<4>           |signFlag       |    7.409|
b<4>           |zFlag          |    8.014|
b<5>           |c<5>           |    6.091|
b<5>           |c<6>           |    6.084|
b<5>           |c<7>           |    6.337|
b<5>           |c<8>           |    6.260|
b<5>           |c<9>           |    6.322|
b<5>           |c<10>          |    6.458|
b<5>           |c<11>          |    6.333|
b<5>           |c<12>          |    6.589|
b<5>           |c<13>          |    6.573|
b<5>           |c<14>          |    6.528|
b<5>           |c<15>          |    6.631|
b<5>           |c<16>          |    6.718|
b<5>           |c<17>          |    6.758|
b<5>           |c<18>          |    6.778|
b<5>           |c<19>          |    6.815|
b<5>           |c<20>          |    7.032|
b<5>           |c<21>          |    7.036|
b<5>           |c<22>          |    7.188|
b<5>           |c<23>          |    6.931|
b<5>           |c<24>          |    7.004|
b<5>           |c<25>          |    6.933|
b<5>           |c<26>          |    7.100|
b<5>           |c<27>          |    6.933|
b<5>           |c<28>          |    7.178|
b<5>           |c<29>          |    7.322|
b<5>           |c<30>          |    7.331|
b<5>           |c<31>          |    7.633|
b<5>           |carryFlag      |    6.884|
b<5>           |overflowFlag   |    7.463|
b<5>           |signFlag       |    7.456|
b<5>           |zFlag          |    8.061|
b<6>           |c<6>           |    6.148|
b<6>           |c<7>           |    6.410|
b<6>           |c<8>           |    6.414|
b<6>           |c<9>           |    6.476|
b<6>           |c<10>          |    6.612|
b<6>           |c<11>          |    6.487|
b<6>           |c<12>          |    6.743|
b<6>           |c<13>          |    6.727|
b<6>           |c<14>          |    6.682|
b<6>           |c<15>          |    6.785|
b<6>           |c<16>          |    6.872|
b<6>           |c<17>          |    6.912|
b<6>           |c<18>          |    6.932|
b<6>           |c<19>          |    6.969|
b<6>           |c<20>          |    7.186|
b<6>           |c<21>          |    7.190|
b<6>           |c<22>          |    7.342|
b<6>           |c<23>          |    7.085|
b<6>           |c<24>          |    7.158|
b<6>           |c<25>          |    7.087|
b<6>           |c<26>          |    7.254|
b<6>           |c<27>          |    7.087|
b<6>           |c<28>          |    7.332|
b<6>           |c<29>          |    7.476|
b<6>           |c<30>          |    7.485|
b<6>           |c<31>          |    7.787|
b<6>           |carryFlag      |    7.038|
b<6>           |overflowFlag   |    7.617|
b<6>           |signFlag       |    7.610|
b<6>           |zFlag          |    8.215|
b<7>           |c<7>           |    6.407|
b<7>           |c<8>           |    6.455|
b<7>           |c<9>           |    6.517|
b<7>           |c<10>          |    6.653|
b<7>           |c<11>          |    6.528|
b<7>           |c<12>          |    6.784|
b<7>           |c<13>          |    6.768|
b<7>           |c<14>          |    6.723|
b<7>           |c<15>          |    6.826|
b<7>           |c<16>          |    6.913|
b<7>           |c<17>          |    6.953|
b<7>           |c<18>          |    6.973|
b<7>           |c<19>          |    7.010|
b<7>           |c<20>          |    7.227|
b<7>           |c<21>          |    7.231|
b<7>           |c<22>          |    7.383|
b<7>           |c<23>          |    7.126|
b<7>           |c<24>          |    7.199|
b<7>           |c<25>          |    7.128|
b<7>           |c<26>          |    7.295|
b<7>           |c<27>          |    7.128|
b<7>           |c<28>          |    7.373|
b<7>           |c<29>          |    7.517|
b<7>           |c<30>          |    7.526|
b<7>           |c<31>          |    7.828|
b<7>           |carryFlag      |    7.079|
b<7>           |overflowFlag   |    7.658|
b<7>           |signFlag       |    7.651|
b<7>           |zFlag          |    8.256|
b<8>           |c<8>           |    5.917|
b<8>           |c<9>           |    6.016|
b<8>           |c<10>          |    6.247|
b<8>           |c<11>          |    6.129|
b<8>           |c<12>          |    6.412|
b<8>           |c<13>          |    6.396|
b<8>           |c<14>          |    6.351|
b<8>           |c<15>          |    6.454|
b<8>           |c<16>          |    6.541|
b<8>           |c<17>          |    6.581|
b<8>           |c<18>          |    6.601|
b<8>           |c<19>          |    6.638|
b<8>           |c<20>          |    6.855|
b<8>           |c<21>          |    6.859|
b<8>           |c<22>          |    7.011|
b<8>           |c<23>          |    6.754|
b<8>           |c<24>          |    6.827|
b<8>           |c<25>          |    6.756|
b<8>           |c<26>          |    6.923|
b<8>           |c<27>          |    6.756|
b<8>           |c<28>          |    7.001|
b<8>           |c<29>          |    7.145|
b<8>           |c<30>          |    7.154|
b<8>           |c<31>          |    7.456|
b<8>           |carryFlag      |    6.707|
b<8>           |overflowFlag   |    7.286|
b<8>           |signFlag       |    7.279|
b<8>           |zFlag          |    7.744|
b<9>           |c<9>           |    6.008|
b<9>           |c<10>          |    6.318|
b<9>           |c<11>          |    6.188|
b<9>           |c<12>          |    6.475|
b<9>           |c<13>          |    6.459|
b<9>           |c<14>          |    6.414|
b<9>           |c<15>          |    6.517|
b<9>           |c<16>          |    6.604|
b<9>           |c<17>          |    6.644|
b<9>           |c<18>          |    6.664|
b<9>           |c<19>          |    6.701|
b<9>           |c<20>          |    6.918|
b<9>           |c<21>          |    6.922|
b<9>           |c<22>          |    7.074|
b<9>           |c<23>          |    6.817|
b<9>           |c<24>          |    6.890|
b<9>           |c<25>          |    6.819|
b<9>           |c<26>          |    6.986|
b<9>           |c<27>          |    6.819|
b<9>           |c<28>          |    7.064|
b<9>           |c<29>          |    7.208|
b<9>           |c<30>          |    7.217|
b<9>           |c<31>          |    7.519|
b<9>           |carryFlag      |    6.770|
b<9>           |overflowFlag   |    7.349|
b<9>           |signFlag       |    7.342|
b<9>           |zFlag          |    7.807|
b<10>          |c<10>          |    6.213|
b<10>          |c<11>          |    6.092|
b<10>          |c<12>          |    6.460|
b<10>          |c<13>          |    6.444|
b<10>          |c<14>          |    6.399|
b<10>          |c<15>          |    6.502|
b<10>          |c<16>          |    6.589|
b<10>          |c<17>          |    6.629|
b<10>          |c<18>          |    6.649|
b<10>          |c<19>          |    6.686|
b<10>          |c<20>          |    6.903|
b<10>          |c<21>          |    6.907|
b<10>          |c<22>          |    7.059|
b<10>          |c<23>          |    6.802|
b<10>          |c<24>          |    6.875|
b<10>          |c<25>          |    6.804|
b<10>          |c<26>          |    6.971|
b<10>          |c<27>          |    6.804|
b<10>          |c<28>          |    7.049|
b<10>          |c<29>          |    7.193|
b<10>          |c<30>          |    7.202|
b<10>          |c<31>          |    7.504|
b<10>          |carryFlag      |    6.755|
b<10>          |overflowFlag   |    7.334|
b<10>          |signFlag       |    7.327|
b<10>          |zFlag          |    7.792|
b<11>          |c<11>          |    6.195|
b<11>          |c<12>          |    6.607|
b<11>          |c<13>          |    6.591|
b<11>          |c<14>          |    6.546|
b<11>          |c<15>          |    6.649|
b<11>          |c<16>          |    6.736|
b<11>          |c<17>          |    6.776|
b<11>          |c<18>          |    6.796|
b<11>          |c<19>          |    6.833|
b<11>          |c<20>          |    7.050|
b<11>          |c<21>          |    7.054|
b<11>          |c<22>          |    7.206|
b<11>          |c<23>          |    6.949|
b<11>          |c<24>          |    7.022|
b<11>          |c<25>          |    6.951|
b<11>          |c<26>          |    7.118|
b<11>          |c<27>          |    6.951|
b<11>          |c<28>          |    7.196|
b<11>          |c<29>          |    7.340|
b<11>          |c<30>          |    7.349|
b<11>          |c<31>          |    7.651|
b<11>          |carryFlag      |    6.902|
b<11>          |overflowFlag   |    7.481|
b<11>          |signFlag       |    7.474|
b<11>          |zFlag          |    7.939|
b<12>          |c<12>          |    6.336|
b<12>          |c<13>          |    6.357|
b<12>          |c<14>          |    6.407|
b<12>          |c<15>          |    6.517|
b<12>          |c<16>          |    6.631|
b<12>          |c<17>          |    6.671|
b<12>          |c<18>          |    6.691|
b<12>          |c<19>          |    6.728|
b<12>          |c<20>          |    6.945|
b<12>          |c<21>          |    6.949|
b<12>          |c<22>          |    7.101|
b<12>          |c<23>          |    6.844|
b<12>          |c<24>          |    6.917|
b<12>          |c<25>          |    6.846|
b<12>          |c<26>          |    7.013|
b<12>          |c<27>          |    6.846|
b<12>          |c<28>          |    7.091|
b<12>          |c<29>          |    7.235|
b<12>          |c<30>          |    7.244|
b<12>          |c<31>          |    7.546|
b<12>          |carryFlag      |    6.797|
b<12>          |overflowFlag   |    7.376|
b<12>          |signFlag       |    7.369|
b<12>          |zFlag          |    7.834|
b<13>          |c<13>          |    6.212|
b<13>          |c<14>          |    6.341|
b<13>          |c<15>          |    6.439|
b<13>          |c<16>          |    6.557|
b<13>          |c<17>          |    6.597|
b<13>          |c<18>          |    6.617|
b<13>          |c<19>          |    6.654|
b<13>          |c<20>          |    6.871|
b<13>          |c<21>          |    6.875|
b<13>          |c<22>          |    7.027|
b<13>          |c<23>          |    6.770|
b<13>          |c<24>          |    6.843|
b<13>          |c<25>          |    6.772|
b<13>          |c<26>          |    6.939|
b<13>          |c<27>          |    6.772|
b<13>          |c<28>          |    7.017|
b<13>          |c<29>          |    7.161|
b<13>          |c<30>          |    7.170|
b<13>          |c<31>          |    7.472|
b<13>          |carryFlag      |    6.723|
b<13>          |overflowFlag   |    7.302|
b<13>          |signFlag       |    7.295|
b<13>          |zFlag          |    7.760|
b<14>          |c<14>          |    6.353|
b<14>          |c<15>          |    6.460|
b<14>          |c<16>          |    6.659|
b<14>          |c<17>          |    6.699|
b<14>          |c<18>          |    6.719|
b<14>          |c<19>          |    6.756|
b<14>          |c<20>          |    6.973|
b<14>          |c<21>          |    6.977|
b<14>          |c<22>          |    7.129|
b<14>          |c<23>          |    6.872|
b<14>          |c<24>          |    6.945|
b<14>          |c<25>          |    6.874|
b<14>          |c<26>          |    7.041|
b<14>          |c<27>          |    6.874|
b<14>          |c<28>          |    7.119|
b<14>          |c<29>          |    7.263|
b<14>          |c<30>          |    7.272|
b<14>          |c<31>          |    7.574|
b<14>          |carryFlag      |    6.825|
b<14>          |overflowFlag   |    7.404|
b<14>          |signFlag       |    7.397|
b<14>          |zFlag          |    7.862|
b<15>          |c<15>          |    6.242|
b<15>          |c<16>          |    6.485|
b<15>          |c<17>          |    6.525|
b<15>          |c<18>          |    6.545|
b<15>          |c<19>          |    6.582|
b<15>          |c<20>          |    6.799|
b<15>          |c<21>          |    6.803|
b<15>          |c<22>          |    6.955|
b<15>          |c<23>          |    6.698|
b<15>          |c<24>          |    6.771|
b<15>          |c<25>          |    6.700|
b<15>          |c<26>          |    6.867|
b<15>          |c<27>          |    6.700|
b<15>          |c<28>          |    6.945|
b<15>          |c<29>          |    7.089|
b<15>          |c<30>          |    7.098|
b<15>          |c<31>          |    7.400|
b<15>          |carryFlag      |    6.651|
b<15>          |overflowFlag   |    7.230|
b<15>          |signFlag       |    7.223|
b<15>          |zFlag          |    7.688|
b<16>          |c<16>          |    6.068|
b<16>          |c<17>          |    6.145|
b<16>          |c<18>          |    6.260|
b<16>          |c<19>          |    6.304|
b<16>          |c<20>          |    6.548|
b<16>          |c<21>          |    6.552|
b<16>          |c<22>          |    6.704|
b<16>          |c<23>          |    6.447|
b<16>          |c<24>          |    6.520|
b<16>          |c<25>          |    6.449|
b<16>          |c<26>          |    6.616|
b<16>          |c<27>          |    6.449|
b<16>          |c<28>          |    6.694|
b<16>          |c<29>          |    6.838|
b<16>          |c<30>          |    6.847|
b<16>          |c<31>          |    7.149|
b<16>          |carryFlag      |    6.400|
b<16>          |overflowFlag   |    6.979|
b<16>          |signFlag       |    6.972|
b<16>          |zFlag          |    7.437|
b<17>          |c<17>          |    6.142|
b<17>          |c<18>          |    6.336|
b<17>          |c<19>          |    6.368|
b<17>          |c<20>          |    6.616|
b<17>          |c<21>          |    6.620|
b<17>          |c<22>          |    6.772|
b<17>          |c<23>          |    6.515|
b<17>          |c<24>          |    6.588|
b<17>          |c<25>          |    6.517|
b<17>          |c<26>          |    6.684|
b<17>          |c<27>          |    6.517|
b<17>          |c<28>          |    6.762|
b<17>          |c<29>          |    6.906|
b<17>          |c<30>          |    6.915|
b<17>          |c<31>          |    7.217|
b<17>          |carryFlag      |    6.468|
b<17>          |overflowFlag   |    7.047|
b<17>          |signFlag       |    7.040|
b<17>          |zFlag          |    7.505|
b<18>          |c<18>          |    6.125|
b<18>          |c<19>          |    6.166|
b<18>          |c<20>          |    6.495|
b<18>          |c<21>          |    6.499|
b<18>          |c<22>          |    6.651|
b<18>          |c<23>          |    6.394|
b<18>          |c<24>          |    6.467|
b<18>          |c<25>          |    6.396|
b<18>          |c<26>          |    6.563|
b<18>          |c<27>          |    6.396|
b<18>          |c<28>          |    6.641|
b<18>          |c<29>          |    6.785|
b<18>          |c<30>          |    6.794|
b<18>          |c<31>          |    7.096|
b<18>          |carryFlag      |    6.347|
b<18>          |overflowFlag   |    6.926|
b<18>          |signFlag       |    6.919|
b<18>          |zFlag          |    7.384|
b<19>          |c<19>          |    5.897|
b<19>          |c<20>          |    6.270|
b<19>          |c<21>          |    6.274|
b<19>          |c<22>          |    6.426|
b<19>          |c<23>          |    6.169|
b<19>          |c<24>          |    6.242|
b<19>          |c<25>          |    6.171|
b<19>          |c<26>          |    6.338|
b<19>          |c<27>          |    6.171|
b<19>          |c<28>          |    6.416|
b<19>          |c<29>          |    6.560|
b<19>          |c<30>          |    6.569|
b<19>          |c<31>          |    6.871|
b<19>          |carryFlag      |    6.122|
b<19>          |overflowFlag   |    6.701|
b<19>          |signFlag       |    6.694|
b<19>          |zFlag          |    7.159|
b<20>          |c<20>          |    6.236|
b<20>          |c<21>          |    6.277|
b<20>          |c<22>          |    6.524|
b<20>          |c<23>          |    6.274|
b<20>          |c<24>          |    6.374|
b<20>          |c<25>          |    6.303|
b<20>          |c<26>          |    6.470|
b<20>          |c<27>          |    6.303|
b<20>          |c<28>          |    6.548|
b<20>          |c<29>          |    6.692|
b<20>          |c<30>          |    6.701|
b<20>          |c<31>          |    7.003|
b<20>          |carryFlag      |    6.254|
b<20>          |overflowFlag   |    6.833|
b<20>          |signFlag       |    6.826|
b<20>          |zFlag          |    7.291|
b<21>          |c<21>          |    6.028|
b<21>          |c<22>          |    6.354|
b<21>          |c<23>          |    6.092|
b<21>          |c<24>          |    6.196|
b<21>          |c<25>          |    6.125|
b<21>          |c<26>          |    6.292|
b<21>          |c<27>          |    6.125|
b<21>          |c<28>          |    6.370|
b<21>          |c<29>          |    6.514|
b<21>          |c<30>          |    6.523|
b<21>          |c<31>          |    6.825|
b<21>          |carryFlag      |    6.076|
b<21>          |overflowFlag   |    6.655|
b<21>          |signFlag       |    6.648|
b<21>          |zFlag          |    7.113|
b<22>          |c<22>          |    6.531|
b<22>          |c<23>          |    6.278|
b<22>          |c<24>          |    6.463|
b<22>          |c<25>          |    6.392|
b<22>          |c<26>          |    6.559|
b<22>          |c<27>          |    6.392|
b<22>          |c<28>          |    6.637|
b<22>          |c<29>          |    6.781|
b<22>          |c<30>          |    6.790|
b<22>          |c<31>          |    7.092|
b<22>          |carryFlag      |    6.343|
b<22>          |overflowFlag   |    6.922|
b<22>          |signFlag       |    6.915|
b<22>          |zFlag          |    7.380|
b<23>          |c<23>          |    6.070|
b<23>          |c<24>          |    6.299|
b<23>          |c<25>          |    6.228|
b<23>          |c<26>          |    6.395|
b<23>          |c<27>          |    6.228|
b<23>          |c<28>          |    6.473|
b<23>          |c<29>          |    6.617|
b<23>          |c<30>          |    6.626|
b<23>          |c<31>          |    6.928|
b<23>          |carryFlag      |    6.179|
b<23>          |overflowFlag   |    6.758|
b<23>          |signFlag       |    6.751|
b<23>          |zFlag          |    7.216|
b<24>          |c<24>          |    6.153|
b<24>          |c<25>          |    6.119|
b<24>          |c<26>          |    6.381|
b<24>          |c<27>          |    6.221|
b<24>          |c<28>          |    6.493|
b<24>          |c<29>          |    6.637|
b<24>          |c<30>          |    6.646|
b<24>          |c<31>          |    6.948|
b<24>          |carryFlag      |    6.199|
b<24>          |overflowFlag   |    6.778|
b<24>          |signFlag       |    6.771|
b<24>          |zFlag          |    7.236|
b<25>          |c<25>          |    5.962|
b<25>          |c<26>          |    6.303|
b<25>          |c<27>          |    6.131|
b<25>          |c<28>          |    6.407|
b<25>          |c<29>          |    6.551|
b<25>          |c<30>          |    6.560|
b<25>          |c<31>          |    6.862|
b<25>          |carryFlag      |    6.113|
b<25>          |overflowFlag   |    6.692|
b<25>          |signFlag       |    6.685|
b<25>          |zFlag          |    7.150|
b<26>          |c<26>          |    6.233|
b<26>          |c<27>          |    6.070|
b<26>          |c<28>          |    6.427|
b<26>          |c<29>          |    6.571|
b<26>          |c<30>          |    6.580|
b<26>          |c<31>          |    6.882|
b<26>          |carryFlag      |    6.133|
b<26>          |overflowFlag   |    6.712|
b<26>          |signFlag       |    6.705|
b<26>          |zFlag          |    7.170|
b<27>          |c<27>          |    6.102|
b<27>          |c<28>          |    6.503|
b<27>          |c<29>          |    6.647|
b<27>          |c<30>          |    6.656|
b<27>          |c<31>          |    6.958|
b<27>          |carryFlag      |    6.209|
b<27>          |overflowFlag   |    6.788|
b<27>          |signFlag       |    6.781|
b<27>          |zFlag          |    7.246|
b<28>          |c<28>          |    6.045|
b<28>          |c<29>          |    6.226|
b<28>          |c<30>          |    6.330|
b<28>          |c<31>          |    6.638|
b<28>          |carryFlag      |    5.917|
b<28>          |overflowFlag   |    6.468|
b<28>          |signFlag       |    6.461|
b<28>          |zFlag          |    6.920|
b<29>          |c<29>          |    6.436|
b<29>          |c<30>          |    6.619|
b<29>          |c<31>          |    6.915|
b<29>          |carryFlag      |    6.198|
b<29>          |overflowFlag   |    6.745|
b<29>          |signFlag       |    6.738|
b<29>          |zFlag          |    7.209|
b<30>          |c<30>          |    6.797|
b<30>          |c<31>          |    7.102|
b<30>          |carryFlag      |    6.466|
b<30>          |overflowFlag   |    6.932|
b<30>          |signFlag       |    6.925|
b<30>          |zFlag          |    7.387|
b<31>          |c<31>          |    6.881|
b<31>          |carryFlag      |    6.289|
b<31>          |overflowFlag   |    6.711|
b<31>          |signFlag       |    6.704|
b<31>          |zFlag          |    6.804|
---------------+---------------+---------+


Analysis completed Thu Oct 24 14:12:07 2013 
--------------------------------------------------------------------------------

Trace Settings:
-------------------------
Trace Settings 

Peak Memory Usage: 403 MB



