--------------------------------------------------------------------------------
Release 12.4 Trace  (nt64)
Copyright (c) 1995-2010 Xilinx, Inc.  All rights reserved.

C:\Xilinx\12.4\ISE_DS\ISE\bin\nt64\unwrapped\trce.exe -intstyle ise -v 3 -s 3
-n 3 -fastpaths -xml ALU.twx ALU.ncd -o ALU.twr ALU.pcf

Design file:              ALU.ncd
Physical constraint file: ALU.pcf
Device,package,speed:     xc6vlx75t,ff484,C,-3 (PRODUCTION 1.11 2010-11-18)
Report level:             verbose report

Environment Variable      Effect 
--------------------      ------ 
NONE                      No environment variables were set
--------------------------------------------------------------------------------

INFO:Timing:2698 - No timing constraints found, doing default enumeration.
INFO:Timing:2752 - To get complete path coverage, use the unconstrained paths 
   option. All paths that are not constrained will be reported in the 
   unconstrained paths section(s) of the report.
INFO:Timing:3339 - The clock-to-out numbers in this timing report are based on 
   a 50 Ohm transmission line loading model.  For the details of this model, 
   and for more information on accounting for different loading conditions, 
   please see the device datasheet.



Data Sheet report:
-----------------
All values displayed in nanoseconds (ns)

Pad to Pad
---------------+---------------+---------+
Source Pad     |Destination Pad|  Delay  |
---------------+---------------+---------+
ALUfn          |carryFlag      |    8.520|
ALUfn          |overflowFlag   |    9.467|
ALUfn          |result<0>      |    8.672|
ALUfn          |result<1>      |    8.928|
ALUfn          |result<2>      |    8.513|
ALUfn          |result<3>      |    8.653|
ALUfn          |result<4>      |    8.929|
ALUfn          |result<5>      |    9.303|
ALUfn          |result<6>      |    9.268|
ALUfn          |result<7>      |    9.034|
ALUfn          |result<8>      |    9.012|
ALUfn          |result<9>      |    8.953|
ALUfn          |result<10>     |    9.436|
ALUfn          |result<11>     |    9.344|
ALUfn          |result<12>     |    9.196|
ALUfn          |result<13>     |    9.268|
ALUfn          |result<14>     |    9.220|
ALUfn          |result<15>     |    9.381|
ALUfn          |result<16>     |    9.337|
ALUfn          |result<17>     |    9.719|
ALUfn          |result<18>     |    9.553|
ALUfn          |result<19>     |    9.813|
ALUfn          |result<20>     |    9.276|
ALUfn          |result<21>     |    9.878|
ALUfn          |result<22>     |    9.366|
ALUfn          |result<23>     |    9.672|
ALUfn          |result<24>     |    9.318|
ALUfn          |result<25>     |   10.580|
ALUfn          |result<26>     |    9.869|
ALUfn          |result<27>     |    9.941|
ALUfn          |result<28>     |    9.695|
ALUfn          |result<29>     |    9.781|
ALUfn          |result<30>     |    9.720|
ALUfn          |result<31>     |   10.595|
ALUfn          |signFlag       |    9.190|
ALUfn          |zFlag          |   10.497|
ALUimm         |carryFlag      |    8.547|
ALUimm         |overflowFlag   |    9.494|
ALUimm         |result<0>      |    8.372|
ALUimm         |result<1>      |    8.772|
ALUimm         |result<2>      |    8.351|
ALUimm         |result<3>      |    8.491|
ALUimm         |result<4>      |    8.760|
ALUimm         |result<5>      |    9.134|
ALUimm         |result<6>      |    9.099|
ALUimm         |result<7>      |    8.865|
ALUimm         |result<8>      |    8.844|
ALUimm         |result<9>      |    8.785|
ALUimm         |result<10>     |    9.268|
ALUimm         |result<11>     |    9.176|
ALUimm         |result<12>     |    9.028|
ALUimm         |result<13>     |    9.100|
ALUimm         |result<14>     |    9.052|
ALUimm         |result<15>     |    9.216|
ALUimm         |result<16>     |    9.197|
ALUimm         |result<17>     |    9.579|
ALUimm         |result<18>     |    9.413|
ALUimm         |result<19>     |    9.673|
ALUimm         |result<20>     |    9.136|
ALUimm         |result<21>     |    9.773|
ALUimm         |result<22>     |    9.362|
ALUimm         |result<23>     |    9.674|
ALUimm         |result<24>     |    9.345|
ALUimm         |result<25>     |   10.607|
ALUimm         |result<26>     |    9.896|
ALUimm         |result<27>     |    9.968|
ALUimm         |result<28>     |    9.722|
ALUimm         |result<29>     |    9.808|
ALUimm         |result<30>     |    9.747|
ALUimm         |result<31>     |   10.622|
ALUimm         |signFlag       |    9.217|
ALUimm         |zFlag          |   10.499|
fnClass        |result<0>      |    6.446|
fnClass        |result<1>      |    6.706|
fnClass        |result<2>      |    6.471|
fnClass        |result<3>      |    6.573|
fnClass        |result<4>      |    6.997|
fnClass        |result<5>      |    6.793|
fnClass        |result<6>      |    6.960|
fnClass        |result<7>      |    7.096|
fnClass        |result<8>      |    6.987|
fnClass        |result<9>      |    6.544|
fnClass        |result<10>     |    7.253|
fnClass        |result<11>     |    7.290|
fnClass        |result<12>     |    7.041|
fnClass        |result<13>     |    7.599|
fnClass        |result<14>     |    7.143|
fnClass        |result<15>     |    7.336|
fnClass        |result<16>     |    7.100|
fnClass        |result<17>     |    7.544|
fnClass        |result<18>     |    7.146|
fnClass        |result<19>     |    7.426|
fnClass        |result<20>     |    7.465|
fnClass        |result<21>     |    8.007|
fnClass        |result<22>     |    7.316|
fnClass        |result<23>     |    7.893|
fnClass        |result<24>     |    7.583|
fnClass        |result<25>     |    8.797|
fnClass        |result<26>     |    7.644|
fnClass        |result<27>     |    7.959|
fnClass        |result<28>     |    7.149|
fnClass        |result<29>     |    7.672|
fnClass        |result<30>     |    7.022|
fnClass        |result<31>     |    7.477|
imm<0>         |carryFlag      |    7.381|
imm<0>         |overflowFlag   |    8.328|
imm<0>         |result<0>      |    7.533|
imm<0>         |result<1>      |    7.789|
imm<0>         |result<2>      |    7.374|
imm<0>         |result<3>      |    7.514|
imm<0>         |result<4>      |    7.790|
imm<0>         |result<5>      |    8.164|
imm<0>         |result<6>      |    8.129|
imm<0>         |result<7>      |    7.895|
imm<0>         |result<8>      |    7.873|
imm<0>         |result<9>      |    7.814|
imm<0>         |result<10>     |    8.297|
imm<0>         |result<11>     |    8.205|
imm<0>         |result<12>     |    8.057|
imm<0>         |result<13>     |    8.129|
imm<0>         |result<14>     |    8.081|
imm<0>         |result<15>     |    8.242|
imm<0>         |result<16>     |    8.198|
imm<0>         |result<17>     |    8.580|
imm<0>         |result<18>     |    8.414|
imm<0>         |result<19>     |    8.674|
imm<0>         |result<20>     |    8.137|
imm<0>         |result<21>     |    8.739|
imm<0>         |result<22>     |    8.227|
imm<0>         |result<23>     |    8.533|
imm<0>         |result<24>     |    8.179|
imm<0>         |result<25>     |    9.441|
imm<0>         |result<26>     |    8.730|
imm<0>         |result<27>     |    8.802|
imm<0>         |result<28>     |    8.556|
imm<0>         |result<29>     |    8.642|
imm<0>         |result<30>     |    8.581|
imm<0>         |result<31>     |    9.456|
imm<0>         |signFlag       |    8.051|
imm<0>         |zFlag          |    9.358|
imm<1>         |carryFlag      |    7.146|
imm<1>         |overflowFlag   |    8.093|
imm<1>         |result<1>      |    7.483|
imm<1>         |result<2>      |    7.147|
imm<1>         |result<3>      |    7.275|
imm<1>         |result<4>      |    7.555|
imm<1>         |result<5>      |    7.929|
imm<1>         |result<6>      |    7.894|
imm<1>         |result<7>      |    7.660|
imm<1>         |result<8>      |    7.638|
imm<1>         |result<9>      |    7.579|
imm<1>         |result<10>     |    8.062|
imm<1>         |result<11>     |    7.970|
imm<1>         |result<12>     |    7.822|
imm<1>         |result<13>     |    7.894|
imm<1>         |result<14>     |    7.846|
imm<1>         |result<15>     |    8.007|
imm<1>         |result<16>     |    7.963|
imm<1>         |result<17>     |    8.345|
imm<1>         |result<18>     |    8.179|
imm<1>         |result<19>     |    8.439|
imm<1>         |result<20>     |    7.902|
imm<1>         |result<21>     |    8.504|
imm<1>         |result<22>     |    7.992|
imm<1>         |result<23>     |    8.298|
imm<1>         |result<24>     |    7.944|
imm<1>         |result<25>     |    9.206|
imm<1>         |result<26>     |    8.495|
imm<1>         |result<27>     |    8.567|
imm<1>         |result<28>     |    8.321|
imm<1>         |result<29>     |    8.407|
imm<1>         |result<30>     |    8.346|
imm<1>         |result<31>     |    9.221|
imm<1>         |signFlag       |    7.816|
imm<1>         |zFlag          |    9.123|
imm<2>         |carryFlag      |    7.131|
imm<2>         |overflowFlag   |    8.078|
imm<2>         |result<2>      |    6.437|
imm<2>         |result<3>      |    7.238|
imm<2>         |result<4>      |    7.540|
imm<2>         |result<5>      |    7.914|
imm<2>         |result<6>      |    7.879|
imm<2>         |result<7>      |    7.645|
imm<2>         |result<8>      |    7.623|
imm<2>         |result<9>      |    7.564|
imm<2>         |result<10>     |    8.047|
imm<2>         |result<11>     |    7.955|
imm<2>         |result<12>     |    7.807|
imm<2>         |result<13>     |    7.879|
imm<2>         |result<14>     |    7.831|
imm<2>         |result<15>     |    7.992|
imm<2>         |result<16>     |    7.948|
imm<2>         |result<17>     |    8.330|
imm<2>         |result<18>     |    8.164|
imm<2>         |result<19>     |    8.424|
imm<2>         |result<20>     |    7.887|
imm<2>         |result<21>     |    8.489|
imm<2>         |result<22>     |    7.977|
imm<2>         |result<23>     |    8.283|
imm<2>         |result<24>     |    7.929|
imm<2>         |result<25>     |    9.191|
imm<2>         |result<26>     |    8.480|
imm<2>         |result<27>     |    8.552|
imm<2>         |result<28>     |    8.306|
imm<2>         |result<29>     |    8.392|
imm<2>         |result<30>     |    8.331|
imm<2>         |result<31>     |    9.206|
imm<2>         |signFlag       |    7.801|
imm<2>         |zFlag          |    9.108|
imm<3>         |carryFlag      |    7.207|
imm<3>         |overflowFlag   |    8.154|
imm<3>         |result<3>      |    6.592|
imm<3>         |result<4>      |    7.616|
imm<3>         |result<5>      |    7.990|
imm<3>         |result<6>      |    7.955|
imm<3>         |result<7>      |    7.721|
imm<3>         |result<8>      |    7.699|
imm<3>         |result<9>      |    7.640|
imm<3>         |result<10>     |    8.123|
imm<3>         |result<11>     |    8.031|
imm<3>         |result<12>     |    7.883|
imm<3>         |result<13>     |    7.955|
imm<3>         |result<14>     |    7.907|
imm<3>         |result<15>     |    8.068|
imm<3>         |result<16>     |    8.024|
imm<3>         |result<17>     |    8.406|
imm<3>         |result<18>     |    8.240|
imm<3>         |result<19>     |    8.500|
imm<3>         |result<20>     |    7.963|
imm<3>         |result<21>     |    8.565|
imm<3>         |result<22>     |    8.053|
imm<3>         |result<23>     |    8.359|
imm<3>         |result<24>     |    8.005|
imm<3>         |result<25>     |    9.267|
imm<3>         |result<26>     |    8.556|
imm<3>         |result<27>     |    8.628|
imm<3>         |result<28>     |    8.382|
imm<3>         |result<29>     |    8.468|
imm<3>         |result<30>     |    8.407|
imm<3>         |result<31>     |    9.282|
imm<3>         |signFlag       |    7.877|
imm<3>         |zFlag          |    9.184|
imm<4>         |carryFlag      |    6.850|
imm<4>         |overflowFlag   |    7.797|
imm<4>         |result<4>      |    6.854|
imm<4>         |result<5>      |    7.501|
imm<4>         |result<6>      |    7.567|
imm<4>         |result<7>      |    7.339|
imm<4>         |result<8>      |    7.342|
imm<4>         |result<9>      |    7.283|
imm<4>         |result<10>     |    7.766|
imm<4>         |result<11>     |    7.674|
imm<4>         |result<12>     |    7.526|
imm<4>         |result<13>     |    7.598|
imm<4>         |result<14>     |    7.550|
imm<4>         |result<15>     |    7.711|
imm<4>         |result<16>     |    7.667|
imm<4>         |result<17>     |    8.049|
imm<4>         |result<18>     |    7.883|
imm<4>         |result<19>     |    8.143|
imm<4>         |result<20>     |    7.606|
imm<4>         |result<21>     |    8.208|
imm<4>         |result<22>     |    7.696|
imm<4>         |result<23>     |    8.002|
imm<4>         |result<24>     |    7.648|
imm<4>         |result<25>     |    8.910|
imm<4>         |result<26>     |    8.199|
imm<4>         |result<27>     |    8.271|
imm<4>         |result<28>     |    8.025|
imm<4>         |result<29>     |    8.111|
imm<4>         |result<30>     |    8.050|
imm<4>         |result<31>     |    8.925|
imm<4>         |signFlag       |    7.520|
imm<4>         |zFlag          |    8.827|
imm<5>         |carryFlag      |    6.949|
imm<5>         |overflowFlag   |    7.896|
imm<5>         |result<5>      |    7.154|
imm<5>         |result<6>      |    7.667|
imm<5>         |result<7>      |    7.437|
imm<5>         |result<8>      |    7.441|
imm<5>         |result<9>      |    7.382|
imm<5>         |result<10>     |    7.865|
imm<5>         |result<11>     |    7.773|
imm<5>         |result<12>     |    7.625|
imm<5>         |result<13>     |    7.697|
imm<5>         |result<14>     |    7.649|
imm<5>         |result<15>     |    7.810|
imm<5>         |result<16>     |    7.766|
imm<5>         |result<17>     |    8.148|
imm<5>         |result<18>     |    7.982|
imm<5>         |result<19>     |    8.242|
imm<5>         |result<20>     |    7.705|
imm<5>         |result<21>     |    8.307|
imm<5>         |result<22>     |    7.795|
imm<5>         |result<23>     |    8.101|
imm<5>         |result<24>     |    7.747|
imm<5>         |result<25>     |    9.009|
imm<5>         |result<26>     |    8.298|
imm<5>         |result<27>     |    8.370|
imm<5>         |result<28>     |    8.124|
imm<5>         |result<29>     |    8.210|
imm<5>         |result<30>     |    8.149|
imm<5>         |result<31>     |    9.024|
imm<5>         |signFlag       |    7.619|
imm<5>         |zFlag          |    8.926|
imm<6>         |carryFlag      |    7.023|
imm<6>         |overflowFlag   |    7.970|
imm<6>         |result<6>      |    7.103|
imm<6>         |result<7>      |    7.484|
imm<6>         |result<8>      |    7.515|
imm<6>         |result<9>      |    7.456|
imm<6>         |result<10>     |    7.939|
imm<6>         |result<11>     |    7.847|
imm<6>         |result<12>     |    7.699|
imm<6>         |result<13>     |    7.771|
imm<6>         |result<14>     |    7.723|
imm<6>         |result<15>     |    7.884|
imm<6>         |result<16>     |    7.840|
imm<6>         |result<17>     |    8.222|
imm<6>         |result<18>     |    8.056|
imm<6>         |result<19>     |    8.316|
imm<6>         |result<20>     |    7.779|
imm<6>         |result<21>     |    8.381|
imm<6>         |result<22>     |    7.869|
imm<6>         |result<23>     |    8.175|
imm<6>         |result<24>     |    7.821|
imm<6>         |result<25>     |    9.083|
imm<6>         |result<26>     |    8.372|
imm<6>         |result<27>     |    8.444|
imm<6>         |result<28>     |    8.198|
imm<6>         |result<29>     |    8.284|
imm<6>         |result<30>     |    8.223|
imm<6>         |result<31>     |    9.098|
imm<6>         |signFlag       |    7.693|
imm<6>         |zFlag          |    9.000|
imm<7>         |carryFlag      |    7.190|
imm<7>         |overflowFlag   |    8.137|
imm<7>         |result<7>      |    7.100|
imm<7>         |result<8>      |    7.682|
imm<7>         |result<9>      |    7.623|
imm<7>         |result<10>     |    8.106|
imm<7>         |result<11>     |    8.014|
imm<7>         |result<12>     |    7.866|
imm<7>         |result<13>     |    7.938|
imm<7>         |result<14>     |    7.890|
imm<7>         |result<15>     |    8.051|
imm<7>         |result<16>     |    8.007|
imm<7>         |result<17>     |    8.389|
imm<7>         |result<18>     |    8.223|
imm<7>         |result<19>     |    8.483|
imm<7>         |result<20>     |    7.946|
imm<7>         |result<21>     |    8.548|
imm<7>         |result<22>     |    8.036|
imm<7>         |result<23>     |    8.342|
imm<7>         |result<24>     |    7.988|
imm<7>         |result<25>     |    9.250|
imm<7>         |result<26>     |    8.539|
imm<7>         |result<27>     |    8.611|
imm<7>         |result<28>     |    8.365|
imm<7>         |result<29>     |    8.451|
imm<7>         |result<30>     |    8.390|
imm<7>         |result<31>     |    9.265|
imm<7>         |signFlag       |    7.860|
imm<7>         |zFlag          |    9.167|
imm<8>         |carryFlag      |    6.713|
imm<8>         |overflowFlag   |    7.660|
imm<8>         |result<8>      |    6.853|
imm<8>         |result<9>      |    7.014|
imm<8>         |result<10>     |    7.598|
imm<8>         |result<11>     |    7.512|
imm<8>         |result<12>     |    7.389|
imm<8>         |result<13>     |    7.461|
imm<8>         |result<14>     |    7.413|
imm<8>         |result<15>     |    7.574|
imm<8>         |result<16>     |    7.530|
imm<8>         |result<17>     |    7.912|
imm<8>         |result<18>     |    7.746|
imm<8>         |result<19>     |    8.006|
imm<8>         |result<20>     |    7.469|
imm<8>         |result<21>     |    8.071|
imm<8>         |result<22>     |    7.559|
imm<8>         |result<23>     |    7.865|
imm<8>         |result<24>     |    7.511|
imm<8>         |result<25>     |    8.773|
imm<8>         |result<26>     |    8.062|
imm<8>         |result<27>     |    8.134|
imm<8>         |result<28>     |    7.888|
imm<8>         |result<29>     |    7.974|
imm<8>         |result<30>     |    7.913|
imm<8>         |result<31>     |    8.788|
imm<8>         |signFlag       |    7.383|
imm<8>         |zFlag          |    8.690|
imm<9>         |carryFlag      |    6.767|
imm<9>         |overflowFlag   |    7.714|
imm<9>         |result<9>      |    6.818|
imm<9>         |result<10>     |    7.653|
imm<9>         |result<11>     |    7.565|
imm<9>         |result<12>     |    7.443|
imm<9>         |result<13>     |    7.515|
imm<9>         |result<14>     |    7.467|
imm<9>         |result<15>     |    7.628|
imm<9>         |result<16>     |    7.584|
imm<9>         |result<17>     |    7.966|
imm<9>         |result<18>     |    7.800|
imm<9>         |result<19>     |    8.060|
imm<9>         |result<20>     |    7.523|
imm<9>         |result<21>     |    8.125|
imm<9>         |result<22>     |    7.613|
imm<9>         |result<23>     |    7.919|
imm<9>         |result<24>     |    7.565|
imm<9>         |result<25>     |    8.827|
imm<9>         |result<26>     |    8.116|
imm<9>         |result<27>     |    8.188|
imm<9>         |result<28>     |    7.942|
imm<9>         |result<29>     |    8.028|
imm<9>         |result<30>     |    7.967|
imm<9>         |result<31>     |    8.842|
imm<9>         |signFlag       |    7.437|
imm<9>         |zFlag          |    8.744|
imm<10>        |carryFlag      |    6.548|
imm<10>        |overflowFlag   |    7.495|
imm<10>        |result<10>     |    7.288|
imm<10>        |result<11>     |    7.319|
imm<10>        |result<12>     |    7.224|
imm<10>        |result<13>     |    7.296|
imm<10>        |result<14>     |    7.248|
imm<10>        |result<15>     |    7.409|
imm<10>        |result<16>     |    7.365|
imm<10>        |result<17>     |    7.747|
imm<10>        |result<18>     |    7.581|
imm<10>        |result<19>     |    7.841|
imm<10>        |result<20>     |    7.304|
imm<10>        |result<21>     |    7.906|
imm<10>        |result<22>     |    7.394|
imm<10>        |result<23>     |    7.700|
imm<10>        |result<24>     |    7.346|
imm<10>        |result<25>     |    8.608|
imm<10>        |result<26>     |    7.897|
imm<10>        |result<27>     |    7.969|
imm<10>        |result<28>     |    7.723|
imm<10>        |result<29>     |    7.809|
imm<10>        |result<30>     |    7.748|
imm<10>        |result<31>     |    8.623|
imm<10>        |signFlag       |    7.218|
imm<10>        |zFlag          |    8.525|
imm<11>        |carryFlag      |    6.785|
imm<11>        |overflowFlag   |    7.732|
imm<11>        |result<11>     |    7.453|
imm<11>        |result<12>     |    7.461|
imm<11>        |result<13>     |    7.533|
imm<11>        |result<14>     |    7.485|
imm<11>        |result<15>     |    7.646|
imm<11>        |result<16>     |    7.602|
imm<11>        |result<17>     |    7.984|
imm<11>        |result<18>     |    7.818|
imm<11>        |result<19>     |    8.078|
imm<11>        |result<20>     |    7.541|
imm<11>        |result<21>     |    8.143|
imm<11>        |result<22>     |    7.631|
imm<11>        |result<23>     |    7.937|
imm<11>        |result<24>     |    7.583|
imm<11>        |result<25>     |    8.845|
imm<11>        |result<26>     |    8.134|
imm<11>        |result<27>     |    8.206|
imm<11>        |result<28>     |    7.960|
imm<11>        |result<29>     |    8.046|
imm<11>        |result<30>     |    7.985|
imm<11>        |result<31>     |    8.860|
imm<11>        |signFlag       |    7.455|
imm<11>        |zFlag          |    8.762|
imm<12>        |carryFlag      |    6.640|
imm<12>        |overflowFlag   |    7.587|
imm<12>        |result<12>     |    6.870|
imm<12>        |result<13>     |    7.256|
imm<12>        |result<14>     |    7.309|
imm<12>        |result<15>     |    7.476|
imm<12>        |result<16>     |    7.457|
imm<12>        |result<17>     |    7.839|
imm<12>        |result<18>     |    7.673|
imm<12>        |result<19>     |    7.933|
imm<12>        |result<20>     |    7.396|
imm<12>        |result<21>     |    7.998|
imm<12>        |result<22>     |    7.486|
imm<12>        |result<23>     |    7.792|
imm<12>        |result<24>     |    7.438|
imm<12>        |result<25>     |    8.700|
imm<12>        |result<26>     |    7.989|
imm<12>        |result<27>     |    8.061|
imm<12>        |result<28>     |    7.815|
imm<12>        |result<29>     |    7.901|
imm<12>        |result<30>     |    7.840|
imm<12>        |result<31>     |    8.715|
imm<12>        |signFlag       |    7.310|
imm<12>        |zFlag          |    8.617|
imm<13>        |carryFlag      |    6.707|
imm<13>        |overflowFlag   |    7.654|
imm<13>        |result<13>     |    7.246|
imm<13>        |result<14>     |    7.377|
imm<13>        |result<15>     |    7.542|
imm<13>        |result<16>     |    7.524|
imm<13>        |result<17>     |    7.906|
imm<13>        |result<18>     |    7.740|
imm<13>        |result<19>     |    8.000|
imm<13>        |result<20>     |    7.463|
imm<13>        |result<21>     |    8.065|
imm<13>        |result<22>     |    7.553|
imm<13>        |result<23>     |    7.859|
imm<13>        |result<24>     |    7.505|
imm<13>        |result<25>     |    8.767|
imm<13>        |result<26>     |    8.056|
imm<13>        |result<27>     |    8.128|
imm<13>        |result<28>     |    7.882|
imm<13>        |result<29>     |    7.968|
imm<13>        |result<30>     |    7.907|
imm<13>        |result<31>     |    8.782|
imm<13>        |signFlag       |    7.377|
imm<13>        |zFlag          |    8.684|
imm<14>        |carryFlag      |    6.671|
imm<14>        |overflowFlag   |    7.618|
imm<14>        |result<14>     |    7.255|
imm<14>        |result<15>     |    7.420|
imm<14>        |result<16>     |    7.488|
imm<14>        |result<17>     |    7.870|
imm<14>        |result<18>     |    7.704|
imm<14>        |result<19>     |    7.964|
imm<14>        |result<20>     |    7.427|
imm<14>        |result<21>     |    8.029|
imm<14>        |result<22>     |    7.517|
imm<14>        |result<23>     |    7.823|
imm<14>        |result<24>     |    7.469|
imm<14>        |result<25>     |    8.731|
imm<14>        |result<26>     |    8.020|
imm<14>        |result<27>     |    8.092|
imm<14>        |result<28>     |    7.846|
imm<14>        |result<29>     |    7.932|
imm<14>        |result<30>     |    7.871|
imm<14>        |result<31>     |    8.746|
imm<14>        |signFlag       |    7.341|
imm<14>        |zFlag          |    8.648|
imm<15>        |carryFlag      |    6.548|
imm<15>        |overflowFlag   |    7.495|
imm<15>        |result<15>     |    7.209|
imm<15>        |result<16>     |    7.365|
imm<15>        |result<17>     |    7.747|
imm<15>        |result<18>     |    7.581|
imm<15>        |result<19>     |    7.841|
imm<15>        |result<20>     |    7.304|
imm<15>        |result<21>     |    7.906|
imm<15>        |result<22>     |    7.394|
imm<15>        |result<23>     |    7.700|
imm<15>        |result<24>     |    7.346|
imm<15>        |result<25>     |    8.608|
imm<15>        |result<26>     |    7.897|
imm<15>        |result<27>     |    7.969|
imm<15>        |result<28>     |    7.723|
imm<15>        |result<29>     |    7.809|
imm<15>        |result<30>     |    7.748|
imm<15>        |result<31>     |    8.623|
imm<15>        |signFlag       |    7.218|
imm<15>        |zFlag          |    8.525|
imm<16>        |carryFlag      |    6.640|
imm<16>        |overflowFlag   |    7.587|
imm<16>        |result<16>     |    7.077|
imm<16>        |result<17>     |    7.707|
imm<16>        |result<18>     |    7.642|
imm<16>        |result<19>     |    7.908|
imm<16>        |result<20>     |    7.396|
imm<16>        |result<21>     |    7.998|
imm<16>        |result<22>     |    7.486|
imm<16>        |result<23>     |    7.792|
imm<16>        |result<24>     |    7.438|
imm<16>        |result<25>     |    8.700|
imm<16>        |result<26>     |    7.989|
imm<16>        |result<27>     |    8.061|
imm<16>        |result<28>     |    7.815|
imm<16>        |result<29>     |    7.901|
imm<16>        |result<30>     |    7.840|
imm<16>        |result<31>     |    8.715|
imm<16>        |signFlag       |    7.310|
imm<16>        |zFlag          |    8.617|
imm<17>        |carryFlag      |    6.687|
imm<17>        |overflowFlag   |    7.634|
imm<17>        |result<17>     |    7.686|
imm<17>        |result<18>     |    7.694|
imm<17>        |result<19>     |    7.949|
imm<17>        |result<20>     |    7.443|
imm<17>        |result<21>     |    8.045|
imm<17>        |result<22>     |    7.533|
imm<17>        |result<23>     |    7.839|
imm<17>        |result<24>     |    7.485|
imm<17>        |result<25>     |    8.747|
imm<17>        |result<26>     |    8.036|
imm<17>        |result<27>     |    8.108|
imm<17>        |result<28>     |    7.862|
imm<17>        |result<29>     |    7.948|
imm<17>        |result<30>     |    7.887|
imm<17>        |result<31>     |    8.762|
imm<17>        |signFlag       |    7.357|
imm<17>        |zFlag          |    8.664|
imm<18>        |carryFlag      |    6.744|
imm<18>        |overflowFlag   |    7.691|
imm<18>        |result<18>     |    7.579|
imm<18>        |result<19>     |    7.984|
imm<18>        |result<20>     |    7.500|
imm<18>        |result<21>     |    8.102|
imm<18>        |result<22>     |    7.590|
imm<18>        |result<23>     |    7.896|
imm<18>        |result<24>     |    7.542|
imm<18>        |result<25>     |    8.804|
imm<18>        |result<26>     |    8.093|
imm<18>        |result<27>     |    8.165|
imm<18>        |result<28>     |    7.919|
imm<18>        |result<29>     |    8.005|
imm<18>        |result<30>     |    7.944|
imm<18>        |result<31>     |    8.819|
imm<18>        |signFlag       |    7.414|
imm<18>        |zFlag          |    8.721|
imm<19>        |carryFlag      |    6.714|
imm<19>        |overflowFlag   |    7.661|
imm<19>        |result<19>     |    7.851|
imm<19>        |result<20>     |    7.470|
imm<19>        |result<21>     |    8.072|
imm<19>        |result<22>     |    7.560|
imm<19>        |result<23>     |    7.866|
imm<19>        |result<24>     |    7.512|
imm<19>        |result<25>     |    8.774|
imm<19>        |result<26>     |    8.063|
imm<19>        |result<27>     |    8.135|
imm<19>        |result<28>     |    7.889|
imm<19>        |result<29>     |    7.975|
imm<19>        |result<30>     |    7.914|
imm<19>        |result<31>     |    8.789|
imm<19>        |signFlag       |    7.384|
imm<19>        |zFlag          |    8.691|
imm<20>        |carryFlag      |    6.965|
imm<20>        |overflowFlag   |    7.912|
imm<20>        |result<20>     |    7.425|
imm<20>        |result<21>     |    8.191|
imm<20>        |result<22>     |    7.780|
imm<20>        |result<23>     |    8.092|
imm<20>        |result<24>     |    7.763|
imm<20>        |result<25>     |    9.025|
imm<20>        |result<26>     |    8.314|
imm<20>        |result<27>     |    8.386|
imm<20>        |result<28>     |    8.140|
imm<20>        |result<29>     |    8.226|
imm<20>        |result<30>     |    8.165|
imm<20>        |result<31>     |    9.040|
imm<20>        |signFlag       |    7.635|
imm<20>        |zFlag          |    8.917|
imm<21>        |carryFlag      |    6.958|
imm<21>        |overflowFlag   |    7.905|
imm<21>        |result<21>     |    7.789|
imm<21>        |result<22>     |    7.774|
imm<21>        |result<23>     |    8.084|
imm<21>        |result<24>     |    7.756|
imm<21>        |result<25>     |    9.018|
imm<21>        |result<26>     |    8.307|
imm<21>        |result<27>     |    8.379|
imm<21>        |result<28>     |    8.133|
imm<21>        |result<29>     |    8.219|
imm<21>        |result<30>     |    8.158|
imm<21>        |result<31>     |    9.033|
imm<21>        |signFlag       |    7.628|
imm<21>        |zFlag          |    8.909|
imm<22>        |carryFlag      |    6.835|
imm<22>        |overflowFlag   |    7.782|
imm<22>        |result<22>     |    7.275|
imm<22>        |result<23>     |    7.934|
imm<22>        |result<24>     |    7.633|
imm<22>        |result<25>     |    8.895|
imm<22>        |result<26>     |    8.184|
imm<22>        |result<27>     |    8.256|
imm<22>        |result<28>     |    8.010|
imm<22>        |result<29>     |    8.096|
imm<22>        |result<30>     |    8.035|
imm<22>        |result<31>     |    8.910|
imm<22>        |signFlag       |    7.505|
imm<22>        |zFlag          |    8.759|
imm<23>        |carryFlag      |    6.875|
imm<23>        |overflowFlag   |    7.822|
imm<23>        |result<23>     |    7.871|
imm<23>        |result<24>     |    7.673|
imm<23>        |result<25>     |    8.935|
imm<23>        |result<26>     |    8.224|
imm<23>        |result<27>     |    8.296|
imm<23>        |result<28>     |    8.050|
imm<23>        |result<29>     |    8.136|
imm<23>        |result<30>     |    8.075|
imm<23>        |result<31>     |    8.950|
imm<23>        |signFlag       |    7.545|
imm<23>        |zFlag          |    8.734|
imm<24>        |carryFlag      |    6.634|
imm<24>        |overflowFlag   |    7.581|
imm<24>        |result<24>     |    7.265|
imm<24>        |result<25>     |    8.564|
imm<24>        |result<26>     |    7.952|
imm<24>        |result<27>     |    8.030|
imm<24>        |result<28>     |    7.809|
imm<24>        |result<29>     |    7.895|
imm<24>        |result<30>     |    7.834|
imm<24>        |result<31>     |    8.709|
imm<24>        |signFlag       |    7.304|
imm<24>        |zFlag          |    8.493|
imm<25>        |carryFlag      |    6.739|
imm<25>        |overflowFlag   |    7.686|
imm<25>        |result<25>     |    8.350|
imm<25>        |result<26>     |    8.058|
imm<25>        |result<27>     |    8.134|
imm<25>        |result<28>     |    7.914|
imm<25>        |result<29>     |    8.000|
imm<25>        |result<30>     |    7.939|
imm<25>        |result<31>     |    8.814|
imm<25>        |signFlag       |    7.409|
imm<25>        |zFlag          |    8.598|
imm<26>        |carryFlag      |    6.693|
imm<26>        |overflowFlag   |    7.640|
imm<26>        |result<26>     |    7.926|
imm<26>        |result<27>     |    8.002|
imm<26>        |result<28>     |    7.868|
imm<26>        |result<29>     |    7.954|
imm<26>        |result<30>     |    7.893|
imm<26>        |result<31>     |    8.768|
imm<26>        |signFlag       |    7.363|
imm<26>        |zFlag          |    8.552|
imm<27>        |carryFlag      |    6.539|
imm<27>        |overflowFlag   |    7.486|
imm<27>        |result<27>     |    7.804|
imm<27>        |result<28>     |    7.714|
imm<27>        |result<29>     |    7.800|
imm<27>        |result<30>     |    7.739|
imm<27>        |result<31>     |    8.614|
imm<27>        |signFlag       |    7.209|
imm<27>        |zFlag          |    8.398|
imm<28>        |carryFlag      |    6.873|
imm<28>        |overflowFlag   |    7.796|
imm<28>        |result<28>     |    7.860|
imm<28>        |result<29>     |    8.002|
imm<28>        |result<30>     |    8.042|
imm<28>        |result<31>     |    8.924|
imm<28>        |signFlag       |    7.519|
imm<28>        |zFlag          |    8.701|
imm<29>        |carryFlag      |    6.771|
imm<29>        |overflowFlag   |    7.693|
imm<29>        |result<29>     |    7.785|
imm<29>        |result<30>     |    7.941|
imm<29>        |result<31>     |    8.821|
imm<29>        |signFlag       |    7.416|
imm<29>        |zFlag          |    8.600|
imm<30>        |carryFlag      |    6.873|
imm<30>        |overflowFlag   |    7.768|
imm<30>        |result<30>     |    7.671|
imm<30>        |result<31>     |    8.896|
imm<30>        |signFlag       |    7.491|
imm<30>        |zFlag          |    8.331|
imm<31>        |carryFlag      |    6.668|
imm<31>        |overflowFlag   |    7.446|
imm<31>        |result<31>     |    8.574|
imm<31>        |signFlag       |    7.169|
imm<31>        |zFlag          |    8.009|
logicfn        |result<0>      |    6.522|
logicfn        |result<1>      |    7.034|
logicfn        |result<2>      |    6.759|
logicfn        |result<3>      |    6.405|
logicfn        |result<4>      |    7.221|
logicfn        |result<5>      |    7.118|
logicfn        |result<6>      |    7.072|
logicfn        |result<7>      |    7.260|
logicfn        |result<8>      |    7.156|
logicfn        |result<9>      |    6.797|
logicfn        |result<10>     |    7.485|
logicfn        |result<11>     |    7.372|
logicfn        |result<12>     |    7.215|
logicfn        |result<13>     |    7.672|
logicfn        |result<14>     |    7.124|
logicfn        |result<15>     |    7.786|
logicfn        |result<16>     |    7.425|
logicfn        |result<17>     |    7.820|
logicfn        |result<18>     |    7.386|
logicfn        |result<19>     |    7.439|
logicfn        |result<20>     |    7.854|
logicfn        |result<21>     |    7.993|
logicfn        |result<22>     |    7.773|
logicfn        |result<23>     |    7.847|
logicfn        |result<24>     |    7.768|
logicfn        |result<25>     |    8.821|
logicfn        |result<26>     |    7.835|
logicfn        |result<27>     |    8.359|
logicfn        |result<28>     |    7.239|
logicfn        |result<29>     |    8.032|
logicfn        |result<30>     |    7.226|
logicfn        |result<31>     |    7.365|
rs_<0>         |carryFlag      |    7.199|
rs_<0>         |overflowFlag   |    8.146|
rs_<0>         |result<0>      |    7.351|
rs_<0>         |result<1>      |    7.607|
rs_<0>         |result<2>      |    7.192|
rs_<0>         |result<3>      |    7.332|
rs_<0>         |result<4>      |    7.608|
rs_<0>         |result<5>      |    7.982|
rs_<0>         |result<6>      |    7.947|
rs_<0>         |result<7>      |    7.713|
rs_<0>         |result<8>      |    7.691|
rs_<0>         |result<9>      |    7.632|
rs_<0>         |result<10>     |    8.115|
rs_<0>         |result<11>     |    8.023|
rs_<0>         |result<12>     |    7.875|
rs_<0>         |result<13>     |    7.947|
rs_<0>         |result<14>     |    7.899|
rs_<0>         |result<15>     |    8.060|
rs_<0>         |result<16>     |    8.016|
rs_<0>         |result<17>     |    8.398|
rs_<0>         |result<18>     |    8.232|
rs_<0>         |result<19>     |    8.492|
rs_<0>         |result<20>     |    7.955|
rs_<0>         |result<21>     |    8.557|
rs_<0>         |result<22>     |    8.045|
rs_<0>         |result<23>     |    8.351|
rs_<0>         |result<24>     |    7.997|
rs_<0>         |result<25>     |    9.259|
rs_<0>         |result<26>     |    8.548|
rs_<0>         |result<27>     |    8.620|
rs_<0>         |result<28>     |    8.374|
rs_<0>         |result<29>     |    8.460|
rs_<0>         |result<30>     |    8.399|
rs_<0>         |result<31>     |    9.274|
rs_<0>         |signFlag       |    7.869|
rs_<0>         |zFlag          |    9.176|
rs_<1>         |carryFlag      |    6.762|
rs_<1>         |overflowFlag   |    7.709|
rs_<1>         |result<1>      |    7.099|
rs_<1>         |result<2>      |    6.763|
rs_<1>         |result<3>      |    6.891|
rs_<1>         |result<4>      |    7.171|
rs_<1>         |result<5>      |    7.545|
rs_<1>         |result<6>      |    7.510|
rs_<1>         |result<7>      |    7.276|
rs_<1>         |result<8>      |    7.254|
rs_<1>         |result<9>      |    7.195|
rs_<1>         |result<10>     |    7.678|
rs_<1>         |result<11>     |    7.586|
rs_<1>         |result<12>     |    7.438|
rs_<1>         |result<13>     |    7.510|
rs_<1>         |result<14>     |    7.462|
rs_<1>         |result<15>     |    7.623|
rs_<1>         |result<16>     |    7.579|
rs_<1>         |result<17>     |    7.961|
rs_<1>         |result<18>     |    7.795|
rs_<1>         |result<19>     |    8.055|
rs_<1>         |result<20>     |    7.518|
rs_<1>         |result<21>     |    8.120|
rs_<1>         |result<22>     |    7.608|
rs_<1>         |result<23>     |    7.914|
rs_<1>         |result<24>     |    7.560|
rs_<1>         |result<25>     |    8.822|
rs_<1>         |result<26>     |    8.111|
rs_<1>         |result<27>     |    8.183|
rs_<1>         |result<28>     |    7.937|
rs_<1>         |result<29>     |    8.023|
rs_<1>         |result<30>     |    7.962|
rs_<1>         |result<31>     |    8.837|
rs_<1>         |signFlag       |    7.432|
rs_<1>         |zFlag          |    8.739|
rs_<2>         |carryFlag      |    6.599|
rs_<2>         |overflowFlag   |    7.546|
rs_<2>         |result<2>      |    6.510|
rs_<2>         |result<3>      |    6.647|
rs_<2>         |result<4>      |    7.008|
rs_<2>         |result<5>      |    7.382|
rs_<2>         |result<6>      |    7.347|
rs_<2>         |result<7>      |    7.113|
rs_<2>         |result<8>      |    7.091|
rs_<2>         |result<9>      |    7.032|
rs_<2>         |result<10>     |    7.515|
rs_<2>         |result<11>     |    7.423|
rs_<2>         |result<12>     |    7.275|
rs_<2>         |result<13>     |    7.347|
rs_<2>         |result<14>     |    7.299|
rs_<2>         |result<15>     |    7.460|
rs_<2>         |result<16>     |    7.416|
rs_<2>         |result<17>     |    7.798|
rs_<2>         |result<18>     |    7.632|
rs_<2>         |result<19>     |    7.892|
rs_<2>         |result<20>     |    7.355|
rs_<2>         |result<21>     |    7.957|
rs_<2>         |result<22>     |    7.445|
rs_<2>         |result<23>     |    7.751|
rs_<2>         |result<24>     |    7.397|
rs_<2>         |result<25>     |    8.659|
rs_<2>         |result<26>     |    7.948|
rs_<2>         |result<27>     |    8.020|
rs_<2>         |result<28>     |    7.774|
rs_<2>         |result<29>     |    7.860|
rs_<2>         |result<30>     |    7.799|
rs_<2>         |result<31>     |    8.674|
rs_<2>         |signFlag       |    7.269|
rs_<2>         |zFlag          |    8.576|
rs_<3>         |carryFlag      |    6.455|
rs_<3>         |overflowFlag   |    7.402|
rs_<3>         |result<3>      |    6.459|
rs_<3>         |result<4>      |    6.864|
rs_<3>         |result<5>      |    7.238|
rs_<3>         |result<6>      |    7.203|
rs_<3>         |result<7>      |    6.969|
rs_<3>         |result<8>      |    6.947|
rs_<3>         |result<9>      |    6.888|
rs_<3>         |result<10>     |    7.371|
rs_<3>         |result<11>     |    7.279|
rs_<3>         |result<12>     |    7.131|
rs_<3>         |result<13>     |    7.203|
rs_<3>         |result<14>     |    7.155|
rs_<3>         |result<15>     |    7.316|
rs_<3>         |result<16>     |    7.272|
rs_<3>         |result<17>     |    7.654|
rs_<3>         |result<18>     |    7.488|
rs_<3>         |result<19>     |    7.748|
rs_<3>         |result<20>     |    7.211|
rs_<3>         |result<21>     |    7.813|
rs_<3>         |result<22>     |    7.301|
rs_<3>         |result<23>     |    7.607|
rs_<3>         |result<24>     |    7.253|
rs_<3>         |result<25>     |    8.515|
rs_<3>         |result<26>     |    7.804|
rs_<3>         |result<27>     |    7.876|
rs_<3>         |result<28>     |    7.630|
rs_<3>         |result<29>     |    7.716|
rs_<3>         |result<30>     |    7.655|
rs_<3>         |result<31>     |    8.530|
rs_<3>         |signFlag       |    7.125|
rs_<3>         |zFlag          |    8.432|
rs_<4>         |carryFlag      |    6.475|
rs_<4>         |overflowFlag   |    7.422|
rs_<4>         |result<4>      |    6.718|
rs_<4>         |result<5>      |    7.129|
rs_<4>         |result<6>      |    7.189|
rs_<4>         |result<7>      |    6.962|
rs_<4>         |result<8>      |    6.967|
rs_<4>         |result<9>      |    6.908|
rs_<4>         |result<10>     |    7.391|
rs_<4>         |result<11>     |    7.299|
rs_<4>         |result<12>     |    7.151|
rs_<4>         |result<13>     |    7.223|
rs_<4>         |result<14>     |    7.175|
rs_<4>         |result<15>     |    7.336|
rs_<4>         |result<16>     |    7.292|
rs_<4>         |result<17>     |    7.674|
rs_<4>         |result<18>     |    7.508|
rs_<4>         |result<19>     |    7.768|
rs_<4>         |result<20>     |    7.231|
rs_<4>         |result<21>     |    7.833|
rs_<4>         |result<22>     |    7.321|
rs_<4>         |result<23>     |    7.627|
rs_<4>         |result<24>     |    7.273|
rs_<4>         |result<25>     |    8.535|
rs_<4>         |result<26>     |    7.824|
rs_<4>         |result<27>     |    7.896|
rs_<4>         |result<28>     |    7.650|
rs_<4>         |result<29>     |    7.736|
rs_<4>         |result<30>     |    7.675|
rs_<4>         |result<31>     |    8.550|
rs_<4>         |signFlag       |    7.145|
rs_<4>         |zFlag          |    8.452|
rs_<5>         |carryFlag      |    6.588|
rs_<5>         |overflowFlag   |    7.535|
rs_<5>         |result<5>      |    7.171|
rs_<5>         |result<6>      |    7.310|
rs_<5>         |result<7>      |    7.071|
rs_<5>         |result<8>      |    7.080|
rs_<5>         |result<9>      |    7.021|
rs_<5>         |result<10>     |    7.504|
rs_<5>         |result<11>     |    7.412|
rs_<5>         |result<12>     |    7.264|
rs_<5>         |result<13>     |    7.336|
rs_<5>         |result<14>     |    7.288|
rs_<5>         |result<15>     |    7.449|
rs_<5>         |result<16>     |    7.405|
rs_<5>         |result<17>     |    7.787|
rs_<5>         |result<18>     |    7.621|
rs_<5>         |result<19>     |    7.881|
rs_<5>         |result<20>     |    7.344|
rs_<5>         |result<21>     |    7.946|
rs_<5>         |result<22>     |    7.434|
rs_<5>         |result<23>     |    7.740|
rs_<5>         |result<24>     |    7.386|
rs_<5>         |result<25>     |    8.648|
rs_<5>         |result<26>     |    7.937|
rs_<5>         |result<27>     |    8.009|
rs_<5>         |result<28>     |    7.763|
rs_<5>         |result<29>     |    7.849|
rs_<5>         |result<30>     |    7.788|
rs_<5>         |result<31>     |    8.663|
rs_<5>         |signFlag       |    7.258|
rs_<5>         |zFlag          |    8.565|
rs_<6>         |carryFlag      |    6.556|
rs_<6>         |overflowFlag   |    7.503|
rs_<6>         |result<6>      |    7.188|
rs_<6>         |result<7>      |    6.958|
rs_<6>         |result<8>      |    7.048|
rs_<6>         |result<9>      |    6.989|
rs_<6>         |result<10>     |    7.472|
rs_<6>         |result<11>     |    7.380|
rs_<6>         |result<12>     |    7.232|
rs_<6>         |result<13>     |    7.304|
rs_<6>         |result<14>     |    7.256|
rs_<6>         |result<15>     |    7.417|
rs_<6>         |result<16>     |    7.373|
rs_<6>         |result<17>     |    7.755|
rs_<6>         |result<18>     |    7.589|
rs_<6>         |result<19>     |    7.849|
rs_<6>         |result<20>     |    7.312|
rs_<6>         |result<21>     |    7.914|
rs_<6>         |result<22>     |    7.402|
rs_<6>         |result<23>     |    7.708|
rs_<6>         |result<24>     |    7.354|
rs_<6>         |result<25>     |    8.616|
rs_<6>         |result<26>     |    7.905|
rs_<6>         |result<27>     |    7.977|
rs_<6>         |result<28>     |    7.731|
rs_<6>         |result<29>     |    7.817|
rs_<6>         |result<30>     |    7.756|
rs_<6>         |result<31>     |    8.631|
rs_<6>         |signFlag       |    7.226|
rs_<6>         |zFlag          |    8.533|
rs_<7>         |carryFlag      |    6.626|
rs_<7>         |overflowFlag   |    7.573|
rs_<7>         |result<7>      |    6.984|
rs_<7>         |result<8>      |    7.118|
rs_<7>         |result<9>      |    7.059|
rs_<7>         |result<10>     |    7.542|
rs_<7>         |result<11>     |    7.450|
rs_<7>         |result<12>     |    7.302|
rs_<7>         |result<13>     |    7.374|
rs_<7>         |result<14>     |    7.326|
rs_<7>         |result<15>     |    7.487|
rs_<7>         |result<16>     |    7.443|
rs_<7>         |result<17>     |    7.825|
rs_<7>         |result<18>     |    7.659|
rs_<7>         |result<19>     |    7.919|
rs_<7>         |result<20>     |    7.382|
rs_<7>         |result<21>     |    7.984|
rs_<7>         |result<22>     |    7.472|
rs_<7>         |result<23>     |    7.778|
rs_<7>         |result<24>     |    7.424|
rs_<7>         |result<25>     |    8.686|
rs_<7>         |result<26>     |    7.975|
rs_<7>         |result<27>     |    8.047|
rs_<7>         |result<28>     |    7.801|
rs_<7>         |result<29>     |    7.887|
rs_<7>         |result<30>     |    7.826|
rs_<7>         |result<31>     |    8.701|
rs_<7>         |signFlag       |    7.296|
rs_<7>         |zFlag          |    8.603|
rs_<8>         |carryFlag      |    7.385|
rs_<8>         |overflowFlag   |    8.332|
rs_<8>         |result<8>      |    7.711|
rs_<8>         |result<9>      |    7.689|
rs_<8>         |result<10>     |    8.267|
rs_<8>         |result<11>     |    8.182|
rs_<8>         |result<12>     |    8.061|
rs_<8>         |result<13>     |    8.133|
rs_<8>         |result<14>     |    8.085|
rs_<8>         |result<15>     |    8.246|
rs_<8>         |result<16>     |    8.202|
rs_<8>         |result<17>     |    8.584|
rs_<8>         |result<18>     |    8.418|
rs_<8>         |result<19>     |    8.678|
rs_<8>         |result<20>     |    8.141|
rs_<8>         |result<21>     |    8.743|
rs_<8>         |result<22>     |    8.231|
rs_<8>         |result<23>     |    8.537|
rs_<8>         |result<24>     |    8.183|
rs_<8>         |result<25>     |    9.445|
rs_<8>         |result<26>     |    8.734|
rs_<8>         |result<27>     |    8.806|
rs_<8>         |result<28>     |    8.560|
rs_<8>         |result<29>     |    8.646|
rs_<8>         |result<30>     |    8.585|
rs_<8>         |result<31>     |    9.460|
rs_<8>         |signFlag       |    8.055|
rs_<8>         |zFlag          |    9.362|
rs_<9>         |carryFlag      |    7.525|
rs_<9>         |overflowFlag   |    8.472|
rs_<9>         |result<9>      |    7.758|
rs_<9>         |result<10>     |    8.415|
rs_<9>         |result<11>     |    8.318|
rs_<9>         |result<12>     |    8.201|
rs_<9>         |result<13>     |    8.273|
rs_<9>         |result<14>     |    8.225|
rs_<9>         |result<15>     |    8.386|
rs_<9>         |result<16>     |    8.342|
rs_<9>         |result<17>     |    8.724|
rs_<9>         |result<18>     |    8.558|
rs_<9>         |result<19>     |    8.818|
rs_<9>         |result<20>     |    8.281|
rs_<9>         |result<21>     |    8.883|
rs_<9>         |result<22>     |    8.371|
rs_<9>         |result<23>     |    8.677|
rs_<9>         |result<24>     |    8.323|
rs_<9>         |result<25>     |    9.585|
rs_<9>         |result<26>     |    8.874|
rs_<9>         |result<27>     |    8.946|
rs_<9>         |result<28>     |    8.700|
rs_<9>         |result<29>     |    8.786|
rs_<9>         |result<30>     |    8.725|
rs_<9>         |result<31>     |    9.600|
rs_<9>         |signFlag       |    8.195|
rs_<9>         |zFlag          |    9.502|
rs_<10>        |carryFlag      |    7.404|
rs_<10>        |overflowFlag   |    8.351|
rs_<10>        |result<10>     |    8.204|
rs_<10>        |result<11>     |    8.116|
rs_<10>        |result<12>     |    8.080|
rs_<10>        |result<13>     |    8.152|
rs_<10>        |result<14>     |    8.104|
rs_<10>        |result<15>     |    8.265|
rs_<10>        |result<16>     |    8.221|
rs_<10>        |result<17>     |    8.603|
rs_<10>        |result<18>     |    8.437|
rs_<10>        |result<19>     |    8.697|
rs_<10>        |result<20>     |    8.160|
rs_<10>        |result<21>     |    8.762|
rs_<10>        |result<22>     |    8.250|
rs_<10>        |result<23>     |    8.556|
rs_<10>        |result<24>     |    8.202|
rs_<10>        |result<25>     |    9.464|
rs_<10>        |result<26>     |    8.753|
rs_<10>        |result<27>     |    8.825|
rs_<10>        |result<28>     |    8.579|
rs_<10>        |result<29>     |    8.665|
rs_<10>        |result<30>     |    8.604|
rs_<10>        |result<31>     |    9.479|
rs_<10>        |signFlag       |    8.074|
rs_<10>        |zFlag          |    9.381|
rs_<11>        |carryFlag      |    7.200|
rs_<11>        |overflowFlag   |    8.147|
rs_<11>        |result<11>     |    7.868|
rs_<11>        |result<12>     |    7.876|
rs_<11>        |result<13>     |    7.948|
rs_<11>        |result<14>     |    7.900|
rs_<11>        |result<15>     |    8.061|
rs_<11>        |result<16>     |    8.017|
rs_<11>        |result<17>     |    8.399|
rs_<11>        |result<18>     |    8.233|
rs_<11>        |result<19>     |    8.493|
rs_<11>        |result<20>     |    7.956|
rs_<11>        |result<21>     |    8.558|
rs_<11>        |result<22>     |    8.046|
rs_<11>        |result<23>     |    8.352|
rs_<11>        |result<24>     |    7.998|
rs_<11>        |result<25>     |    9.260|
rs_<11>        |result<26>     |    8.549|
rs_<11>        |result<27>     |    8.621|
rs_<11>        |result<28>     |    8.375|
rs_<11>        |result<29>     |    8.461|
rs_<11>        |result<30>     |    8.400|
rs_<11>        |result<31>     |    9.275|
rs_<11>        |signFlag       |    7.870|
rs_<11>        |zFlag          |    9.177|
rs_<12>        |carryFlag      |    6.992|
rs_<12>        |overflowFlag   |    7.939|
rs_<12>        |result<12>     |    7.502|
rs_<12>        |result<13>     |    7.611|
rs_<12>        |result<14>     |    7.658|
rs_<12>        |result<15>     |    7.826|
rs_<12>        |result<16>     |    7.809|
rs_<12>        |result<17>     |    8.191|
rs_<12>        |result<18>     |    8.025|
rs_<12>        |result<19>     |    8.285|
rs_<12>        |result<20>     |    7.748|
rs_<12>        |result<21>     |    8.350|
rs_<12>        |result<22>     |    7.838|
rs_<12>        |result<23>     |    8.144|
rs_<12>        |result<24>     |    7.790|
rs_<12>        |result<25>     |    9.052|
rs_<12>        |result<26>     |    8.341|
rs_<12>        |result<27>     |    8.413|
rs_<12>        |result<28>     |    8.167|
rs_<12>        |result<29>     |    8.253|
rs_<12>        |result<30>     |    8.192|
rs_<12>        |result<31>     |    9.067|
rs_<12>        |signFlag       |    7.662|
rs_<12>        |zFlag          |    8.969|
rs_<13>        |carryFlag      |    7.308|
rs_<13>        |overflowFlag   |    8.255|
rs_<13>        |result<13>     |    7.856|
rs_<13>        |result<14>     |    7.982|
rs_<13>        |result<15>     |    8.138|
rs_<13>        |result<16>     |    8.125|
rs_<13>        |result<17>     |    8.507|
rs_<13>        |result<18>     |    8.341|
rs_<13>        |result<19>     |    8.601|
rs_<13>        |result<20>     |    8.064|
rs_<13>        |result<21>     |    8.666|
rs_<13>        |result<22>     |    8.154|
rs_<13>        |result<23>     |    8.460|
rs_<13>        |result<24>     |    8.106|
rs_<13>        |result<25>     |    9.368|
rs_<13>        |result<26>     |    8.657|
rs_<13>        |result<27>     |    8.729|
rs_<13>        |result<28>     |    8.483|
rs_<13>        |result<29>     |    8.569|
rs_<13>        |result<30>     |    8.508|
rs_<13>        |result<31>     |    9.383|
rs_<13>        |signFlag       |    7.978|
rs_<13>        |zFlag          |    9.285|
rs_<14>        |carryFlag      |    7.159|
rs_<14>        |overflowFlag   |    8.106|
rs_<14>        |result<14>     |    7.743|
rs_<14>        |result<15>     |    7.908|
rs_<14>        |result<16>     |    7.976|
rs_<14>        |result<17>     |    8.358|
rs_<14>        |result<18>     |    8.192|
rs_<14>        |result<19>     |    8.452|
rs_<14>        |result<20>     |    7.915|
rs_<14>        |result<21>     |    8.517|
rs_<14>        |result<22>     |    8.005|
rs_<14>        |result<23>     |    8.311|
rs_<14>        |result<24>     |    7.957|
rs_<14>        |result<25>     |    9.219|
rs_<14>        |result<26>     |    8.508|
rs_<14>        |result<27>     |    8.580|
rs_<14>        |result<28>     |    8.334|
rs_<14>        |result<29>     |    8.420|
rs_<14>        |result<30>     |    8.359|
rs_<14>        |result<31>     |    9.234|
rs_<14>        |signFlag       |    7.829|
rs_<14>        |zFlag          |    9.136|
rs_<15>        |carryFlag      |    7.161|
rs_<15>        |overflowFlag   |    8.108|
rs_<15>        |result<15>     |    7.866|
rs_<15>        |result<16>     |    7.978|
rs_<15>        |result<17>     |    8.360|
rs_<15>        |result<18>     |    8.194|
rs_<15>        |result<19>     |    8.454|
rs_<15>        |result<20>     |    7.917|
rs_<15>        |result<21>     |    8.519|
rs_<15>        |result<22>     |    8.007|
rs_<15>        |result<23>     |    8.313|
rs_<15>        |result<24>     |    7.959|
rs_<15>        |result<25>     |    9.221|
rs_<15>        |result<26>     |    8.510|
rs_<15>        |result<27>     |    8.582|
rs_<15>        |result<28>     |    8.336|
rs_<15>        |result<29>     |    8.422|
rs_<15>        |result<30>     |    8.361|
rs_<15>        |result<31>     |    9.236|
rs_<15>        |signFlag       |    7.831|
rs_<15>        |zFlag          |    9.138|
rs_<16>        |carryFlag      |    6.996|
rs_<16>        |overflowFlag   |    7.943|
rs_<16>        |result<16>     |    7.647|
rs_<16>        |result<17>     |    8.066|
rs_<16>        |result<18>     |    7.995|
rs_<16>        |result<19>     |    8.262|
rs_<16>        |result<20>     |    7.752|
rs_<16>        |result<21>     |    8.354|
rs_<16>        |result<22>     |    7.842|
rs_<16>        |result<23>     |    8.148|
rs_<16>        |result<24>     |    7.794|
rs_<16>        |result<25>     |    9.056|
rs_<16>        |result<26>     |    8.345|
rs_<16>        |result<27>     |    8.417|
rs_<16>        |result<28>     |    8.171|
rs_<16>        |result<29>     |    8.257|
rs_<16>        |result<30>     |    8.196|
rs_<16>        |result<31>     |    9.071|
rs_<16>        |signFlag       |    7.666|
rs_<16>        |zFlag          |    8.973|
rs_<17>        |carryFlag      |    6.886|
rs_<17>        |overflowFlag   |    7.833|
rs_<17>        |result<17>     |    7.885|
rs_<17>        |result<18>     |    7.893|
rs_<17>        |result<19>     |    8.148|
rs_<17>        |result<20>     |    7.642|
rs_<17>        |result<21>     |    8.244|
rs_<17>        |result<22>     |    7.732|
rs_<17>        |result<23>     |    8.038|
rs_<17>        |result<24>     |    7.684|
rs_<17>        |result<25>     |    8.946|
rs_<17>        |result<26>     |    8.235|
rs_<17>        |result<27>     |    8.307|
rs_<17>        |result<28>     |    8.061|
rs_<17>        |result<29>     |    8.147|
rs_<17>        |result<30>     |    8.086|
rs_<17>        |result<31>     |    8.961|
rs_<17>        |signFlag       |    7.556|
rs_<17>        |zFlag          |    8.863|
rs_<18>        |carryFlag      |    6.989|
rs_<18>        |overflowFlag   |    7.936|
rs_<18>        |result<18>     |    7.906|
rs_<18>        |result<19>     |    8.170|
rs_<18>        |result<20>     |    7.745|
rs_<18>        |result<21>     |    8.347|
rs_<18>        |result<22>     |    7.835|
rs_<18>        |result<23>     |    8.141|
rs_<18>        |result<24>     |    7.787|
rs_<18>        |result<25>     |    9.049|
rs_<18>        |result<26>     |    8.338|
rs_<18>        |result<27>     |    8.410|
rs_<18>        |result<28>     |    8.164|
rs_<18>        |result<29>     |    8.250|
rs_<18>        |result<30>     |    8.189|
rs_<18>        |result<31>     |    9.064|
rs_<18>        |signFlag       |    7.659|
rs_<18>        |zFlag          |    8.966|
rs_<19>        |carryFlag      |    7.126|
rs_<19>        |overflowFlag   |    8.073|
rs_<19>        |result<19>     |    8.263|
rs_<19>        |result<20>     |    7.882|
rs_<19>        |result<21>     |    8.484|
rs_<19>        |result<22>     |    7.972|
rs_<19>        |result<23>     |    8.278|
rs_<19>        |result<24>     |    7.924|
rs_<19>        |result<25>     |    9.186|
rs_<19>        |result<26>     |    8.475|
rs_<19>        |result<27>     |    8.547|
rs_<19>        |result<28>     |    8.301|
rs_<19>        |result<29>     |    8.387|
rs_<19>        |result<30>     |    8.326|
rs_<19>        |result<31>     |    9.201|
rs_<19>        |signFlag       |    7.796|
rs_<19>        |zFlag          |    9.103|
rs_<20>        |carryFlag      |    6.920|
rs_<20>        |overflowFlag   |    7.867|
rs_<20>        |result<20>     |    7.510|
rs_<20>        |result<21>     |    8.149|
rs_<20>        |result<22>     |    7.732|
rs_<20>        |result<23>     |    8.045|
rs_<20>        |result<24>     |    7.718|
rs_<20>        |result<25>     |    8.980|
rs_<20>        |result<26>     |    8.269|
rs_<20>        |result<27>     |    8.341|
rs_<20>        |result<28>     |    8.095|
rs_<20>        |result<29>     |    8.181|
rs_<20>        |result<30>     |    8.120|
rs_<20>        |result<31>     |    8.995|
rs_<20>        |signFlag       |    7.590|
rs_<20>        |zFlag          |    8.870|
rs_<21>        |carryFlag      |    6.858|
rs_<21>        |overflowFlag   |    7.805|
rs_<21>        |result<21>     |    8.016|
rs_<21>        |result<22>     |    7.678|
rs_<21>        |result<23>     |    7.979|
rs_<21>        |result<24>     |    7.656|
rs_<21>        |result<25>     |    8.918|
rs_<21>        |result<26>     |    8.207|
rs_<21>        |result<27>     |    8.279|
rs_<21>        |result<28>     |    8.033|
rs_<21>        |result<29>     |    8.119|
rs_<21>        |result<30>     |    8.058|
rs_<21>        |result<31>     |    8.933|
rs_<21>        |signFlag       |    7.528|
rs_<21>        |zFlag          |    8.804|
rs_<22>        |carryFlag      |    6.826|
rs_<22>        |overflowFlag   |    7.773|
rs_<22>        |result<22>     |    7.556|
rs_<22>        |result<23>     |    7.866|
rs_<22>        |result<24>     |    7.624|
rs_<22>        |result<25>     |    8.886|
rs_<22>        |result<26>     |    8.175|
rs_<22>        |result<27>     |    8.247|
rs_<22>        |result<28>     |    8.001|
rs_<22>        |result<29>     |    8.087|
rs_<22>        |result<30>     |    8.026|
rs_<22>        |result<31>     |    8.901|
rs_<22>        |signFlag       |    7.496|
rs_<22>        |zFlag          |    8.691|
rs_<23>        |carryFlag      |    6.517|
rs_<23>        |overflowFlag   |    7.464|
rs_<23>        |result<23>     |    7.513|
rs_<23>        |result<24>     |    7.315|
rs_<23>        |result<25>     |    8.577|
rs_<23>        |result<26>     |    7.866|
rs_<23>        |result<27>     |    7.938|
rs_<23>        |result<28>     |    7.692|
rs_<23>        |result<29>     |    7.778|
rs_<23>        |result<30>     |    7.717|
rs_<23>        |result<31>     |    8.592|
rs_<23>        |signFlag       |    7.187|
rs_<23>        |zFlag          |    8.376|
rs_<24>        |carryFlag      |    6.688|
rs_<24>        |overflowFlag   |    7.635|
rs_<24>        |result<24>     |    7.320|
rs_<24>        |result<25>     |    8.619|
rs_<24>        |result<26>     |    8.003|
rs_<24>        |result<27>     |    8.082|
rs_<24>        |result<28>     |    7.863|
rs_<24>        |result<29>     |    7.949|
rs_<24>        |result<30>     |    7.888|
rs_<24>        |result<31>     |    8.763|
rs_<24>        |signFlag       |    7.358|
rs_<24>        |zFlag          |    8.547|
rs_<25>        |carryFlag      |    6.717|
rs_<25>        |overflowFlag   |    7.664|
rs_<25>        |result<25>     |    8.577|
rs_<25>        |result<26>     |    8.040|
rs_<25>        |result<27>     |    8.107|
rs_<25>        |result<28>     |    7.892|
rs_<25>        |result<29>     |    7.978|
rs_<25>        |result<30>     |    7.917|
rs_<25>        |result<31>     |    8.792|
rs_<25>        |signFlag       |    7.387|
rs_<25>        |zFlag          |    8.576|
rs_<26>        |carryFlag      |    6.580|
rs_<26>        |overflowFlag   |    7.527|
rs_<26>        |result<26>     |    7.813|
rs_<26>        |result<27>     |    7.889|
rs_<26>        |result<28>     |    7.755|
rs_<26>        |result<29>     |    7.841|
rs_<26>        |result<30>     |    7.780|
rs_<26>        |result<31>     |    8.655|
rs_<26>        |signFlag       |    7.250|
rs_<26>        |zFlag          |    8.439|
rs_<27>        |carryFlag      |    6.279|
rs_<27>        |overflowFlag   |    7.226|
rs_<27>        |result<27>     |    7.544|
rs_<27>        |result<28>     |    7.454|
rs_<27>        |result<29>     |    7.540|
rs_<27>        |result<30>     |    7.479|
rs_<27>        |result<31>     |    8.354|
rs_<27>        |signFlag       |    6.949|
rs_<27>        |zFlag          |    8.138|
rs_<28>        |carryFlag      |    6.234|
rs_<28>        |overflowFlag   |    7.153|
rs_<28>        |result<28>     |    7.243|
rs_<28>        |result<29>     |    7.366|
rs_<28>        |result<30>     |    7.400|
rs_<28>        |result<31>     |    8.281|
rs_<28>        |signFlag       |    6.876|
rs_<28>        |zFlag          |    8.059|
rs_<29>        |carryFlag      |    6.307|
rs_<29>        |overflowFlag   |    7.222|
rs_<29>        |result<29>     |    7.368|
rs_<29>        |result<30>     |    7.481|
rs_<29>        |result<31>     |    8.350|
rs_<29>        |signFlag       |    6.945|
rs_<29>        |zFlag          |    8.140|
rs_<30>        |carryFlag      |    6.206|
rs_<30>        |overflowFlag   |    7.040|
rs_<30>        |result<30>     |    7.290|
rs_<30>        |result<31>     |    8.168|
rs_<30>        |signFlag       |    6.763|
rs_<30>        |zFlag          |    7.949|
rs_<31>        |carryFlag      |    6.438|
rs_<31>        |overflowFlag   |    7.228|
rs_<31>        |result<31>     |    8.356|
rs_<31>        |signFlag       |    6.951|
rs_<31>        |zFlag          |    7.791|
rt_<0>         |carryFlag      |    8.145|
rt_<0>         |overflowFlag   |    9.092|
rt_<0>         |result<0>      |    8.297|
rt_<0>         |result<1>      |    8.553|
rt_<0>         |result<2>      |    8.138|
rt_<0>         |result<3>      |    8.278|
rt_<0>         |result<4>      |    8.554|
rt_<0>         |result<5>      |    8.928|
rt_<0>         |result<6>      |    8.893|
rt_<0>         |result<7>      |    8.659|
rt_<0>         |result<8>      |    8.637|
rt_<0>         |result<9>      |    8.578|
rt_<0>         |result<10>     |    9.061|
rt_<0>         |result<11>     |    8.969|
rt_<0>         |result<12>     |    8.821|
rt_<0>         |result<13>     |    8.893|
rt_<0>         |result<14>     |    8.845|
rt_<0>         |result<15>     |    9.006|
rt_<0>         |result<16>     |    8.962|
rt_<0>         |result<17>     |    9.344|
rt_<0>         |result<18>     |    9.178|
rt_<0>         |result<19>     |    9.438|
rt_<0>         |result<20>     |    8.901|
rt_<0>         |result<21>     |    9.503|
rt_<0>         |result<22>     |    8.991|
rt_<0>         |result<23>     |    9.297|
rt_<0>         |result<24>     |    8.943|
rt_<0>         |result<25>     |   10.205|
rt_<0>         |result<26>     |    9.494|
rt_<0>         |result<27>     |    9.566|
rt_<0>         |result<28>     |    9.320|
rt_<0>         |result<29>     |    9.406|
rt_<0>         |result<30>     |    9.345|
rt_<0>         |result<31>     |   10.220|
rt_<0>         |signFlag       |    8.815|
rt_<0>         |zFlag          |   10.122|
rt_<1>         |carryFlag      |    7.946|
rt_<1>         |overflowFlag   |    8.893|
rt_<1>         |result<1>      |    7.930|
rt_<1>         |result<2>      |    7.943|
rt_<1>         |result<3>      |    8.080|
rt_<1>         |result<4>      |    8.355|
rt_<1>         |result<5>      |    8.729|
rt_<1>         |result<6>      |    8.694|
rt_<1>         |result<7>      |    8.460|
rt_<1>         |result<8>      |    8.438|
rt_<1>         |result<9>      |    8.379|
rt_<1>         |result<10>     |    8.862|
rt_<1>         |result<11>     |    8.770|
rt_<1>         |result<12>     |    8.622|
rt_<1>         |result<13>     |    8.694|
rt_<1>         |result<14>     |    8.646|
rt_<1>         |result<15>     |    8.807|
rt_<1>         |result<16>     |    8.763|
rt_<1>         |result<17>     |    9.145|
rt_<1>         |result<18>     |    8.979|
rt_<1>         |result<19>     |    9.239|
rt_<1>         |result<20>     |    8.702|
rt_<1>         |result<21>     |    9.304|
rt_<1>         |result<22>     |    8.792|
rt_<1>         |result<23>     |    9.098|
rt_<1>         |result<24>     |    8.744|
rt_<1>         |result<25>     |   10.006|
rt_<1>         |result<26>     |    9.295|
rt_<1>         |result<27>     |    9.367|
rt_<1>         |result<28>     |    9.121|
rt_<1>         |result<29>     |    9.207|
rt_<1>         |result<30>     |    9.146|
rt_<1>         |result<31>     |   10.021|
rt_<1>         |signFlag       |    8.616|
rt_<1>         |zFlag          |    9.923|
rt_<2>         |carryFlag      |    7.368|
rt_<2>         |overflowFlag   |    8.315|
rt_<2>         |result<2>      |    7.263|
rt_<2>         |result<3>      |    7.475|
rt_<2>         |result<4>      |    7.777|
rt_<2>         |result<5>      |    8.151|
rt_<2>         |result<6>      |    8.116|
rt_<2>         |result<7>      |    7.882|
rt_<2>         |result<8>      |    7.860|
rt_<2>         |result<9>      |    7.801|
rt_<2>         |result<10>     |    8.284|
rt_<2>         |result<11>     |    8.192|
rt_<2>         |result<12>     |    8.044|
rt_<2>         |result<13>     |    8.116|
rt_<2>         |result<14>     |    8.068|
rt_<2>         |result<15>     |    8.229|
rt_<2>         |result<16>     |    8.185|
rt_<2>         |result<17>     |    8.567|
rt_<2>         |result<18>     |    8.401|
rt_<2>         |result<19>     |    8.661|
rt_<2>         |result<20>     |    8.124|
rt_<2>         |result<21>     |    8.726|
rt_<2>         |result<22>     |    8.214|
rt_<2>         |result<23>     |    8.520|
rt_<2>         |result<24>     |    8.166|
rt_<2>         |result<25>     |    9.428|
rt_<2>         |result<26>     |    8.717|
rt_<2>         |result<27>     |    8.789|
rt_<2>         |result<28>     |    8.543|
rt_<2>         |result<29>     |    8.629|
rt_<2>         |result<30>     |    8.568|
rt_<2>         |result<31>     |    9.443|
rt_<2>         |signFlag       |    8.038|
rt_<2>         |zFlag          |    9.345|
rt_<3>         |carryFlag      |    7.629|
rt_<3>         |overflowFlag   |    8.576|
rt_<3>         |result<3>      |    7.478|
rt_<3>         |result<4>      |    8.038|
rt_<3>         |result<5>      |    8.412|
rt_<3>         |result<6>      |    8.377|
rt_<3>         |result<7>      |    8.143|
rt_<3>         |result<8>      |    8.121|
rt_<3>         |result<9>      |    8.062|
rt_<3>         |result<10>     |    8.545|
rt_<3>         |result<11>     |    8.453|
rt_<3>         |result<12>     |    8.305|
rt_<3>         |result<13>     |    8.377|
rt_<3>         |result<14>     |    8.329|
rt_<3>         |result<15>     |    8.490|
rt_<3>         |result<16>     |    8.446|
rt_<3>         |result<17>     |    8.828|
rt_<3>         |result<18>     |    8.662|
rt_<3>         |result<19>     |    8.922|
rt_<3>         |result<20>     |    8.385|
rt_<3>         |result<21>     |    8.987|
rt_<3>         |result<22>     |    8.475|
rt_<3>         |result<23>     |    8.781|
rt_<3>         |result<24>     |    8.427|
rt_<3>         |result<25>     |    9.689|
rt_<3>         |result<26>     |    8.978|
rt_<3>         |result<27>     |    9.050|
rt_<3>         |result<28>     |    8.804|
rt_<3>         |result<29>     |    8.890|
rt_<3>         |result<30>     |    8.829|
rt_<3>         |result<31>     |    9.704|
rt_<3>         |signFlag       |    8.299|
rt_<3>         |zFlag          |    9.606|
rt_<4>         |carryFlag      |    7.589|
rt_<4>         |overflowFlag   |    8.536|
rt_<4>         |result<4>      |    7.648|
rt_<4>         |result<5>      |    8.240|
rt_<4>         |result<6>      |    8.306|
rt_<4>         |result<7>      |    8.078|
rt_<4>         |result<8>      |    8.081|
rt_<4>         |result<9>      |    8.022|
rt_<4>         |result<10>     |    8.505|
rt_<4>         |result<11>     |    8.413|
rt_<4>         |result<12>     |    8.265|
rt_<4>         |result<13>     |    8.337|
rt_<4>         |result<14>     |    8.289|
rt_<4>         |result<15>     |    8.450|
rt_<4>         |result<16>     |    8.406|
rt_<4>         |result<17>     |    8.788|
rt_<4>         |result<18>     |    8.622|
rt_<4>         |result<19>     |    8.882|
rt_<4>         |result<20>     |    8.345|
rt_<4>         |result<21>     |    8.947|
rt_<4>         |result<22>     |    8.435|
rt_<4>         |result<23>     |    8.741|
rt_<4>         |result<24>     |    8.387|
rt_<4>         |result<25>     |    9.649|
rt_<4>         |result<26>     |    8.938|
rt_<4>         |result<27>     |    9.010|
rt_<4>         |result<28>     |    8.764|
rt_<4>         |result<29>     |    8.850|
rt_<4>         |result<30>     |    8.789|
rt_<4>         |result<31>     |    9.664|
rt_<4>         |signFlag       |    8.259|
rt_<4>         |zFlag          |    9.566|
rt_<5>         |carryFlag      |    7.565|
rt_<5>         |overflowFlag   |    8.512|
rt_<5>         |result<5>      |    7.762|
rt_<5>         |result<6>      |    8.283|
rt_<5>         |result<7>      |    8.053|
rt_<5>         |result<8>      |    8.057|
rt_<5>         |result<9>      |    7.998|
rt_<5>         |result<10>     |    8.481|
rt_<5>         |result<11>     |    8.389|
rt_<5>         |result<12>     |    8.241|
rt_<5>         |result<13>     |    8.313|
rt_<5>         |result<14>     |    8.265|
rt_<5>         |result<15>     |    8.426|
rt_<5>         |result<16>     |    8.382|
rt_<5>         |result<17>     |    8.764|
rt_<5>         |result<18>     |    8.598|
rt_<5>         |result<19>     |    8.858|
rt_<5>         |result<20>     |    8.321|
rt_<5>         |result<21>     |    8.923|
rt_<5>         |result<22>     |    8.411|
rt_<5>         |result<23>     |    8.717|
rt_<5>         |result<24>     |    8.363|
rt_<5>         |result<25>     |    9.625|
rt_<5>         |result<26>     |    8.914|
rt_<5>         |result<27>     |    8.986|
rt_<5>         |result<28>     |    8.740|
rt_<5>         |result<29>     |    8.826|
rt_<5>         |result<30>     |    8.765|
rt_<5>         |result<31>     |    9.640|
rt_<5>         |signFlag       |    8.235|
rt_<5>         |zFlag          |    9.542|
rt_<6>         |carryFlag      |    7.414|
rt_<6>         |overflowFlag   |    8.361|
rt_<6>         |result<6>      |    7.706|
rt_<6>         |result<7>      |    7.875|
rt_<6>         |result<8>      |    7.906|
rt_<6>         |result<9>      |    7.847|
rt_<6>         |result<10>     |    8.330|
rt_<6>         |result<11>     |    8.238|
rt_<6>         |result<12>     |    8.090|
rt_<6>         |result<13>     |    8.162|
rt_<6>         |result<14>     |    8.114|
rt_<6>         |result<15>     |    8.275|
rt_<6>         |result<16>     |    8.231|
rt_<6>         |result<17>     |    8.613|
rt_<6>         |result<18>     |    8.447|
rt_<6>         |result<19>     |    8.707|
rt_<6>         |result<20>     |    8.170|
rt_<6>         |result<21>     |    8.772|
rt_<6>         |result<22>     |    8.260|
rt_<6>         |result<23>     |    8.566|
rt_<6>         |result<24>     |    8.212|
rt_<6>         |result<25>     |    9.474|
rt_<6>         |result<26>     |    8.763|
rt_<6>         |result<27>     |    8.835|
rt_<6>         |result<28>     |    8.589|
rt_<6>         |result<29>     |    8.675|
rt_<6>         |result<30>     |    8.614|
rt_<6>         |result<31>     |    9.489|
rt_<6>         |signFlag       |    8.084|
rt_<6>         |zFlag          |    9.391|
rt_<7>         |carryFlag      |    7.303|
rt_<7>         |overflowFlag   |    8.250|
rt_<7>         |result<7>      |    7.513|
rt_<7>         |result<8>      |    7.795|
rt_<7>         |result<9>      |    7.736|
rt_<7>         |result<10>     |    8.219|
rt_<7>         |result<11>     |    8.127|
rt_<7>         |result<12>     |    7.979|
rt_<7>         |result<13>     |    8.051|
rt_<7>         |result<14>     |    8.003|
rt_<7>         |result<15>     |    8.164|
rt_<7>         |result<16>     |    8.120|
rt_<7>         |result<17>     |    8.502|
rt_<7>         |result<18>     |    8.336|
rt_<7>         |result<19>     |    8.596|
rt_<7>         |result<20>     |    8.059|
rt_<7>         |result<21>     |    8.661|
rt_<7>         |result<22>     |    8.149|
rt_<7>         |result<23>     |    8.455|
rt_<7>         |result<24>     |    8.101|
rt_<7>         |result<25>     |    9.363|
rt_<7>         |result<26>     |    8.652|
rt_<7>         |result<27>     |    8.724|
rt_<7>         |result<28>     |    8.478|
rt_<7>         |result<29>     |    8.564|
rt_<7>         |result<30>     |    8.503|
rt_<7>         |result<31>     |    9.378|
rt_<7>         |signFlag       |    7.973|
rt_<7>         |zFlag          |    9.280|
rt_<8>         |carryFlag      |    7.404|
rt_<8>         |overflowFlag   |    8.351|
rt_<8>         |result<8>      |    7.396|
rt_<8>         |result<9>      |    7.705|
rt_<8>         |result<10>     |    8.289|
rt_<8>         |result<11>     |    8.203|
rt_<8>         |result<12>     |    8.080|
rt_<8>         |result<13>     |    8.152|
rt_<8>         |result<14>     |    8.104|
rt_<8>         |result<15>     |    8.265|
rt_<8>         |result<16>     |    8.221|
rt_<8>         |result<17>     |    8.603|
rt_<8>         |result<18>     |    8.437|
rt_<8>         |result<19>     |    8.697|
rt_<8>         |result<20>     |    8.160|
rt_<8>         |result<21>     |    8.762|
rt_<8>         |result<22>     |    8.250|
rt_<8>         |result<23>     |    8.556|
rt_<8>         |result<24>     |    8.202|
rt_<8>         |result<25>     |    9.464|
rt_<8>         |result<26>     |    8.753|
rt_<8>         |result<27>     |    8.825|
rt_<8>         |result<28>     |    8.579|
rt_<8>         |result<29>     |    8.665|
rt_<8>         |result<30>     |    8.604|
rt_<8>         |result<31>     |    9.479|
rt_<8>         |signFlag       |    8.074|
rt_<8>         |zFlag          |    9.381|
rt_<9>         |carryFlag      |    7.072|
rt_<9>         |overflowFlag   |    8.019|
rt_<9>         |result<9>      |    7.232|
rt_<9>         |result<10>     |    7.958|
rt_<9>         |result<11>     |    7.870|
rt_<9>         |result<12>     |    7.748|
rt_<9>         |result<13>     |    7.820|
rt_<9>         |result<14>     |    7.772|
rt_<9>         |result<15>     |    7.933|
rt_<9>         |result<16>     |    7.889|
rt_<9>         |result<17>     |    8.271|
rt_<9>         |result<18>     |    8.105|
rt_<9>         |result<19>     |    8.365|
rt_<9>         |result<20>     |    7.828|
rt_<9>         |result<21>     |    8.430|
rt_<9>         |result<22>     |    7.918|
rt_<9>         |result<23>     |    8.224|
rt_<9>         |result<24>     |    7.870|
rt_<9>         |result<25>     |    9.132|
rt_<9>         |result<26>     |    8.421|
rt_<9>         |result<27>     |    8.493|
rt_<9>         |result<28>     |    8.247|
rt_<9>         |result<29>     |    8.333|
rt_<9>         |result<30>     |    8.272|
rt_<9>         |result<31>     |    9.147|
rt_<9>         |signFlag       |    7.742|
rt_<9>         |zFlag          |    9.049|
rt_<10>        |carryFlag      |    7.239|
rt_<10>        |overflowFlag   |    8.186|
rt_<10>        |result<10>     |    7.847|
rt_<10>        |result<11>     |    8.010|
rt_<10>        |result<12>     |    7.915|
rt_<10>        |result<13>     |    7.987|
rt_<10>        |result<14>     |    7.939|
rt_<10>        |result<15>     |    8.100|
rt_<10>        |result<16>     |    8.056|
rt_<10>        |result<17>     |    8.438|
rt_<10>        |result<18>     |    8.272|
rt_<10>        |result<19>     |    8.532|
rt_<10>        |result<20>     |    7.995|
rt_<10>        |result<21>     |    8.597|
rt_<10>        |result<22>     |    8.085|
rt_<10>        |result<23>     |    8.391|
rt_<10>        |result<24>     |    8.037|
rt_<10>        |result<25>     |    9.299|
rt_<10>        |result<26>     |    8.588|
rt_<10>        |result<27>     |    8.660|
rt_<10>        |result<28>     |    8.414|
rt_<10>        |result<29>     |    8.500|
rt_<10>        |result<30>     |    8.439|
rt_<10>        |result<31>     |    9.314|
rt_<10>        |signFlag       |    7.909|
rt_<10>        |zFlag          |    9.216|
rt_<11>        |carryFlag      |    7.290|
rt_<11>        |overflowFlag   |    8.237|
rt_<11>        |result<11>     |    7.641|
rt_<11>        |result<12>     |    7.966|
rt_<11>        |result<13>     |    8.038|
rt_<11>        |result<14>     |    7.990|
rt_<11>        |result<15>     |    8.151|
rt_<11>        |result<16>     |    8.107|
rt_<11>        |result<17>     |    8.489|
rt_<11>        |result<18>     |    8.323|
rt_<11>        |result<19>     |    8.583|
rt_<11>        |result<20>     |    8.046|
rt_<11>        |result<21>     |    8.648|
rt_<11>        |result<22>     |    8.136|
rt_<11>        |result<23>     |    8.442|
rt_<11>        |result<24>     |    8.088|
rt_<11>        |result<25>     |    9.350|
rt_<11>        |result<26>     |    8.639|
rt_<11>        |result<27>     |    8.711|
rt_<11>        |result<28>     |    8.465|
rt_<11>        |result<29>     |    8.551|
rt_<11>        |result<30>     |    8.490|
rt_<11>        |result<31>     |    9.365|
rt_<11>        |signFlag       |    7.960|
rt_<11>        |zFlag          |    9.267|
rt_<12>        |carryFlag      |    6.929|
rt_<12>        |overflowFlag   |    7.876|
rt_<12>        |result<12>     |    7.149|
rt_<12>        |result<13>     |    7.545|
rt_<12>        |result<14>     |    7.598|
rt_<12>        |result<15>     |    7.765|
rt_<12>        |result<16>     |    7.746|
rt_<12>        |result<17>     |    8.128|
rt_<12>        |result<18>     |    7.962|
rt_<12>        |result<19>     |    8.222|
rt_<12>        |result<20>     |    7.685|
rt_<12>        |result<21>     |    8.287|
rt_<12>        |result<22>     |    7.775|
rt_<12>        |result<23>     |    8.081|
rt_<12>        |result<24>     |    7.727|
rt_<12>        |result<25>     |    8.989|
rt_<12>        |result<26>     |    8.278|
rt_<12>        |result<27>     |    8.350|
rt_<12>        |result<28>     |    8.104|
rt_<12>        |result<29>     |    8.190|
rt_<12>        |result<30>     |    8.129|
rt_<12>        |result<31>     |    9.004|
rt_<12>        |signFlag       |    7.599|
rt_<12>        |zFlag          |    8.906|
rt_<13>        |carryFlag      |    6.936|
rt_<13>        |overflowFlag   |    7.883|
rt_<13>        |result<13>     |    7.402|
rt_<13>        |result<14>     |    7.606|
rt_<13>        |result<15>     |    7.771|
rt_<13>        |result<16>     |    7.753|
rt_<13>        |result<17>     |    8.135|
rt_<13>        |result<18>     |    7.969|
rt_<13>        |result<19>     |    8.229|
rt_<13>        |result<20>     |    7.692|
rt_<13>        |result<21>     |    8.294|
rt_<13>        |result<22>     |    7.782|
rt_<13>        |result<23>     |    8.088|
rt_<13>        |result<24>     |    7.734|
rt_<13>        |result<25>     |    8.996|
rt_<13>        |result<26>     |    8.285|
rt_<13>        |result<27>     |    8.357|
rt_<13>        |result<28>     |    8.111|
rt_<13>        |result<29>     |    8.197|
rt_<13>        |result<30>     |    8.136|
rt_<13>        |result<31>     |    9.011|
rt_<13>        |signFlag       |    7.606|
rt_<13>        |zFlag          |    8.913|
rt_<14>        |carryFlag      |    6.904|
rt_<14>        |overflowFlag   |    7.851|
rt_<14>        |result<14>     |    7.488|
rt_<14>        |result<15>     |    7.683|
rt_<14>        |result<16>     |    7.721|
rt_<14>        |result<17>     |    8.103|
rt_<14>        |result<18>     |    7.937|
rt_<14>        |result<19>     |    8.197|
rt_<14>        |result<20>     |    7.660|
rt_<14>        |result<21>     |    8.262|
rt_<14>        |result<22>     |    7.750|
rt_<14>        |result<23>     |    8.056|
rt_<14>        |result<24>     |    7.702|
rt_<14>        |result<25>     |    8.964|
rt_<14>        |result<26>     |    8.253|
rt_<14>        |result<27>     |    8.325|
rt_<14>        |result<28>     |    8.079|
rt_<14>        |result<29>     |    8.165|
rt_<14>        |result<30>     |    8.104|
rt_<14>        |result<31>     |    8.979|
rt_<14>        |signFlag       |    7.574|
rt_<14>        |zFlag          |    8.881|
rt_<15>        |carryFlag      |    6.998|
rt_<15>        |overflowFlag   |    7.945|
rt_<15>        |result<15>     |    7.703|
rt_<15>        |result<16>     |    7.815|
rt_<15>        |result<17>     |    8.197|
rt_<15>        |result<18>     |    8.031|
rt_<15>        |result<19>     |    8.291|
rt_<15>        |result<20>     |    7.754|
rt_<15>        |result<21>     |    8.356|
rt_<15>        |result<22>     |    7.844|
rt_<15>        |result<23>     |    8.150|
rt_<15>        |result<24>     |    7.796|
rt_<15>        |result<25>     |    9.058|
rt_<15>        |result<26>     |    8.347|
rt_<15>        |result<27>     |    8.419|
rt_<15>        |result<28>     |    8.173|
rt_<15>        |result<29>     |    8.259|
rt_<15>        |result<30>     |    8.198|
rt_<15>        |result<31>     |    9.073|
rt_<15>        |signFlag       |    7.668|
rt_<15>        |zFlag          |    8.975|
rt_<16>        |carryFlag      |    7.099|
rt_<16>        |overflowFlag   |    8.046|
rt_<16>        |result<16>     |    7.590|
rt_<16>        |result<17>     |    8.166|
rt_<16>        |result<18>     |    8.101|
rt_<16>        |result<19>     |    8.367|
rt_<16>        |result<20>     |    7.855|
rt_<16>        |result<21>     |    8.457|
rt_<16>        |result<22>     |    7.945|
rt_<16>        |result<23>     |    8.251|
rt_<16>        |result<24>     |    7.897|
rt_<16>        |result<25>     |    9.159|
rt_<16>        |result<26>     |    8.448|
rt_<16>        |result<27>     |    8.520|
rt_<16>        |result<28>     |    8.274|
rt_<16>        |result<29>     |    8.360|
rt_<16>        |result<30>     |    8.299|
rt_<16>        |result<31>     |    9.174|
rt_<16>        |signFlag       |    7.769|
rt_<16>        |zFlag          |    9.076|
rt_<17>        |carryFlag      |    6.897|
rt_<17>        |overflowFlag   |    7.844|
rt_<17>        |result<17>     |    7.638|
rt_<17>        |result<18>     |    7.900|
rt_<17>        |result<19>     |    8.164|
rt_<17>        |result<20>     |    7.653|
rt_<17>        |result<21>     |    8.255|
rt_<17>        |result<22>     |    7.743|
rt_<17>        |result<23>     |    8.049|
rt_<17>        |result<24>     |    7.695|
rt_<17>        |result<25>     |    8.957|
rt_<17>        |result<26>     |    8.246|
rt_<17>        |result<27>     |    8.318|
rt_<17>        |result<28>     |    8.072|
rt_<17>        |result<29>     |    8.158|
rt_<17>        |result<30>     |    8.097|
rt_<17>        |result<31>     |    8.972|
rt_<17>        |signFlag       |    7.567|
rt_<17>        |zFlag          |    8.874|
rt_<18>        |carryFlag      |    6.999|
rt_<18>        |overflowFlag   |    7.946|
rt_<18>        |result<18>     |    7.842|
rt_<18>        |result<19>     |    8.239|
rt_<18>        |result<20>     |    7.755|
rt_<18>        |result<21>     |    8.357|
rt_<18>        |result<22>     |    7.845|
rt_<18>        |result<23>     |    8.151|
rt_<18>        |result<24>     |    7.797|
rt_<18>        |result<25>     |    9.059|
rt_<18>        |result<26>     |    8.348|
rt_<18>        |result<27>     |    8.420|
rt_<18>        |result<28>     |    8.174|
rt_<18>        |result<29>     |    8.260|
rt_<18>        |result<30>     |    8.199|
rt_<18>        |result<31>     |    9.074|
rt_<18>        |signFlag       |    7.669|
rt_<18>        |zFlag          |    8.976|
rt_<19>        |carryFlag      |    6.877|
rt_<19>        |overflowFlag   |    7.824|
rt_<19>        |result<19>     |    7.586|
rt_<19>        |result<20>     |    7.633|
rt_<19>        |result<21>     |    8.235|
rt_<19>        |result<22>     |    7.723|
rt_<19>        |result<23>     |    8.029|
rt_<19>        |result<24>     |    7.675|
rt_<19>        |result<25>     |    8.937|
rt_<19>        |result<26>     |    8.226|
rt_<19>        |result<27>     |    8.298|
rt_<19>        |result<28>     |    8.052|
rt_<19>        |result<29>     |    8.138|
rt_<19>        |result<30>     |    8.077|
rt_<19>        |result<31>     |    8.952|
rt_<19>        |signFlag       |    7.547|
rt_<19>        |zFlag          |    8.854|
rt_<20>        |carryFlag      |    6.822|
rt_<20>        |overflowFlag   |    7.769|
rt_<20>        |result<20>     |    7.412|
rt_<20>        |result<21>     |    8.051|
rt_<20>        |result<22>     |    7.634|
rt_<20>        |result<23>     |    7.947|
rt_<20>        |result<24>     |    7.620|
rt_<20>        |result<25>     |    8.882|
rt_<20>        |result<26>     |    8.171|
rt_<20>        |result<27>     |    8.243|
rt_<20>        |result<28>     |    7.997|
rt_<20>        |result<29>     |    8.083|
rt_<20>        |result<30>     |    8.022|
rt_<20>        |result<31>     |    8.897|
rt_<20>        |signFlag       |    7.492|
rt_<20>        |zFlag          |    8.772|
rt_<21>        |carryFlag      |    6.730|
rt_<21>        |overflowFlag   |    7.677|
rt_<21>        |result<21>     |    7.888|
rt_<21>        |result<22>     |    7.550|
rt_<21>        |result<23>     |    7.851|
rt_<21>        |result<24>     |    7.528|
rt_<21>        |result<25>     |    8.790|
rt_<21>        |result<26>     |    8.079|
rt_<21>        |result<27>     |    8.151|
rt_<21>        |result<28>     |    7.905|
rt_<21>        |result<29>     |    7.991|
rt_<21>        |result<30>     |    7.930|
rt_<21>        |result<31>     |    8.805|
rt_<21>        |signFlag       |    7.400|
rt_<21>        |zFlag          |    8.676|
rt_<22>        |carryFlag      |    6.829|
rt_<22>        |overflowFlag   |    7.776|
rt_<22>        |result<22>     |    7.232|
rt_<22>        |result<23>     |    7.928|
rt_<22>        |result<24>     |    7.627|
rt_<22>        |result<25>     |    8.889|
rt_<22>        |result<26>     |    8.178|
rt_<22>        |result<27>     |    8.250|
rt_<22>        |result<28>     |    8.004|
rt_<22>        |result<29>     |    8.090|
rt_<22>        |result<30>     |    8.029|
rt_<22>        |result<31>     |    8.904|
rt_<22>        |signFlag       |    7.499|
rt_<22>        |zFlag          |    8.753|
rt_<23>        |carryFlag      |    6.367|
rt_<23>        |overflowFlag   |    7.314|
rt_<23>        |result<23>     |    7.319|
rt_<23>        |result<24>     |    7.165|
rt_<23>        |result<25>     |    8.427|
rt_<23>        |result<26>     |    7.716|
rt_<23>        |result<27>     |    7.788|
rt_<23>        |result<28>     |    7.542|
rt_<23>        |result<29>     |    7.628|
rt_<23>        |result<30>     |    7.567|
rt_<23>        |result<31>     |    8.442|
rt_<23>        |signFlag       |    7.037|
rt_<23>        |zFlag          |    8.226|
rt_<24>        |carryFlag      |    6.471|
rt_<24>        |overflowFlag   |    7.418|
rt_<24>        |result<24>     |    6.871|
rt_<24>        |result<25>     |    8.399|
rt_<24>        |result<26>     |    7.789|
rt_<24>        |result<27>     |    7.867|
rt_<24>        |result<28>     |    7.646|
rt_<24>        |result<29>     |    7.732|
rt_<24>        |result<30>     |    7.671|
rt_<24>        |result<31>     |    8.546|
rt_<24>        |signFlag       |    7.141|
rt_<24>        |zFlag          |    8.330|
rt_<25>        |carryFlag      |    6.569|
rt_<25>        |overflowFlag   |    7.516|
rt_<25>        |result<25>     |    8.091|
rt_<25>        |result<26>     |    7.888|
rt_<25>        |result<27>     |    7.964|
rt_<25>        |result<28>     |    7.744|
rt_<25>        |result<29>     |    7.830|
rt_<25>        |result<30>     |    7.769|
rt_<25>        |result<31>     |    8.644|
rt_<25>        |signFlag       |    7.239|
rt_<25>        |zFlag          |    8.428|
rt_<26>        |carryFlag      |    6.648|
rt_<26>        |overflowFlag   |    7.595|
rt_<26>        |result<26>     |    7.499|
rt_<26>        |result<27>     |    8.016|
rt_<26>        |result<28>     |    7.823|
rt_<26>        |result<29>     |    7.909|
rt_<26>        |result<30>     |    7.848|
rt_<26>        |result<31>     |    8.723|
rt_<26>        |signFlag       |    7.318|
rt_<26>        |zFlag          |    8.507|
rt_<27>        |carryFlag      |    6.334|
rt_<27>        |overflowFlag   |    7.281|
rt_<27>        |result<27>     |    7.449|
rt_<27>        |result<28>     |    7.509|
rt_<27>        |result<29>     |    7.595|
rt_<27>        |result<30>     |    7.534|
rt_<27>        |result<31>     |    8.409|
rt_<27>        |signFlag       |    7.004|
rt_<27>        |zFlag          |    8.193|
rt_<28>        |carryFlag      |    6.846|
rt_<28>        |overflowFlag   |    7.769|
rt_<28>        |result<28>     |    7.122|
rt_<28>        |result<29>     |    7.975|
rt_<28>        |result<30>     |    8.015|
rt_<28>        |result<31>     |    8.897|
rt_<28>        |signFlag       |    7.492|
rt_<28>        |zFlag          |    8.674|
rt_<29>        |carryFlag      |    6.379|
rt_<29>        |overflowFlag   |    7.301|
rt_<29>        |result<29>     |    7.241|
rt_<29>        |result<30>     |    7.549|
rt_<29>        |result<31>     |    8.429|
rt_<29>        |signFlag       |    7.024|
rt_<29>        |zFlag          |    8.208|
rt_<30>        |carryFlag      |    6.633|
rt_<30>        |overflowFlag   |    7.467|
rt_<30>        |result<30>     |    7.717|
rt_<30>        |result<31>     |    8.595|
rt_<30>        |signFlag       |    7.190|
rt_<30>        |zFlag          |    8.376|
rt_<31>        |carryFlag      |    6.751|
rt_<31>        |overflowFlag   |    7.105|
rt_<31>        |result<31>     |    8.233|
rt_<31>        |signFlag       |    6.828|
rt_<31>        |zFlag          |    7.668|
---------------+---------------+---------+


Analysis completed Sun Oct 06 14:41:38 2013 
--------------------------------------------------------------------------------

Trace Settings:
-------------------------
Trace Settings 

Peak Memory Usage: 399 MB



